
> agdi@2026.2.16 build C:\Users\anass\Documents\GitHub\Agdi
> pnpm canvas:a2ui:bundle && tsdown && pnpm build:plugin-sdk:dts && node --import tsx scripts/write-plugin-sdk-entry-dts.ts && node --import tsx scripts/canvas-a2ui-copy.ts && node --import tsx scripts/copy-hook-metadata.ts && node --import tsx scripts/write-build-info.ts && node --import tsx scripts/write-cli-compat.ts


> agdi@2026.2.16 canvas:a2ui:bundle C:\Users\anass\Documents\GitHub\Agdi
> bash scripts/bundle-a2ui.sh

A2UI sources missing and no prebuilt bundle found at: /mnt/c/Users/anass/Documents/GitHub/Agdi/src/canvas-host/a2ui/a2ui.bundle.js - Skipping for now.
[34mΓä╣[39m tsdown [2mv0.20.3[22m powered by rolldown [2mv1.0.0-rc.3[22m
[34mΓä╣[39m config file: [4mC:\Users\anass\Documents\GitHub\Agdi\tsdown.config.ts[24m 
[34mΓä╣[39m entry: [34msrc\index.ts[39m
[34mΓä╣[39m target: [34mnode22.12.0[39m
[34mΓä╣[39m tsconfig: [34mtsconfig.json[39m
[34mΓä╣[39m entry: [34msrc\entry.ts[39m
[34mΓä╣[39m target: [34mnode22.12.0[39m
[34mΓä╣[39m tsconfig: [34mtsconfig.json[39m
[34mΓä╣[39m entry: [34msrc\infra\warning-filter.ts[39m
[34mΓä╣[39m target: [34mnode22.12.0[39m
[34mΓä╣[39m tsconfig: [34mtsconfig.json[39m
[34mΓä╣[39m entry: [34msrc\cli\daemon-cli.ts[39m
[34mΓä╣[39m target: [34mnode22.12.0[39m
[34mΓä╣[39m tsconfig: [34mtsconfig.json[39m
[34mΓä╣[39m entry: [34msrc\plugin-sdk\index.ts[39m
[34mΓä╣[39m target: [34mnode22.12.0[39m
[34mΓä╣[39m tsconfig: [34mtsconfig.json[39m
[34mΓä╣[39m entry: [34msrc\plugin-sdk\account-id.ts[39m
[34mΓä╣[39m target: [34mnode22.12.0[39m
[34mΓä╣[39m tsconfig: [34mtsconfig.json[39m
[34mΓä╣[39m entry: [34msrc\extensionAPI.ts[39m
[34mΓä╣[39m target: [34mnode22.12.0[39m
[34mΓä╣[39m tsconfig: [34mtsconfig.json[39m
[34mΓä╣[39m entry: [34msrc\hooks\llm-slug-generator.ts, src\hooks\bundled\boot-md\handler.ts, src\hooks\bundled\bootstrap-extra-files\handler.ts, src\hooks\bundled\command-logger\handler.ts, src\hooks\bundled\session-memory\handler.ts[39m
[34mΓä╣[39m target: [34mnode22.12.0[39m
[34mΓä╣[39m tsconfig: [34mtsconfig.json[39m
[34mΓä╣[39m Build start
[34mΓä╣[39m [2mdist\[22m[1mwarning-filter.js[22m  [2m1.73 kB[22m [2mΓöé gzip: 0.64 kB[22m
[34mΓä╣[39m 1 files, total: 1.73 kB
[34mΓä╣[39m [2mdist\plugin-sdk\[22m[1maccount-id.js[22m  [2m0.63 kB[22m [2mΓöé gzip: 0.35 kB[22m
[34mΓä╣[39m 1 files, total: 0.63 kB
[32mΓ£ö[39m Build complete in [32m767ms[39m
[32mΓ£ö[39m Build complete in [32m783ms[39m
[34mΓä╣[39m [2mdist\[22m[1mdaemon-cli.js[22m  [2m468.16 kB[22m [2mΓöé gzip: 99.61 kB[22m
[34mΓä╣[39m 1 files, total: 468.16 kB
[32mΓ£ö[39m Build complete in [32m987ms[39m
[34mΓä╣[39m [2mdist\plugin-sdk\[22m[1mindex.js[22m                          [2m 127.19 kB[22m [2mΓöé gzip: 30.03 kB[22m
[34mΓä╣[39m [2mdist\plugin-sdk\[22mreply-BUwFbMuY.js                 [2m2506.14 kB[22m
[34mΓä╣[39m [2mdist\plugin-sdk\[22mpi-embedded-helpers-DFsRJOSH.js   [2m 249.45 kB[22m [2mΓöé gzip: 57.17 kB[22m
[34mΓä╣[39m [2mdist\plugin-sdk\[22mconfig-3WonVC7P.js                [2m 206.35 kB[22m [2mΓöé gzip: 41.80 kB[22m
[34mΓä╣[39m [2mdist\plugin-sdk\[22mmanager-B0IEo7ai.js               [2m 118.17 kB[22m [2mΓöé gzip: 25.63 kB[22m
[34mΓä╣[39m [2mdist\plugin-sdk\[22mmodel-selection-BE8ItOb0.js       [2m 116.38 kB[22m [2mΓöé gzip: 26.54 kB[22m
[34mΓä╣[39m [2mdist\plugin-sdk\[22mchannel-web-CidxgMSl.js           [2m  81.33 kB[22m [2mΓöé gzip: 20.48 kB[22m
[34mΓä╣[39m [2mdist\plugin-sdk\[22mpw-ai-B-o5uvQ3.js                 [2m  62.35 kB[22m [2mΓöé gzip: 14.70 kB[22m
[34mΓä╣[39m [2mdist\plugin-sdk\[22mrunner-D92Z-eKI.js                [2m  59.80 kB[22m [2mΓöé gzip: 14.14 kB[22m
[34mΓä╣[39m [2mdist\plugin-sdk\[22mchrome-B2ZeLtdd.js                [2m  55.54 kB[22m [2mΓöé gzip: 14.15 kB[22m
[34mΓä╣[39m [2mdist\plugin-sdk\[22mdeliver-OklRWigF.js               [2m  55.38 kB[22m [2mΓöé gzip: 14.53 kB[22m
[34mΓä╣[39m [2mdist\plugin-sdk\[22mimage-idzFZ3My.js                 [2m  39.73 kB[22m [2mΓöé gzip: 10.47 kB[22m
[34mΓä╣[39m [2mdist\plugin-sdk\[22mregistry-ChE3vwoA.js              [2m  38.76 kB[22m [2mΓöé gzip: 11.51 kB[22m
[34mΓä╣[39m [2mdist\plugin-sdk\[22mthinking-Climqsna.js              [2m  36.09 kB[22m [2mΓöé gzip:  6.73 kB[22m
[34mΓä╣[39m [2mdist\plugin-sdk\[22mqmd-manager-gx433SWD.js           [2m  35.83 kB[22m [2mΓöé gzip:  9.69 kB[22m
[34mΓä╣[39m [2mdist\plugin-sdk\[22mskills-BKLkms3V.js                [2m  33.08 kB[22m [2mΓöé gzip:  8.63 kB[22m
[34mΓä╣[39m [2mdist\plugin-sdk\[22mcommands-registry-DLDCs42w.js     [2m  29.29 kB[22m [2mΓöé gzip:  6.67 kB[22m
[34mΓä╣[39m [2mdist\plugin-sdk\[22mir-CdeLT2g8.js                    [2m  27.43 kB[22m [2mΓöé gzip:  6.91 kB[22m
[34mΓä╣[39m [2mdist\plugin-sdk\[22mimage-ops-CA-nXaQo.js             [2m  22.48 kB[22m [2mΓöé gzip:  6.23 kB[22m
[34mΓä╣[39m [2mdist\plugin-sdk\[22mmanifest-registry-CYcDkoqj.js     [2m  20.58 kB[22m [2mΓöé gzip:  5.13 kB[22m
[34mΓä╣[39m [2mdist\plugin-sdk\[22mexec-DUqwxxYr.js                  [2m  20.28 kB[22m [2mΓöé gzip:  6.00 kB[22m
[34mΓä╣[39m [2mdist\plugin-sdk\[22magent-scope-CyT5Ml_1.js           [2m  19.23 kB[22m [2mΓöé gzip:  4.85 kB[22m
[34mΓä╣[39m [2mdist\plugin-sdk\[22mnormalize-C6EuXxfP.js             [2m  14.58 kB[22m [2mΓöé gzip:  3.17 kB[22m
[34mΓä╣[39m [2mdist\plugin-sdk\[22mreplies-D_N0s_1u.js               [2m  14.03 kB[22m [2mΓöé gzip:  4.15 kB[22m
[34mΓä╣[39m [2mdist\plugin-sdk\[22mchunk-CNUhraHt.js                 [2m  12.72 kB[22m [2mΓöé gzip:  3.50 kB[22m
[34mΓä╣[39m [2mdist\plugin-sdk\[22msqlite-GLttzvNA.js                [2m  12.11 kB[22m [2mΓöé gzip:  3.88 kB[22m
[34mΓä╣[39m [2mdist\plugin-sdk\[22mskill-commands-BCMcwY8I.js        [2m  12.07 kB[22m [2mΓöé gzip:  3.78 kB[22m
[34mΓä╣[39m [2mdist\plugin-sdk\[22mplugins-o4CTLvBk.js               [2m  11.40 kB[22m [2mΓöé gzip:  2.34 kB[22m
[34mΓä╣[39m [2mdist\plugin-sdk\[22mlogin-qr-BDKXFFaN.js              [2m  10.39 kB[22m [2mΓöé gzip:  3.61 kB[22m
[34mΓä╣[39m [2mdist\plugin-sdk\[22mresolve-route-C8emGNoS.js         [2m   9.20 kB[22m [2mΓöé gzip:  2.59 kB[22m
[34mΓä╣[39m [2mdist\plugin-sdk\[22mfetch-kdMsj-13.js                 [2m   8.67 kB[22m [2mΓöé gzip:  3.01 kB[22m
[34mΓä╣[39m [2mdist\plugin-sdk\[22maccounts-Bgh5HUmk.js              [2m   8.55 kB[22m [2mΓöé gzip:  2.59 kB[22m
[34mΓä╣[39m [2mdist\plugin-sdk\[22mpaths-ChMOyvKh.js                 [2m   8.04 kB[22m [2mΓöé gzip:  2.21 kB[22m
[34mΓä╣[39m [2mdist\plugin-sdk\[22moutbound-C2_SfP0H.js              [2m   7.49 kB[22m [2mΓöé gzip:  2.40 kB[22m
[34mΓä╣[39m [2mdist\plugin-sdk\[22msession-key-OcC-lU-t.js           [2m   7.39 kB[22m [2mΓöé gzip:  1.84 kB[22m
[34mΓä╣[39m [2mdist\plugin-sdk\[22msession-BIEHYFyg.js               [2m   6.51 kB[22m [2mΓöé gzip:  2.35 kB[22m
[34mΓä╣[39m [2mdist\plugin-sdk\[22mreply-prefix-dOKMSo3Q.js          [2m   6.47 kB[22m [2mΓöé gzip:  1.93 kB[22m
[34mΓä╣[39m [2mdist\plugin-sdk\[22mpaths-DCt2vNR8.js                 [2m   6.11 kB[22m [2mΓöé gzip:  1.65 kB[22m
[34mΓä╣[39m [2mdist\plugin-sdk\[22mtool-images-CXGIZoT_.js           [2m   4.88 kB[22m [2mΓöé gzip:  1.72 kB[22m
[34mΓä╣[39m [2mdist\plugin-sdk\[22mactive-listener-ipye5HKK.js       [2m   4.48 kB[22m [2mΓöé gzip:  1.52 kB[22m
[34mΓä╣[39m [2mdist\plugin-sdk\[22mgithub-copilot-token-BWyc6hKV.js  [2m   4.15 kB[22m [2mΓöé gzip:  1.59 kB[22m
[34mΓä╣[39m [2mdist\plugin-sdk\[22mcommon-DDdJHW0a.js                [2m   4.06 kB[22m [2mΓöé gzip:  1.25 kB[22m
[34mΓä╣[39m [2mdist\plugin-sdk\[22minbound-context-CSWKVVIY.js       [2m   3.95 kB[22m [2mΓöé gzip:  1.15 kB[22m
[34mΓä╣[39m [2mdist\plugin-sdk\[22mredact-DLALByE6.js                [2m   3.56 kB[22m [2mΓöé gzip:  1.40 kB[22m
[34mΓä╣[39m [2mdist\plugin-sdk\[22mrender-DW7AcFdD.js                [2m   3.29 kB[22m [2mΓöé gzip:  1.14 kB[22m
[34mΓä╣[39m [2mdist\plugin-sdk\[22mmessage-channel-PmZ6PQuJ.js       [2m   3.19 kB[22m [2mΓöé gzip:  1.06 kB[22m
[34mΓä╣[39m [2mdist\plugin-sdk\[22maudio-preflight-CU2jVUAt.js       [2m   2.93 kB[22m [2mΓöé gzip:  1.25 kB[22m
[34mΓä╣[39m [2mdist\plugin-sdk\[22mpi-auth-json-DLKxX16a.js          [2m   2.73 kB[22m [2mΓöé gzip:  1.13 kB[22m
[34mΓä╣[39m [2mdist\plugin-sdk\[22mlogin-BOmz_elk.js                 [2m   2.49 kB[22m [2mΓöé gzip:  1.09 kB[22m
[34mΓä╣[39m [2mdist\plugin-sdk\[22mwhatsapp-actions-BGEN7_um.js      [2m   2.24 kB[22m [2mΓöé gzip:  0.97 kB[22m
[34mΓä╣[39m [2mdist\plugin-sdk\[22mbindings-CHBpk1Jw.js              [2m   2.14 kB[22m [2mΓöé gzip:  0.70 kB[22m
[34mΓä╣[39m [2mdist\plugin-sdk\[22mweb-AYKOnmQK.js                   [2m   2.06 kB[22m [2mΓöé gzip:  0.91 kB[22m
[34mΓä╣[39m [2mdist\plugin-sdk\[22mcommand-format-jACKFOIO.js        [2m   1.91 kB[22m [2mΓöé gzip:  0.73 kB[22m
[34mΓä╣[39m [2mdist\plugin-sdk\[22mfetch-Bu6Xem03.js                 [2m   1.88 kB[22m [2mΓöé gzip:  0.67 kB[22m
[34mΓä╣[39m [2mdist\plugin-sdk\[22mmarkdown-tables-B7gLYjop.js       [2m   1.72 kB[22m [2mΓöé gzip:  0.70 kB[22m
[34mΓä╣[39m [2mdist\plugin-sdk\[22mconversation-label-C1Ak680S.js    [2m   1.51 kB[22m [2mΓöé gzip:  0.64 kB[22m
[34mΓä╣[39m [2mdist\plugin-sdk\[22mfetch-timeout-C8BI-XLt.js         [2m   1.37 kB[22m [2mΓöé gzip:  0.70 kB[22m
[34mΓä╣[39m [2mdist\plugin-sdk\[22merrors-DsAYQPj4.js                [2m   1.27 kB[22m [2mΓöé gzip:  0.54 kB[22m
[34mΓä╣[39m [2mdist\plugin-sdk\[22menv-B2uQOCoh.js                   [2m   1.11 kB[22m [2mΓöé gzip:  0.47 kB[22m
[34mΓä╣[39m [2mdist\plugin-sdk\[22mpi-model-discovery-DtR631Ph.js    [2m   0.84 kB[22m [2mΓöé gzip:  0.37 kB[22m
[34mΓä╣[39m [2mdist\plugin-sdk\[22mtranscript-events-Df8wfs2b.js     [2m   0.59 kB[22m [2mΓöé gzip:  0.29 kB[22m
[34mΓä╣[39m [2mdist\plugin-sdk\[22mproxy-DFbhCfpA.js                 [2m   0.58 kB[22m [2mΓöé gzip:  0.34 kB[22m
[34mΓä╣[39m [2mdist\plugin-sdk\[22mtokens-YOR5LBjr.js                [2m   0.52 kB[22m [2mΓöé gzip:  0.32 kB[22m
[34mΓä╣[39m [2mdist\plugin-sdk\[22mrolldown-runtime-Cbj13DAv.js      [2m   0.42 kB[22m [2mΓöé gzip:  0.28 kB[22m
[34mΓä╣[39m [2mdist\plugin-sdk\[22mchat-type-DKb2TlGZ.js             [2m   0.33 kB[22m [2mΓöé gzip:  0.20 kB[22m
[34mΓä╣[39m 65 files, total: 4176.82 kB
[32mΓ£ö[39m Build complete in [32m1837ms[39m
[34mΓä╣[39m [2mdist\[22m[1mextensionAPI.js[22m                   [2m   2.15 kB[22m [2mΓöé gzip:  0.89 kB[22m
[34mΓä╣[39m [2mdist\[22mpi-embedded-p4fbLQ3l.js           [2m2499.82 kB[22m
[34mΓä╣[39m [2mdist\[22mpi-embedded-helpers-BOEMksvd.js   [2m 249.35 kB[22m [2mΓöé gzip: 57.22 kB[22m
[34mΓä╣[39m [2mdist\[22mconfig-nzf1pbq3.js                [2m 205.82 kB[22m [2mΓöé gzip: 41.15 kB[22m
[34mΓä╣[39m [2mdist\[22mmanager-Bgkjf7I6.js               [2m 118.17 kB[22m [2mΓöé gzip: 25.58 kB[22m
[34mΓä╣[39m [2mdist\[22mmodel-selection-B7l1NsXu.js       [2m 116.36 kB[22m [2mΓöé gzip: 26.66 kB[22m
[34mΓä╣[39m [2mdist\[22mweb-s21mdHVz.js                   [2m  80.67 kB[22m [2mΓöé gzip: 20.53 kB[22m
[34mΓä╣[39m [2mdist\[22mpw-ai-uCM15nrn.js                 [2m  62.35 kB[22m [2mΓöé gzip: 14.71 kB[22m
[34mΓä╣[39m [2mdist\[22mrunner-BhZ2f9bo.js                [2m  59.80 kB[22m [2mΓöé gzip: 14.14 kB[22m
[34mΓä╣[39m [2mdist\[22mchrome-CyvygV0P.js                [2m  55.55 kB[22m [2mΓöé gzip: 14.16 kB[22m
[34mΓä╣[39m [2mdist\[22mdeliver-CN-TZ6AU.js               [2m  55.34 kB[22m [2mΓöé gzip: 14.52 kB[22m
[34mΓä╣[39m [2mdist\[22mimage-Bi_uMWrM.js                 [2m  39.73 kB[22m [2mΓöé gzip: 10.44 kB[22m
[34mΓä╣[39m [2mdist\[22mregistry-N5ju-8D8.js              [2m  38.49 kB[22m [2mΓöé gzip: 11.43 kB[22m
[34mΓä╣[39m [2mdist\[22mqmd-manager-A08CCcfT.js           [2m  35.83 kB[22m [2mΓöé gzip:  9.70 kB[22m
[34mΓä╣[39m [2mdist\[22mthinking-DVH3W6oU.js              [2m  34.02 kB[22m [2mΓöé gzip:  6.49 kB[22m
[34mΓä╣[39m [2mdist\[22mskills-jUp9E4E0.js                [2m  32.61 kB[22m [2mΓöé gzip:  8.51 kB[22m
[34mΓä╣[39m [2mdist\[22mcommands-registry-G0QawFk4.js     [2m  29.29 kB[22m [2mΓöé gzip:  6.67 kB[22m
[34mΓä╣[39m [2mdist\[22mir-U1KywKAt.js                    [2m  27.43 kB[22m [2mΓöé gzip:  6.91 kB[22m
[34mΓä╣[39m [2mdist\[22mimage-ops-DimOq_oB.js             [2m  22.48 kB[22m [2mΓöé gzip:  6.22 kB[22m
[34mΓä╣[39m [2mdist\[22mmanifest-registry-DxlCYKJb.js     [2m  20.58 kB[22m [2mΓöé gzip:  5.13 kB[22m
[34mΓä╣[39m [2mdist\[22mexec-D1WAkV9e.js                  [2m  20.18 kB[22m [2mΓöé gzip:  5.97 kB[22m
[34mΓä╣[39m [2mdist\[22magent-scope-rpXVMs3e.js           [2m  19.23 kB[22m [2mΓöé gzip:  4.86 kB[22m
[34mΓä╣[39m [2mdist\[22mreplies-C-gOxJcy.js               [2m  16.33 kB[22m [2mΓöé gzip:  4.64 kB[22m
[34mΓä╣[39m [2mdist\[22mnormalize-CoKJ3hSv.js             [2m  13.44 kB[22m [2mΓöé gzip:  3.08 kB[22m
[34mΓä╣[39m [2mdist\[22mchunk-BKexMq3G.js                 [2m  12.72 kB[22m [2mΓöé gzip:  3.50 kB[22m
[34mΓä╣[39m [2mdist\[22msqlite-DZuMsz2t.js                [2m  12.11 kB[22m [2mΓöé gzip:  3.88 kB[22m
[34mΓä╣[39m [2mdist\[22mskill-commands-CxbzLgbw.js        [2m  10.62 kB[22m [2mΓöé gzip:  3.27 kB[22m
[34mΓä╣[39m [2mdist\[22mlogin-qr-DsYwrT5H.js              [2m  10.39 kB[22m [2mΓöé gzip:  3.60 kB[22m
[34mΓä╣[39m [2mdist\[22mresolve-route-BhO8JgmL.js         [2m   9.20 kB[22m [2mΓöé gzip:  2.59 kB[22m
[34mΓä╣[39m [2mdist\[22mfetch-88plD43T.js                 [2m   8.67 kB[22m [2mΓöé gzip:  3.01 kB[22m
[34mΓä╣[39m [2mdist\[22maccounts-LdSLfSiT.js              [2m   8.46 kB[22m [2mΓöé gzip:  2.57 kB[22m
[34mΓä╣[39m [2mdist\[22mpaths-DwgIl2hd.js                 [2m   8.04 kB[22m [2mΓöé gzip:  2.21 kB[22m
[34mΓä╣[39m [2mdist\[22moutbound-BsiVgER5.js              [2m   7.49 kB[22m [2mΓöé gzip:  2.39 kB[22m
[34mΓä╣[39m [2mdist\[22msession-key-CgcjHuX_.js           [2m   7.39 kB[22m [2mΓöé gzip:  1.84 kB[22m
[34mΓä╣[39m [2mdist\[22msession-CbUpGElH.js               [2m   6.51 kB[22m [2mΓöé gzip:  2.35 kB[22m
[34mΓä╣[39m [2mdist\[22mreply-prefix-BAQ-mE8-.js          [2m   6.47 kB[22m [2mΓöé gzip:  1.93 kB[22m
[34mΓä╣[39m [2mdist\[22mpaths-sO6fSq6f.js                 [2m   6.11 kB[22m [2mΓöé gzip:  1.65 kB[22m
[34mΓä╣[39m [2mdist\[22mtool-images-DSYDiwMv.js           [2m   4.88 kB[22m [2mΓöé gzip:  1.72 kB[22m
[34mΓä╣[39m [2mdist\[22mactive-listener-BAepY1o1.js       [2m   4.48 kB[22m [2mΓöé gzip:  1.52 kB[22m
[34mΓä╣[39m [2mdist\[22mgithub-copilot-token-BhEAe14z.js  [2m   4.15 kB[22m [2mΓöé gzip:  1.59 kB[22m
[34mΓä╣[39m [2mdist\[22mcommon-wdmFEFkt.js                [2m   4.06 kB[22m [2mΓöé gzip:  1.25 kB[22m
[34mΓä╣[39m [2mdist\[22minbound-context-Cv0JstvV.js       [2m   3.95 kB[22m [2mΓöé gzip:  1.15 kB[22m
[34mΓä╣[39m [2mdist\[22mredact-D22jo9M_.js                [2m   3.56 kB[22m [2mΓöé gzip:  1.40 kB[22m
[34mΓä╣[39m [2mdist\[22mrender-95l30zcf.js                [2m   3.29 kB[22m [2mΓöé gzip:  1.14 kB[22m
[34mΓä╣[39m [2mdist\[22mmessage-channel-D8FnigBZ.js       [2m   3.19 kB[22m [2mΓöé gzip:  1.07 kB[22m
[34mΓä╣[39m [2mdist\[22maudio-preflight-DS3Lo724.js       [2m   2.93 kB[22m [2mΓöé gzip:  1.25 kB[22m
[34mΓä╣[39m [2mdist\[22mpi-auth-json-cDPVmkSR.js          [2m   2.73 kB[22m [2mΓöé gzip:  1.13 kB[22m
[34mΓä╣[39m [2mdist\[22mlogin-BTDhw_yo.js                 [2m   2.49 kB[22m [2mΓöé gzip:  1.09 kB[22m
[34mΓä╣[39m [2mdist\[22mwhatsapp-actions-32TWJEeb.js      [2m   2.24 kB[22m [2mΓöé gzip:  0.96 kB[22m
[34mΓä╣[39m [2mdist\[22mbindings-CYiE4afc.js              [2m   2.14 kB[22m [2mΓöé gzip:  0.70 kB[22m
[34mΓä╣[39m [2mdist\[22mcommand-format-BAkf5BNX.js        [2m   1.91 kB[22m [2mΓöé gzip:  0.73 kB[22m
[34mΓä╣[39m [2mdist\[22mfetch-BC37Nxf-.js                 [2m   1.88 kB[22m [2mΓöé gzip:  0.67 kB[22m
[34mΓä╣[39m [2mdist\[22mmarkdown-tables-BB5vVisr.js       [2m   1.72 kB[22m [2mΓöé gzip:  0.70 kB[22m
[34mΓä╣[39m [2mdist\[22mconversation-label-CFe2irDP.js    [2m   1.51 kB[22m [2mΓöé gzip:  0.63 kB[22m
[34mΓä╣[39m [2mdist\[22mfetch-timeout-BwagyldX.js         [2m   1.37 kB[22m [2mΓöé gzip:  0.70 kB[22m
[34mΓä╣[39m [2mdist\[22mplugins-DSXlWjrj.js               [2m   1.32 kB[22m [2mΓöé gzip:  0.58 kB[22m
[34mΓä╣[39m [2mdist\[22merrors-DRkQELvv.js                [2m   1.27 kB[22m [2mΓöé gzip:  0.55 kB[22m
[34mΓä╣[39m [2mdist\[22menv-DRXIymv0.js                   [2m   1.11 kB[22m [2mΓöé gzip:  0.48 kB[22m
[34mΓä╣[39m [2mdist\[22mpi-model-discovery-EwKVHlZB.js    [2m   0.84 kB[22m [2mΓöé gzip:  0.37 kB[22m
[34mΓä╣[39m [2mdist\[22mtranscript-events-Bp7fGnwv.js     [2m   0.59 kB[22m [2mΓöé gzip:  0.29 kB[22m
[34mΓä╣[39m [2mdist\[22mproxy-CZ9HzAnq.js                 [2m   0.58 kB[22m [2mΓöé gzip:  0.34 kB[22m
[34mΓä╣[39m [2mdist\[22mtokens-Cv0w2lBW.js                [2m   0.52 kB[22m [2mΓöé gzip:  0.32 kB[22m
[34mΓä╣[39m [2mdist\[22mrolldown-runtime-Cbj13DAv.js      [2m   0.42 kB[22m [2mΓöé gzip:  0.28 kB[22m
[34mΓä╣[39m [2mdist\[22mchat-type-DFDuk3FY.js             [2m   0.33 kB[22m [2mΓöé gzip:  0.20 kB[22m
[34mΓä╣[39m 64 files, total: 4028.66 kB
[32mΓ£ö[39m Build complete in [32m1846ms[39m
[34mΓä╣[39m [2mdist\[22m[1mbundled\boot-md\handler.js[22m                [2m  39.25 kB[22m [2mΓöé gzip: 10.06 kB[22m
[34mΓä╣[39m [2mdist\[22m[1mbundled\session-memory\handler.js[22m         [2m   7.02 kB[22m [2mΓöé gzip:  2.66 kB[22m
[34mΓä╣[39m [2mdist\[22m[1mllm-slug-generator.js[22m                     [2m   3.81 kB[22m [2mΓöé gzip:  1.70 kB[22m
[34mΓä╣[39m [2mdist\[22m[1mbundled\bootstrap-extra-files\handler.js[22m  [2m   1.72 kB[22m [2mΓöé gzip:  0.71 kB[22m
[34mΓä╣[39m [2mdist\[22m[1mbundled\command-logger\handler.js[22m         [2m   1.52 kB[22m [2mΓöé gzip:  0.75 kB[22m
[34mΓä╣[39m [2mdist\[22mpi-embedded-CsjcId7d.js                   [2m2321.66 kB[22m
[34mΓä╣[39m [2mdist\[22mpi-embedded-helpers-aRmG17ey.js           [2m 247.59 kB[22m [2mΓöé gzip: 56.61 kB[22m
[34mΓä╣[39m [2mdist\[22mconfig-CqH93dnK.js                        [2m 205.81 kB[22m [2mΓöé gzip: 41.16 kB[22m
[34mΓä╣[39m [2mdist\[22mmodel-auth-DS_47kWc.js                    [2m 116.35 kB[22m [2mΓöé gzip: 26.80 kB[22m
[34mΓä╣[39m [2mdist\[22mmanager-DbSH-fcL.js                       [2m 115.28 kB[22m [2mΓöé gzip: 24.85 kB[22m
[34mΓä╣[39m [2mdist\[22msend-BSWvtwOb.js                          [2m 101.49 kB[22m [2mΓöé gzip: 24.19 kB[22m
[34mΓä╣[39m [2mdist\[22mweb-O5n8Av5j.js                           [2m  81.12 kB[22m [2mΓöé gzip: 20.71 kB[22m
[34mΓä╣[39m [2mdist\[22msend-QdqFmm3f.js                          [2m  70.92 kB[22m [2mΓöé gzip: 17.93 kB[22m
[34mΓä╣[39m [2mdist\[22mpw-ai-BC0eTtT-.js                         [2m  62.35 kB[22m [2mΓöé gzip: 14.70 kB[22m
[34mΓä╣[39m [2mdist\[22mrunner-DoScz3RH.js                        [2m  59.77 kB[22m [2mΓöé gzip: 14.13 kB[22m
[34mΓä╣[39m [2mdist\[22mchrome-DZEMPBLC.js                        [2m  55.55 kB[22m [2mΓöé gzip: 14.15 kB[22m
[34mΓä╣[39m [2mdist\[22mimage-BRXpwEYl.js                         [2m  39.73 kB[22m [2mΓöé gzip: 10.43 kB[22m
[34mΓä╣[39m [2mdist\[22mdeliver-H-CrqEk9.js                       [2m  39.59 kB[22m [2mΓöé gzip: 10.17 kB[22m
[34mΓä╣[39m [2mdist\[22mregistry-BR6bBuxj.js                      [2m  38.91 kB[22m [2mΓöé gzip: 11.55 kB[22m
[34mΓä╣[39m [2mdist\[22mqmd-manager-BQvafvNn.js                   [2m  35.86 kB[22m [2mΓöé gzip:  9.71 kB[22m
[34mΓä╣[39m [2mdist\[22mthinking-nqBF0K46.js                      [2m  30.84 kB[22m [2mΓöé gzip:  5.90 kB[22m
[34mΓä╣[39m [2mdist\[22mcommands-registry-CugsJT3s.js             [2m  29.28 kB[22m [2mΓöé gzip:  6.67 kB[22m
[34mΓä╣[39m [2mdist\[22mir-CU8QdqfD.js                            [2m  27.43 kB[22m [2mΓöé gzip:  6.91 kB[22m
[34mΓä╣[39m [2mdist\[22mskills-DqWCrK-0.js                        [2m  26.11 kB[22m [2mΓöé gzip:  6.95 kB[22m
[34mΓä╣[39m [2mdist\[22mimage-ops-KOkeavyI.js                     [2m  22.48 kB[22m [2mΓöé gzip:  6.22 kB[22m
[34mΓä╣[39m [2mdist\[22mmanifest-registry-D4lskQ65.js             [2m  20.40 kB[22m [2mΓöé gzip:  5.09 kB[22m
[34mΓä╣[39m [2mdist\[22mexec-JCIfPtf_.js                          [2m  20.18 kB[22m [2mΓöé gzip:  5.97 kB[22m
[34mΓä╣[39m [2mdist\[22msend-Bku5kKi0.js                          [2m  17.16 kB[22m [2mΓöé gzip:  5.10 kB[22m
[34mΓä╣[39m [2mdist\[22mworkspace-C5vuiE4V.js                     [2m  16.22 kB[22m [2mΓöé gzip:  4.17 kB[22m
[34mΓä╣[39m [2mdist\[22msend-DCy4vvJo.js                          [2m  15.43 kB[22m [2mΓöé gzip:  4.10 kB[22m
[34mΓä╣[39m [2mdist\[22mnormalize-C_P-WDez.js                     [2m  13.44 kB[22m [2mΓöé gzip:  3.08 kB[22m
[34mΓä╣[39m [2mdist\[22mchunk-CL7zg5Bn.js                         [2m  12.72 kB[22m [2mΓöé gzip:  3.50 kB[22m
[34mΓä╣[39m [2mdist\[22msqlite-De_stDZt.js                        [2m  12.09 kB[22m [2mΓöé gzip:  3.88 kB[22m
[34mΓä╣[39m [2mdist\[22msend-CgkRSj2X.js                          [2m  11.29 kB[22m [2mΓöé gzip:  3.43 kB[22m
[34mΓä╣[39m [2mdist\[22mskill-commands-Dukl1Qpe.js                [2m  10.62 kB[22m [2mΓöé gzip:  3.27 kB[22m
[34mΓä╣[39m [2mdist\[22mlogin-qr-DMTjJFHF.js                      [2m  10.45 kB[22m [2mΓöé gzip:  3.64 kB[22m
[34mΓä╣[39m [2mdist\[22mresolve-route-DVbsYbWL.js                 [2m   9.20 kB[22m [2mΓöé gzip:  2.59 kB[22m
[34mΓä╣[39m [2mdist\[22mfetch-DXibcSaa.js                         [2m   8.67 kB[22m [2mΓöé gzip:  3.01 kB[22m
[34mΓä╣[39m [2mdist\[22maccounts-2uyABMjj.js                      [2m   8.46 kB[22m [2mΓöé gzip:  2.57 kB[22m
[34mΓä╣[39m [2mdist\[22mpaths-MDnlIcV3.js                         [2m   8.04 kB[22m [2mΓöé gzip:  2.21 kB[22m
[34mΓä╣[39m [2mdist\[22moutbound-CrWNnXxs.js                      [2m   7.57 kB[22m [2mΓöé gzip:  2.42 kB[22m
[34mΓä╣[39m [2mdist\[22msession-key-CgcjHuX_.js                   [2m   7.39 kB[22m [2mΓöé gzip:  1.84 kB[22m
[34mΓä╣[39m [2mdist\[22mfrontmatter-B1sPPll-.js                   [2m   7.34 kB[22m [2mΓöé gzip:  2.27 kB[22m
[34mΓä╣[39m [2mdist\[22msession-V4Uc0Khj.js                       [2m   6.51 kB[22m [2mΓöé gzip:  2.34 kB[22m
[34mΓä╣[39m [2mdist\[22mreply-prefix-BJ6Utq_E.js                  [2m   6.44 kB[22m [2mΓöé gzip:  1.93 kB[22m
[34mΓä╣[39m [2mdist\[22mpaths-rKjBYv7e.js                         [2m   6.11 kB[22m [2mΓöé gzip:  1.66 kB[22m
[34mΓä╣[39m [2mdist\[22magent-scope-Cn8zPqSC.js                   [2m   5.39 kB[22m [2mΓöé gzip:  1.56 kB[22m
[34mΓä╣[39m [2mdist\[22mtool-images-SByvtUAj.js                   [2m   4.88 kB[22m [2mΓöé gzip:  1.72 kB[22m
[34mΓä╣[39m [2mdist\[22mreplies-jYnNLYw0.js                       [2m   4.75 kB[22m [2mΓöé gzip:  1.54 kB[22m
[34mΓä╣[39m [2mdist\[22mgithub-copilot-token-BwATwZ_L.js          [2m   4.15 kB[22m [2mΓöé gzip:  1.59 kB[22m
[34mΓä╣[39m [2mdist\[22mcommon-Ba_7AX7m.js                        [2m   4.06 kB[22m [2mΓöé gzip:  1.25 kB[22m
[34mΓä╣[39m [2mdist\[22minbound-context-CHonRf7n.js               [2m   3.95 kB[22m [2mΓöé gzip:  1.15 kB[22m
[34mΓä╣[39m [2mdist\[22mchannel-activity-CPBb_JjH.js              [2m   3.63 kB[22m [2mΓöé gzip:  1.20 kB[22m
[34mΓä╣[39m [2mdist\[22mredact-BjQ9RIiE.js                        [2m   3.56 kB[22m [2mΓöé gzip:  1.40 kB[22m
[34mΓä╣[39m [2mdist\[22mrender-B1VqYyvo.js                        [2m   3.29 kB[22m [2mΓöé gzip:  1.14 kB[22m
[34mΓä╣[39m [2mdist\[22mmessage-channel-DrIAMckV.js               [2m   3.21 kB[22m [2mΓöé gzip:  1.07 kB[22m
[34mΓä╣[39m [2mdist\[22maudio-preflight-ByvW5byz.js               [2m   3.06 kB[22m [2mΓöé gzip:  1.31 kB[22m
[34mΓä╣[39m [2mdist\[22mretry-BA6fiXLB.js                         [2m   2.97 kB[22m [2mΓöé gzip:  1.07 kB[22m
[34mΓä╣[39m [2mdist\[22mpi-auth-json-Co6CWwV3.js                  [2m   2.79 kB[22m [2mΓöé gzip:  1.16 kB[22m
[34mΓä╣[39m [2mdist\[22mlogin-CD3DjSQV.js                         [2m   2.49 kB[22m [2mΓöé gzip:  1.09 kB[22m
[34mΓä╣[39m [2mdist\[22mwhatsapp-actions-DYHIDz-n.js              [2m   2.30 kB[22m [2mΓöé gzip:  0.98 kB[22m
[34mΓä╣[39m [2mdist\[22mbindings-BNk8bD-y.js                      [2m   2.14 kB[22m [2mΓöé gzip:  0.70 kB[22m
[34mΓä╣[39m [2mdist\[22mstore-BanHv83H.js                         [2m   2.14 kB[22m [2mΓöé gzip:  1.03 kB[22m
[34mΓä╣[39m [2mdist\[22maccounts-DJvnM_L0.js                      [2m   2.01 kB[22m [2mΓöé gzip:  0.72 kB[22m
[34mΓä╣[39m [2mdist\[22mpolls-BmfSI3-6.js                         [2m   1.96 kB[22m [2mΓöé gzip:  0.63 kB[22m
[34mΓä╣[39m [2mdist\[22mcommand-format-CAVelCQp.js                [2m   1.91 kB[22m [2mΓöé gzip:  0.73 kB[22m
[34mΓä╣[39m [2mdist\[22mfetch-C4vS_mnb.js                         [2m   1.88 kB[22m [2mΓöé gzip:  0.67 kB[22m
[34mΓä╣[39m [2mdist\[22mmarkdown-tables-B5cAxvnf.js               [2m   1.72 kB[22m [2mΓöé gzip:  0.70 kB[22m
[34mΓä╣[39m [2mdist\[22mconversation-label-BLOfJHfC.js            [2m   1.51 kB[22m [2mΓöé gzip:  0.63 kB[22m
[34mΓä╣[39m [2mdist\[22maccounts-D9xczclZ.js                      [2m   1.47 kB[22m [2mΓöé gzip:  0.57 kB[22m
[34mΓä╣[39m [2mdist\[22mactive-listener-BgX4DWbI.js               [2m   1.40 kB[22m [2mΓöé gzip:  0.58 kB[22m
[34mΓä╣[39m [2mdist\[22mfetch-timeout-BheTNyes.js                 [2m   1.37 kB[22m [2mΓöé gzip:  0.70 kB[22m
[34mΓä╣[39m [2mdist\[22mplugins-26q5zS8X.js                       [2m   1.32 kB[22m [2mΓöé gzip:  0.57 kB[22m
[34mΓä╣[39m [2mdist\[22merrors-CsoDC3nn.js                        [2m   1.27 kB[22m [2mΓöé gzip:  0.54 kB[22m
[34mΓä╣[39m [2mdist\[22mtables-BfKO3Lrn.js                        [2m   1.15 kB[22m [2mΓöé gzip:  0.57 kB[22m
[34mΓä╣[39m [2mdist\[22mboolean-mcn6kL0s.js                       [2m   0.86 kB[22m [2mΓöé gzip:  0.38 kB[22m
[34mΓä╣[39m [2mdist\[22mpi-model-discovery-CvOm0Qeg.js            [2m   0.84 kB[22m [2mΓöé gzip:  0.37 kB[22m
[34mΓä╣[39m [2mdist\[22mtargets-BYQKYOCA.js                       [2m   0.80 kB[22m [2mΓöé gzip:  0.36 kB[22m
[34mΓä╣[39m [2mdist\[22mtranscript-events-C8Tqw4td.js             [2m   0.59 kB[22m [2mΓöé gzip:  0.29 kB[22m
[34mΓä╣[39m [2mdist\[22mproxy-Dvn2GZAo.js                         [2m   0.58 kB[22m [2mΓöé gzip:  0.34 kB[22m
[34mΓä╣[39m [2mdist\[22moutbound-attachment-CkAPEwZT.js           [2m   0.57 kB[22m [2mΓöé gzip:  0.33 kB[22m
[34mΓä╣[39m [2mdist\[22mtokens-lHcUnceB.js                        [2m   0.52 kB[22m [2mΓöé gzip:  0.32 kB[22m
[34mΓä╣[39m [2mdist\[22mrolldown-runtime-Cbj13DAv.js              [2m   0.42 kB[22m [2mΓöé gzip:  0.28 kB[22m
[34mΓä╣[39m [2mdist\[22mchat-type-uz-WJTy4.js                     [2m   0.33 kB[22m [2mΓöé gzip:  0.20 kB[22m
[34mΓä╣[39m [2mdist\[22menv-t0UPv2EP.js                           [2m   0.33 kB[22m [2mΓöé gzip:  0.23 kB[22m
[34mΓä╣[39m [2mdist\[22mconfig-juH0T5BE.js                        [2m   0.32 kB[22m [2mΓöé gzip:  0.20 kB[22m
[34mΓä╣[39m [2mdist\[22mlegacy-names-DW8BWT1I.js                  [2m   0.26 kB[22m [2mΓöé gzip:  0.17 kB[22m
[34mΓä╣[39m 87 files, total: 4101.29 kB
[32mΓ£ö[39m Build complete in [32m2093ms[39m
[34mΓä╣[39m Granting execute permission to [4mdist\index.js[24m
[34mΓä╣[39m Granting execute permission to [4mdist\entry.js[24m
[34mΓä╣[39m [2mdist\[22m[1mindex.js[22m                                     [2m  22.03 kB[22m [2mΓöé gzip:   8.67 kB[22m
[34mΓä╣[39m [2mdist\[22mreply-DSA9B8mH.js                            [2m2172.39 kB[22m
[34mΓä╣[39m [2mdist\[22mgateway-cli-CYnagDZ6.js                      [2m 724.39 kB[22m [2mΓöé gzip: 172.28 kB[22m
[34mΓä╣[39m [2mdist\[22mconfig-Be9sBvoI.js                           [2m 208.87 kB[22m [2mΓöé gzip:  41.90 kB[22m
[34mΓä╣[39m [2mdist\[22mmodel-selection-DUbPDKoj.js                  [2m 127.38 kB[22m [2mΓöé gzip:  29.04 kB[22m
[34mΓä╣[39m [2mdist\[22mautonomous-BN8spJj5.js                       [2m 118.30 kB[22m [2mΓöé gzip:  34.10 kB[22m
[34mΓä╣[39m [2mdist\[22mmanager-CyIjZ23z.js                          [2m 115.30 kB[22m [2mΓöé gzip:  24.85 kB[22m
[34mΓä╣[39m [2mdist\[22maudit-Dv4_5pFk.js                            [2m 102.27 kB[22m [2mΓöé gzip:  24.72 kB[22m
[34mΓä╣[39m [2mdist\[22msend-CCpix8o-.js                             [2m 101.44 kB[22m [2mΓöé gzip:  24.23 kB[22m
[34mΓä╣[39m [2mdist\[22mtui-C6DHMVeU.js                              [2m  99.06 kB[22m [2mΓöé gzip:  23.50 kB[22m
[34mΓä╣[39m [2mdist\[22mmodels-cli-CM6AJI5e.js                       [2m  98.74 kB[22m [2mΓöé gzip:  23.66 kB[22m
[34mΓä╣[39m [2mdist\[22mchannel-web-CJBuYael.js                      [2m  79.67 kB[22m [2mΓöé gzip:  20.00 kB[22m
[34mΓä╣[39m [2mdist\[22mstatus-dzG_sQlP.js                           [2m  77.16 kB[22m [2mΓöé gzip:  19.89 kB[22m
[34mΓä╣[39m [2mdist\[22mdoctor-Bgzv4Hah.js                           [2m  74.01 kB[22m [2mΓöé gzip:  19.88 kB[22m
[34mΓä╣[39m [2mdist\[22msandbox-46dadCY7.js                          [2m  73.39 kB[22m [2mΓöé gzip:  17.91 kB[22m
[34mΓä╣[39m [2mdist\[22mauth-choice-BQIn5d45.js                      [2m  71.81 kB[22m [2mΓöé gzip:  13.15 kB[22m
[34mΓä╣[39m [2mdist\[22mclient-Bx-xaCkU.js                           [2m  71.31 kB[22m [2mΓöé gzip:  12.93 kB[22m
[34mΓä╣[39m [2mdist\[22mbrowser-cli-tPsViLbm.js                      [2m  66.91 kB[22m [2mΓöé gzip:  11.88 kB[22m
[34mΓä╣[39m [2mdist\[22mpw-ai-Bj-RVTyo.js                            [2m  62.44 kB[22m [2mΓöé gzip:  14.75 kB[22m
[34mΓä╣[39m [2mdist\[22msend-hlM1pWCq.js                             [2m  59.93 kB[22m [2mΓöé gzip:  15.28 kB[22m
[34mΓä╣[39m [2mdist\[22mrunner-B7NOE2nY.js                           [2m  59.50 kB[22m [2mΓöé gzip:  14.08 kB[22m
[34mΓä╣[39m [2mdist\[22mroutes-C9Ed3HAb.js                           [2m  57.38 kB[22m [2mΓöé gzip:   9.43 kB[22m
[34mΓä╣[39m [2mdist\[22mchannels-cli-C_Jk-obo.js                     [2m  55.21 kB[22m [2mΓöé gzip:  14.56 kB[22m
[34mΓä╣[39m [2mdist\[22mchrome-Bj8_E3Pf.js                           [2m  51.98 kB[22m [2mΓöé gzip:  13.01 kB[22m
[34mΓä╣[39m [2mdist\[22mnodes-cli-dH_PWkPr.js                        [2m  50.67 kB[22m [2mΓöé gzip:  11.35 kB[22m
[34mΓä╣[39m [2mdist\[22mhealth-BmriE17u.js                           [2m  48.59 kB[22m [2mΓöé gzip:  11.60 kB[22m
[34mΓä╣[39m [2mdist\[22msessions-BzKkDGjK.js                         [2m  45.98 kB[22m [2mΓöé gzip:  11.97 kB[22m
[34mΓä╣[39m [2mdist\[22mnode-cli-B02BIF39.js                         [2m  43.52 kB[22m [2mΓöé gzip:  11.72 kB[22m
[34mΓä╣[39m [2mdist\[22mdoctor-config-flow-CX0oTVo5.js               [2m  43.00 kB[22m [2mΓöé gzip:   9.88 kB[22m
[34mΓä╣[39m [2mdist\[22mpi-embedded-helpers-S8wgsq_N.js              [2m  41.88 kB[22m [2mΓöé gzip:  11.03 kB[22m
[34mΓä╣[39m [2mdist\[22mregister.agent-jcYjh-J4.js                   [2m  41.66 kB[22m [2mΓöé gzip:  11.49 kB[22m
[34mΓä╣[39m [2mdist\[22mupdate-cli-I3Peufg5.js                       [2m  41.41 kB[22m [2mΓöé gzip:  11.90 kB[22m
[34mΓä╣[39m [2mdist\[22monboard-DHz03GD7.js                          [2m  38.40 kB[22m [2mΓöé gzip:   8.19 kB[22m
[34mΓä╣[39m [2mdist\[22mdeliver-BBU099xd.js                          [2m  37.64 kB[22m [2mΓöé gzip:   9.61 kB[22m
[34mΓä╣[39m [2mdist\[22mauth-token-DXmnjERh.js                       [2m  36.59 kB[22m [2mΓöé gzip:   6.22 kB[22m
[34mΓä╣[39m [2mdist\[22mexec-approvals-_NpWdIYP.js                   [2m  36.52 kB[22m [2mΓöé gzip:   8.49 kB[22m
[34mΓä╣[39m [2mdist\[22mqmd-manager--uUFhBAW.js                      [2m  35.89 kB[22m [2mΓöé gzip:   9.73 kB[22m
[34mΓä╣[39m [2mdist\[22mhooks-cli-D33y7O4g.js                        [2m  35.54 kB[22m [2mΓöé gzip:   8.81 kB[22m
[34mΓä╣[39m [2mdist\[22macp-cli-BUNFd8Iu.js                          [2m  34.95 kB[22m [2mΓöé gzip:   9.35 kB[22m
[34mΓä╣[39m [2mdist\[22mmemory-cli-B2RSDtLh.js                       [2m  34.16 kB[22m [2mΓöé gzip:   8.44 kB[22m
[34mΓä╣[39m [2mdist\[22mregister.message-Clrinvd8.js                 [2m  33.53 kB[22m [2mΓöé gzip:   8.25 kB[22m
[34mΓä╣[39m [2mdist\[22mconfigure-CVCEKQXQ.js                        [2m  32.49 kB[22m [2mΓöé gzip:   8.71 kB[22m
[34mΓä╣[39m [2mdist\[22magent-CEfAf01s.js                            [2m  31.84 kB[22m [2mΓöé gzip:   7.89 kB[22m
[34mΓä╣[39m [2mdist\[22mserver-context-DbbA4peE.js                   [2m  29.90 kB[22m [2mΓöé gzip:   7.76 kB[22m
[34mΓä╣[39m [2mdist\[22mcommands-registry-_dPhCX_b.js                [2m  29.36 kB[22m [2mΓöé gzip:   6.70 kB[22m
[34mΓä╣[39m [2mdist\[22mplugins-cli-PzDJvMVX.js                      [2m  28.53 kB[22m [2mΓöé gzip:   7.94 kB[22m
[34mΓä╣[39m [2mdist\[22mir-SeUTXO5H.js                               [2m  27.47 kB[22m [2mΓöé gzip:   6.92 kB[22m
[34mΓä╣[39m [2mdist\[22mskills-Dl6Pw1qR.js                           [2m  26.79 kB[22m [2mΓöé gzip:   7.10 kB[22m
[34mΓä╣[39m [2mdist\[22mdock-B_IptCum.js                             [2m  26.14 kB[22m [2mΓöé gzip:   4.90 kB[22m
[34mΓä╣[39m [2mdist\[22msession-cost-usage-b9MjLr_U.js               [2m  25.67 kB[22m [2mΓöé gzip:   6.11 kB[22m
[34mΓä╣[39m [2mdist\[22mdaemon-cli-DEk-Mu8g.js                       [2m  25.48 kB[22m [2mΓöé gzip:   7.10 kB[22m
[34mΓä╣[39m [2mdist\[22mskill-commands-DNF5I66A.js                   [2m  24.38 kB[22m [2mΓöé gzip:   6.60 kB[22m
[34mΓä╣[39m [2mdist\[22mupdate-runner-BgF8ofyc.js                    [2m  23.90 kB[22m [2mΓöé gzip:   5.38 kB[22m
[34mΓä╣[39m [2mdist\[22mcron-cli-CFKvk8Gy.js                         [2m  23.61 kB[22m [2mΓöé gzip:   5.90 kB[22m
[34mΓä╣[39m [2mdist\[22mmanifest-registry-DTqPh-LM.js                [2m  22.51 kB[22m [2mΓöé gzip:   5.56 kB[22m
[34mΓä╣[39m [2mdist\[22monboard-channels-DWViA5Q_.js                 [2m  22.50 kB[22m [2mΓöé gzip:   5.81 kB[22m
[34mΓä╣[39m [2mdist\[22msandbox-cli-DR783_JR.js                      [2m  22.26 kB[22m [2mΓöé gzip:   5.84 kB[22m
[34mΓä╣[39m [2mdist\[22mregistry-COgM4Ov0.js                         [2m  21.79 kB[22m [2mΓöé gzip:   6.31 kB[22m
[34mΓä╣[39m [2mdist\[22mservice-DWtNAenY.js                          [2m  21.50 kB[22m [2mΓöé gzip:   5.27 kB[22m
[34mΓä╣[39m [2mdist\[22mregister.maintenance-L5zj6nlu.js             [2m  20.82 kB[22m [2mΓöé gzip:   6.03 kB[22m
[34mΓä╣[39m [2mdist\[22mskills-install-DK6svYZR.js                   [2m  20.63 kB[22m [2mΓöé gzip:   5.43 kB[22m
[34mΓä╣[39m [2mdist\[22mimage-BkOR-NaE.js                            [2m  19.04 kB[22m [2mΓöé gzip:   5.70 kB[22m
[34mΓä╣[39m [2mdist\[22monboarding.finalize-DQq18pNA.js              [2m  18.86 kB[22m [2mΓöé gzip:   6.04 kB[22m
[34mΓä╣[39m [2mdist\[22mutils-CntU62GM.js                            [2m  18.28 kB[22m [2mΓöé gzip:   5.98 kB[22m
[34mΓä╣[39m [2mdist\[22msubsystem-BgZmA70N.js                        [2m  18.03 kB[22m [2mΓöé gzip:   5.28 kB[22m
[34mΓä╣[39m [2mdist\[22mtool-display-C1iae9vF.js                     [2m  17.43 kB[22m [2mΓöé gzip:   4.12 kB[22m
[34mΓä╣[39m [2mdist\[22magent-scope-Brt-q6gI.js                      [2m  17.40 kB[22m [2mΓöé gzip:   4.46 kB[22m
[34mΓä╣[39m [2mdist\[22msend-CftzJKhc.js                             [2m  17.15 kB[22m [2mΓöé gzip:   5.11 kB[22m
[34mΓä╣[39m [2mdist\[22mcompletion-cli-Bp4aRk6J.js                   [2m  16.90 kB[22m [2mΓöé gzip:   4.54 kB[22m
[34mΓä╣[39m [2mdist\[22mservice-audit-BEwRuNex.js                    [2m  16.76 kB[22m [2mΓöé gzip:   4.29 kB[22m
[34mΓä╣[39m [2mdist\[22mdaemon-runtime-BZbwkuJt.js                   [2m  16.26 kB[22m [2mΓöé gzip:   4.52 kB[22m
[34mΓä╣[39m [2mdist\[22msend-sh9UGqTn.js                             [2m  15.42 kB[22m [2mΓöé gzip:   4.12 kB[22m
[34mΓä╣[39m [2mdist\[22mgmail-setup-utils-DEsWJaiD.js                [2m  15.39 kB[22m [2mΓöé gzip:   4.48 kB[22m
[34mΓä╣[39m [2mdist\[22msecurity-cli-sfFr-W8a.js                     [2m  15.30 kB[22m [2mΓöé gzip:   4.47 kB[22m
[34mΓä╣[39m [2mdist\[22mwebhooks-cli-BVWerrg9.js                     [2m  15.22 kB[22m [2mΓöé gzip:   4.16 kB[22m
[34mΓä╣[39m [2mdist\[22monboard-custom-BEb9Qlhm.js                   [2m  15.02 kB[22m [2mΓöé gzip:   4.22 kB[22m
[34mΓä╣[39m [2mdist\[22msystemd-CLq0x58F.js                          [2m  14.94 kB[22m [2mΓöé gzip:   4.32 kB[22m
[34mΓä╣[39m [2mdist\[22monboard-helpers-BaQ6rXra.js                  [2m  14.54 kB[22m [2mΓöé gzip:   4.50 kB[22m
[34mΓä╣[39m [2mdist\[22mregister.status-health-sessions-ehbfY2fP.js  [2m  14.44 kB[22m [2mΓöé gzip:   4.88 kB[22m
[34mΓä╣[39m [2mdist\[22mpairing-store-ClS4wGj6.js                    [2m  14.17 kB[22m [2mΓöé gzip:   3.66 kB[22m
[34mΓä╣[39m [2mdist\[22monboarding-2mMxF6Mv.js                       [2m  13.61 kB[22m [2mΓöé gzip:   4.16 kB[22m
[34mΓä╣[39m [2mdist\[22mnormalize-DjU_5m6q.js                        [2m  13.43 kB[22m [2mΓöé gzip:   3.07 kB[22m
[34mΓä╣[39m [2mdist\[22mexec-approvals-cli-kVfBslx5.js               [2m  13.26 kB[22m [2mΓöé gzip:   3.68 kB[22m
[34mΓä╣[39m [2mdist\[22mprogram-context-IeXChD2H.js                  [2m  13.12 kB[22m [2mΓöé gzip:   3.00 kB[22m
[34mΓä╣[39m [2mdist\[22mmodel-picker-9bd8lUOH.js                     [2m  13.04 kB[22m [2mΓöé gzip:   3.47 kB[22m
[34mΓä╣[39m [2mdist\[22mauth-C7mdzPKW.js                             [2m  12.88 kB[22m [2mΓöé gzip:   3.60 kB[22m
[34mΓä╣[39m [2mdist\[22mbonjour-discovery-KtqgHprO.js                [2m  12.85 kB[22m [2mΓöé gzip:   3.73 kB[22m
[34mΓä╣[39m [2mdist\[22mchunk-CzMeeg9w.js                            [2m  12.72 kB[22m [2mΓöé gzip:   3.50 kB[22m
[34mΓä╣[39m [2mdist\[22minstalls-CPM7200F.js                         [2m  12.63 kB[22m [2mΓöé gzip:   3.27 kB[22m
[34mΓä╣[39m [2mdist\[22mlifecycle-core-Cs_SXgUL.js                   [2m  12.24 kB[22m [2mΓöé gzip:   3.13 kB[22m
[34mΓä╣[39m [2mdist\[22msqlite-rUQBiIcQ.js                           [2m  12.11 kB[22m [2mΓöé gzip:   3.88 kB[22m
[34mΓä╣[39m [2mdist\[22mskills-cli-D6hTKyLv.js                       [2m  11.87 kB[22m [2mΓöé gzip:   2.96 kB[22m
[34mΓä╣[39m [2mdist\[22mws-log-Duge760r.js                           [2m  11.57 kB[22m [2mΓöé gzip:   2.96 kB[22m
[34mΓä╣[39m [2mdist\[22mcall-BVuI8dMu.js                             [2m  11.34 kB[22m [2mΓöé gzip:   3.43 kB[22m
[34mΓä╣[39m [2mdist\[22msend--cTTFl5A.js                             [2m  11.29 kB[22m [2mΓöé gzip:   3.43 kB[22m
[34mΓä╣[39m [2mdist\[22mports-MqIfVfWh.js                            [2m  11.26 kB[22m [2mΓöé gzip:   3.35 kB[22m
[34mΓä╣[39m [2mdist\[22mupdate-check-B4y91CBx.js                     [2m  11.10 kB[22m [2mΓöé gzip:   2.98 kB[22m
[34mΓä╣[39m [2mdist\[22minstall-safe-path-CpE9rHu4.js                [2m  11.08 kB[22m [2mΓöé gzip:   3.40 kB[22m
[34mΓä╣[39m [2mdist\[22mlogin-qr-BLovi0Qk.js                         [2m  10.53 kB[22m [2mΓöé gzip:   3.66 kB[22m
[34mΓä╣[39m [2mdist\[22mmodel-HCNSD1Qb.js                            [2m  10.40 kB[22m [2mΓöé gzip:   2.41 kB[22m
[34mΓä╣[39m [2mdist\[22mregister.onboard-BbIfWbI6.js                 [2m  10.33 kB[22m [2mΓöé gzip:   3.72 kB[22m
[34mΓä╣[39m [2mdist\[22mworkspace-DJEYgGVe.js                        [2m  10.33 kB[22m [2mΓöé gzip:   3.00 kB[22m
[34mΓä╣[39m [2mdist\[22mserver-node-events-DXEWspdz.js               [2m  10.31 kB[22m [2mΓöé gzip:   3.38 kB[22m
[34mΓä╣[39m [2mdist\[22mplugin-auto-enable-DYjj1uow.js               [2m  10.04 kB[22m [2mΓöé gzip:   2.54 kB[22m
[34mΓä╣[39m [2mdist\[22maccounts-CPQS6M40.js                         [2m   9.40 kB[22m [2mΓöé gzip:   2.78 kB[22m
[34mΓä╣[39m [2mdist\[22mpi-tools.policy-BZyyrlkl.js                  [2m   9.25 kB[22m [2mΓöé gzip:   2.67 kB[22m
[34mΓä╣[39m [2mdist\[22mtailscale-DeD9mrh1.js                        [2m   9.21 kB[22m [2mΓöé gzip:   2.90 kB[22m
[34mΓä╣[39m [2mdist\[22mresolve-route-DRpE9iRQ.js                    [2m   9.19 kB[22m [2mΓöé gzip:   2.59 kB[22m
[34mΓä╣[39m [2mdist\[22mimage-ops-DZLVVDgp.js                        [2m   9.11 kB[22m [2mΓöé gzip:   2.67 kB[22m
[34mΓä╣[39m [2mdist\[22mssrf-Bhv0qRd-.js                             [2m   8.90 kB[22m [2mΓöé gzip:   2.50 kB[22m
[34mΓä╣[39m [2mdist\[22mpaths-Ev8I7SL0.js                            [2m   8.83 kB[22m [2mΓöé gzip:   2.43 kB[22m
[34mΓä╣[39m [2mdist\[22mupdate-DDLtPYk9.js                           [2m   8.70 kB[22m [2mΓöé gzip:   2.19 kB[22m
[34mΓä╣[39m [2mdist\[22mconfig-cli-DjqnxoGU.js                       [2m   8.70 kB[22m [2mΓöé gzip:   2.49 kB[22m
[34mΓä╣[39m [2mdist\[22mlogs-cli-DjPe6t6L.js                         [2m   8.65 kB[22m [2mΓöé gzip:   2.92 kB[22m
[34mΓä╣[39m [2mdist\[22mws-DkKfG5o3.js                               [2m   8.48 kB[22m [2mΓöé gzip:   2.77 kB[22m
[34mΓä╣[39m [2mdist\[22mtable-CTzePo1z.js                            [2m   8.48 kB[22m [2mΓöé gzip:   2.77 kB[22m
[34mΓä╣[39m [2mdist\[22msession-key-CZ6OwgSB.js                      [2m   8.28 kB[22m [2mΓöé gzip:   1.98 kB[22m
[34mΓä╣[39m [2mdist\[22mprovider-auth-helpers-Bifqbjae.js            [2m   8.19 kB[22m [2mΓöé gzip:   2.94 kB[22m
[34mΓä╣[39m [2mdist\[22mexec-D4aNF4TX.js                             [2m   8.11 kB[22m [2mΓöé gzip:   2.61 kB[22m
[34mΓä╣[39m [2mdist\[22mnodes-screen-C1ToI6Y6.js                     [2m   7.91 kB[22m [2mΓöé gzip:   2.23 kB[22m
[34mΓä╣[39m [2mdist\[22mdns-cli-DzevZSAq.js                          [2m   7.80 kB[22m [2mΓöé gzip:   2.91 kB[22m
[34mΓä╣[39m [2mdist\[22mskill-scanner-BHzFQ6Qa.js                    [2m   7.60 kB[22m [2mΓöé gzip:   2.54 kB[22m
[34mΓä╣[39m [2mdist\[22mauth-choice-options-gbYMk6o8.js              [2m   7.57 kB[22m [2mΓöé gzip:   2.04 kB[22m
[34mΓä╣[39m [2mdist\[22moutbound-Dlfzi7bo.js                         [2m   7.57 kB[22m [2mΓöé gzip:   2.41 kB[22m
[34mΓä╣[39m [2mdist\[22mfrontmatter-7lXrHo1k.js                      [2m   7.34 kB[22m [2mΓöé gzip:   2.26 kB[22m
[34mΓä╣[39m [2mdist\[22mregister.setup-D5c7Qp2b.js                   [2m   7.32 kB[22m [2mΓöé gzip:   2.94 kB[22m
[34mΓä╣[39m [2mdist\[22magents.config-BsFckbBo.js                    [2m   7.30 kB[22m [2mΓöé gzip:   2.22 kB[22m
[34mΓä╣[39m [2mdist\[22mdelivery-queue-edv-vqI6.js                   [2m   7.27 kB[22m [2mΓöé gzip:   2.35 kB[22m
[34mΓä╣[39m [2mdist\[22mdirectory-cli-BS_fn7J1.js                    [2m   7.26 kB[22m [2mΓöé gzip:   2.06 kB[22m
[34mΓä╣[39m [2mdist\[22mdevices-cli-BrqNU5a8.js                      [2m   7.11 kB[22m [2mΓöé gzip:   2.13 kB[22m
[34mΓä╣[39m [2mdist\[22mcatalog-D--o4vVz.js                          [2m   7.04 kB[22m [2mΓöé gzip:   2.14 kB[22m
[34mΓä╣[39m [2mdist\[22mopenai-model-default-DbsKltyU.js             [2m   6.75 kB[22m [2mΓöé gzip:   2.23 kB[22m
[34mΓä╣[39m [2mdist\[22mcontrol-ui-assets-BAxux2Sp.js                [2m   6.60 kB[22m [2mΓöé gzip:   1.98 kB[22m
[34mΓä╣[39m [2mdist\[22mskills-status-swPlxrje.js                    [2m   6.56 kB[22m [2mΓöé gzip:   2.17 kB[22m
[34mΓä╣[39m [2mdist\[22msession-BBRoBYc-.js                          [2m   6.50 kB[22m [2mΓöé gzip:   2.34 kB[22m
[34mΓä╣[39m [2mdist\[22mreply-prefix-DVyuWAKB.js                     [2m   6.47 kB[22m [2mΓöé gzip:   1.93 kB[22m
[34mΓä╣[39m [2mdist\[22mpaths-DQS9E4OY.js                            [2m   6.33 kB[22m [2mΓöé gzip:   1.68 kB[22m
[34mΓä╣[39m [2mdist\[22monboarding.gateway-config-CYw9omYF.js        [2m   5.98 kB[22m [2mΓöé gzip:   2.02 kB[22m
[34mΓä╣[39m [2mdist\[22monboard-skills-Co18cGJI.js                   [2m   5.79 kB[22m [2mΓöé gzip:   2.19 kB[22m
[34mΓä╣[39m [2mdist\[22mpairing-cli-DK1Ub2MC.js                      [2m   5.73 kB[22m [2mΓöé gzip:   2.04 kB[22m
[34mΓä╣[39m [2mdist\[22mdocs-cli-Btifis7x.js                         [2m   5.65 kB[22m [2mΓöé gzip:   2.07 kB[22m
[34mΓä╣[39m [2mdist\[22mregister.configure-QTtDVrSL.js               [2m   5.30 kB[22m [2mΓöé gzip:   2.27 kB[22m
[34mΓä╣[39m [2mdist\[22mautonomous-cli-BP-pjWrv.js                   [2m   5.03 kB[22m [2mΓöé gzip:   1.62 kB[22m
[34mΓä╣[39m [2mdist\[22mfetch-mGsBqDTO.js                            [2m   5.00 kB[22m [2mΓöé gzip:   1.88 kB[22m
[34mΓä╣[39m [2mdist\[22mwidearea-dns-DbO36RoW.js                     [2m   5.00 kB[22m [2mΓöé gzip:   1.92 kB[22m
[34mΓä╣[39m [2mdist\[22mauth-health-Bus5KDDd.js                      [2m   4.94 kB[22m [2mΓöé gzip:   1.51 kB[22m
[34mΓä╣[39m [2mdist\[22mtool-images-ESQncCPj.js                      [2m   4.89 kB[22m [2mΓöé gzip:   1.72 kB[22m
[34mΓä╣[39m [2mdist\[22mentry-status-DonnkgeH.js                     [2m   4.81 kB[22m [2mΓöé gzip:   1.09 kB[22m
[34mΓä╣[39m [2mdist\[22mthinking-EAliFiVK.js                         [2m   4.78 kB[22m [2mΓöé gzip:   1.23 kB[22m
[34mΓä╣[39m [2mdist\[22mreplies-D7iv1W4Z.js                          [2m   4.75 kB[22m [2mΓöé gzip:   1.54 kB[22m
[34mΓä╣[39m [2mdist\[22mcli-BHLw7iOy.js                              [2m   4.75 kB[22m [2mΓöé gzip:   1.97 kB[22m
[34mΓä╣[39m [2mdist\[22mshared-DTtjjV7h.js                           [2m   4.54 kB[22m [2mΓöé gzip:   1.72 kB[22m
[34mΓä╣[39m [2mdist\[22mmime-DSr6YyWT.js                             [2m   4.53 kB[22m [2mΓöé gzip:   1.49 kB[22m
[34mΓä╣[39m [2mdist\[22mwith-timeout-Ceynpij3.js                     [2m   4.33 kB[22m [2mΓöé gzip:   1.72 kB[22m
[34mΓä╣[39m [2mdist\[22mmessage-channel-DFIHDCUP.js                  [2m   4.28 kB[22m [2mΓöé gzip:   1.27 kB[22m
[34mΓä╣[39m [2mdist\[22mprogress-BT4qti_i.js                         [2m   4.19 kB[22m [2mΓöé gzip:   1.40 kB[22m
[34mΓä╣[39m [2mdist\[22mgithub-copilot-token-CrFYitlG.js             [2m   4.15 kB[22m [2mΓöé gzip:   1.59 kB[22m
[34mΓä╣[39m [2mdist\[22mdoctor-completion-C44URqha.js                [2m   4.12 kB[22m [2mΓöé gzip:   1.37 kB[22m
[34mΓä╣[39m [2mdist\[22monboard-remote-CbUFh1ca.js                   [2m   4.10 kB[22m [2mΓöé gzip:   1.66 kB[22m
[34mΓä╣[39m [2mdist\[22mcommon-BTGTChg3.js                           [2m   4.07 kB[22m [2mΓöé gzip:   1.25 kB[22m
[34mΓä╣[39m [2mdist\[22minbound-context-CPkkQW0i.js                  [2m   3.95 kB[22m [2mΓöé gzip:   1.15 kB[22m
[34mΓä╣[39m [2mdist\[22msystem-cli-B2ZF2uUS.js                       [2m   3.93 kB[22m [2mΓöé gzip:   1.20 kB[22m
[34mΓä╣[39m [2mdist\[22mfetch-guard-BoCRQyhX.js                      [2m   3.78 kB[22m [2mΓöé gzip:   1.45 kB[22m
[34mΓä╣[39m [2mdist\[22mconfig-guard-cqiA14c-.js                     [2m   3.75 kB[22m [2mΓöé gzip:   1.46 kB[22m
[34mΓä╣[39m [2mdist\[22mweb-DsyER6bm.js                              [2m   3.75 kB[22m [2mΓöé gzip:   1.56 kB[22m
[34mΓä╣[39m [2mdist\[22mmodel-catalog-D4c_-skK.js                    [2m   3.75 kB[22m [2mΓöé gzip:   1.37 kB[22m
[34mΓä╣[39m [2mdist\[22mstatus.update-BqizQTIK.js                    [2m   3.74 kB[22m [2mΓöé gzip:   1.21 kB[22m
[34mΓä╣[39m [2mdist\[22maudio-preflight-xHKiBWkw.js                  [2m   3.69 kB[22m [2mΓöé gzip:   1.57 kB[22m
[34mΓä╣[39m [2mdist\[22magdi-root-BTJcxzMr.js                        [2m   3.68 kB[22m [2mΓöé gzip:   1.08 kB[22m
[34mΓä╣[39m [2mdist\[22mredact-CjJyQlVU.js                           [2m   3.67 kB[22m [2mΓöé gzip:   1.43 kB[22m
[34mΓä╣[39m [2mdist\[22mchannel-activity-BZPfIGM1.js                 [2m   3.63 kB[22m [2mΓöé gzip:   1.20 kB[22m
[34mΓä╣[39m [2mdist\[22mmodels-config-BM292n1T.js                    [2m   3.61 kB[22m [2mΓöé gzip:   1.27 kB[22m
[34mΓä╣[39m [2mdist\[22mrpc-CfRuDz02.js                              [2m   3.50 kB[22m [2mΓöé gzip:   1.53 kB[22m
[34mΓä╣[39m [2mdist\[22mtui-cli-CDiszmVI.js                          [2m   3.42 kB[22m [2mΓöé gzip:   1.56 kB[22m
[34mΓä╣[39m [2mdist\[22mrender-CCLsW6Lz.js                           [2m   3.29 kB[22m [2mΓöé gzip:   1.14 kB[22m
[34mΓä╣[39m [2mdist\[22mvllm-setup-PH4R1pvV.js                       [2m   3.23 kB[22m [2mΓöé gzip:   1.22 kB[22m
[34mΓä╣[39m [2mdist\[22msystemd-linger-CeOdJKt1.js                   [2m   3.19 kB[22m [2mΓöé gzip:   1.01 kB[22m
[34mΓä╣[39m [2mdist\[22mnote-ju-W146e.js                             [2m   3.17 kB[22m [2mΓöé gzip:   1.15 kB[22m
[34mΓä╣[39m [2mdist\[22mports-De0YRJuT.js                            [2m   3.12 kB[22m [2mΓöé gzip:   1.11 kB[22m
[34mΓä╣[39m [2mdist\[22mpath-env-DOuETl_u.js                         [2m   3.11 kB[22m [2mΓöé gzip:   1.22 kB[22m
[34mΓä╣[39m [2mdist\[22mconstants-glOGYdyH.js                        [2m   3.07 kB[22m [2mΓöé gzip:   0.85 kB[22m
[34mΓä╣[39m [2mdist\[22mretry-enSm5iWg.js                            [2m   2.96 kB[22m [2mΓöé gzip:   1.07 kB[22m
[34mΓä╣[39m [2mdist\[22mbindings-D_5_RPcn.js                         [2m   2.87 kB[22m [2mΓöé gzip:   0.87 kB[22m
[34mΓä╣[39m [2mdist\[22mnpm-registry-spec-BLmbJUGD.js                [2m   2.85 kB[22m [2mΓöé gzip:   1.12 kB[22m
[34mΓä╣[39m [2mdist\[22mpi-auth-json-HLUTQTg-.js                     [2m   2.82 kB[22m [2mΓöé gzip:   1.17 kB[22m
[34mΓä╣[39m [2mdist\[22mshared-C4Vz35nZ.js                           [2m   2.82 kB[22m [2mΓöé gzip:   1.05 kB[22m
[34mΓä╣[39m [2mdist\[22mhooks-status-BhBxvhWZ.js                     [2m   2.82 kB[22m [2mΓöé gzip:   1.13 kB[22m
[34mΓä╣[39m [2mdist\[22mcontrol-service-B4GeNMix.js                  [2m   2.81 kB[22m [2mΓöé gzip:   1.07 kB[22m
[34mΓä╣[39m [2mdist\[22margv-183TVgMB.js                             [2m   2.77 kB[22m [2mΓöé gzip:   1.00 kB[22m
[34mΓä╣[39m [2mdist\[22mautonomous-gateway-hook-CSZUkryQ.js          [2m   2.74 kB[22m [2mΓöé gzip:   1.05 kB[22m
[34mΓä╣[39m [2mdist\[22mheartbeat-visibility-GOUlDhk2.js             [2m   2.73 kB[22m [2mΓöé gzip:   0.96 kB[22m
[34mΓä╣[39m [2mdist\[22mclack-prompter-DhquRq6Z.js                   [2m   2.61 kB[22m [2mΓöé gzip:   0.85 kB[22m
[34mΓä╣[39m [2mdist\[22mlogin-Bq7to8O2.js                            [2m   2.53 kB[22m [2mΓöé gzip:   1.11 kB[22m
[34mΓä╣[39m [2mdist\[22mwhatsapp-actions-Bx9FJnQz.js                 [2m   2.46 kB[22m [2mΓöé gzip:   1.05 kB[22m
[34mΓä╣[39m [2mdist\[22mformat-duration-BUgR8KSB.js                  [2m   2.42 kB[22m [2mΓöé gzip:   0.91 kB[22m
[34mΓä╣[39m [2mdist\[22mstore-Bci6x4Ci.js                            [2m   2.23 kB[22m [2mΓöé gzip:   1.05 kB[22m
[34mΓä╣[39m [2mdist\[22monboard-hooks-BPSKIg8r.js                    [2m   2.19 kB[22m [2mΓöé gzip:   1.02 kB[22m
[34mΓä╣[39m [2mdist\[22mformat-relative-TU8IDQdE.js                  [2m   2.13 kB[22m [2mΓöé gzip:   0.86 kB[22m
[34mΓä╣[39m [2mdist\[22mchannel-selection-CpgDhcrU.js                [2m   2.06 kB[22m [2mΓöé gzip:   0.73 kB[22m
[34mΓä╣[39m [2mdist\[22mnode-service-BM082_87.js                     [2m   2.04 kB[22m [2mΓöé gzip:   0.61 kB[22m
[34mΓä╣[39m [2mdist\[22maccounts-BfaSX6Pk.js                         [2m   2.01 kB[22m [2mΓöé gzip:   0.72 kB[22m
[34mΓä╣[39m [2mdist\[22msystemd-hints-DdMhq0f4.js                    [2m   2.00 kB[22m [2mΓöé gzip:   0.80 kB[22m
[34mΓä╣[39m [2mdist\[22mruntime-guard-Co_twvze.js                    [2m   1.97 kB[22m [2mΓöé gzip:   0.82 kB[22m
[34mΓä╣[39m [2mdist\[22mpolls-CCM1wPi7.js                            [2m   1.96 kB[22m [2mΓöé gzip:   0.63 kB[22m
[34mΓä╣[39m [2mdist\[22mcommand-format-VSTHcwJu.js                   [2m   1.93 kB[22m [2mΓöé gzip:   0.73 kB[22m
[34mΓä╣[39m [2mdist\[22msystem-run-command-Cabws-HU.js               [2m   1.91 kB[22m [2mΓöé gzip:   0.79 kB[22m
[34mΓä╣[39m [2mdist\[22mfetch--Kbi7GT3.js                            [2m   1.88 kB[22m [2mΓöé gzip:   0.67 kB[22m
[34mΓä╣[39m [2mdist\[22mscreenshot-CYhIUdJn.js                       [2m   1.82 kB[22m [2mΓöé gzip:   0.83 kB[22m
[34mΓä╣[39m [2mdist\[22mmarkdown-tables-CEiuoNr5.js                  [2m   1.72 kB[22m [2mΓöé gzip:   0.70 kB[22m
[34mΓä╣[39m [2mdist\[22mbrew-Ctm05uTj.js                             [2m   1.65 kB[22m [2mΓöé gzip:   0.58 kB[22m
[34mΓä╣[39m [2mdist\[22mplugins-B5UG3z2d.js                          [2m   1.60 kB[22m [2mΓöé gzip:   0.66 kB[22m
[34mΓä╣[39m [2mdist\[22mauth-choice-prompt-DPxQWVDL.js               [2m   1.57 kB[22m [2mΓöé gzip:   0.66 kB[22m
[34mΓä╣[39m [2mdist\[22mpaths-C7WU7c76.js                            [2m   1.56 kB[22m [2mΓöé gzip:   0.63 kB[22m
[34mΓä╣[39m [2mdist\[22mconversation-label-D1frnvYe.js               [2m   1.51 kB[22m [2mΓöé gzip:   0.64 kB[22m
[34mΓä╣[39m [2mdist\[22mdeps-DPalqvHJ.js                             [2m   1.51 kB[22m [2mΓöé gzip:   0.43 kB[22m
[34mΓä╣[39m [2mdist\[22musage-format-B1eY6l9C.js                     [2m   1.50 kB[22m [2mΓöé gzip:   0.58 kB[22m
[34mΓä╣[39m [2mdist\[22maccounts-JP4qugQb.js                         [2m   1.47 kB[22m [2mΓöé gzip:   0.57 kB[22m
[34mΓä╣[39m [2mdist\[22merrors-CdJjJ1Jq.js                           [2m   1.43 kB[22m [2mΓöé gzip:   0.60 kB[22m
[34mΓä╣[39m [2mdist\[22mhealth-format-ZSIr07cB.js                    [2m   1.42 kB[22m [2mΓöé gzip:   0.66 kB[22m
[34mΓä╣[39m [2mdist\[22mactive-listener-CZlZ8po5.js                  [2m   1.40 kB[22m [2mΓöé gzip:   0.58 kB[22m
[34mΓä╣[39m [2mdist\[22mipv4-ChlJaRxZ.js                             [2m   1.38 kB[22m [2mΓöé gzip:   0.72 kB[22m
[34mΓä╣[39m [2mdist\[22mfetch-timeout-Db3da8yR.js                    [2m   1.37 kB[22m [2mΓöé gzip:   0.70 kB[22m
[34mΓä╣[39m [2mdist\[22mplugin-registry-BIkSGnQe.js                  [2m   1.35 kB[22m [2mΓöé gzip:   0.58 kB[22m
[34mΓä╣[39m [2mdist\[22mnode-match-ctmNPwzU.js                       [2m   1.33 kB[22m [2mΓöé gzip:   0.57 kB[22m
[34mΓä╣[39m [2mdist\[22mdiagnostics-BGHX5P7b.js                      [2m   1.28 kB[22m [2mΓöé gzip:   0.59 kB[22m
[34mΓä╣[39m [2mdist\[22mshell-argv-8-zg81xn.js                       [2m   1.28 kB[22m [2mΓöé gzip:   0.53 kB[22m
[34mΓä╣[39m [2mdist\[22mparse-log-line-LEXRMnqc.js                   [2m   1.23 kB[22m [2mΓöé gzip:   0.52 kB[22m
[34mΓä╣[39m [2mdist\[22mtailnet-Cbhv6uXB.js                          [2m   1.23 kB[22m [2mΓöé gzip:   0.56 kB[22m
[34mΓä╣[39m [2mdist\[22mchannel-options-DqJ-9_fg.js                  [2m   1.21 kB[22m [2mΓöé gzip:   0.57 kB[22m
[34mΓä╣[39m [2mdist\[22menv-C08Na6Ub.js                              [2m   1.21 kB[22m [2mΓöé gzip:   0.58 kB[22m
[34mΓä╣[39m [2mdist\[22mgateway-rpc-CmFLavqg.js                      [2m   1.17 kB[22m [2mΓöé gzip:   0.62 kB[22m
[34mΓä╣[39m [2mdist\[22mtables-5lu0mzGf.js                           [2m   1.15 kB[22m [2mΓöé gzip:   0.57 kB[22m
[34mΓä╣[39m [2mdist\[22mis-main-B8W6VsR-.js                          [2m   1.00 kB[22m [2mΓöé gzip:   0.40 kB[22m
[34mΓä╣[39m [2mdist\[22mstatus-DKKaLQXr.js                           [2m   0.97 kB[22m [2mΓöé gzip:   0.43 kB[22m
[34mΓä╣[39m [2mdist\[22menable-DAQOAVs6.js                           [2m   0.90 kB[22m [2mΓöé gzip:   0.37 kB[22m
[34mΓä╣[39m [2mdist\[22mdangerous-tools-CdTnu3m4.js                  [2m   0.87 kB[22m [2mΓöé gzip:   0.49 kB[22m
[34mΓä╣[39m [2mdist\[22mboolean-BsqeuxE6.js                          [2m   0.86 kB[22m [2mΓöé gzip:   0.38 kB[22m
[34mΓä╣[39m [2mdist\[22mcli-utils-1c5fmOOR.js                        [2m   0.86 kB[22m [2mΓöé gzip:   0.42 kB[22m
[34mΓä╣[39m [2mdist\[22mpi-model-discovery-DX1x3UsN.js               [2m   0.84 kB[22m [2mΓöé gzip:   0.37 kB[22m
[34mΓä╣[39m [2mdist\[22mstatus-bTdQW3Mt.js                           [2m   0.82 kB[22m [2mΓöé gzip:   0.35 kB[22m
[34mΓä╣[39m [2mdist\[22mpath-safety-DeKWCLyK.js                      [2m   0.81 kB[22m [2mΓöé gzip:   0.35 kB[22m
[34mΓä╣[39m [2mdist\[22mtargets-iL8HN-Ti.js                          [2m   0.80 kB[22m [2mΓöé gzip:   0.36 kB[22m
[34mΓä╣[39m [2mdist\[22mhelpers-BwzKU4J1.js                          [2m   0.79 kB[22m [2mΓöé gzip:   0.39 kB[22m
[34mΓä╣[39m [2mdist\[22mformat-tTN2lxAh.js                           [2m   0.76 kB[22m [2mΓöé gzip:   0.40 kB[22m
[34mΓä╣[39m [2mdist\[22mlogging-DQX2M0jL.js                          [2m   0.73 kB[22m [2mΓöé gzip:   0.38 kB[22m
[34mΓä╣[39m [2mdist\[22mtrash-CLKKV70f.js                            [2m   0.71 kB[22m [2mΓöé gzip:   0.39 kB[22m
[34mΓä╣[39m [2mdist\[22mparse-D09anl3s.js                            [2m   0.70 kB[22m [2mΓöé gzip:   0.36 kB[22m
[34mΓä╣[39m [2mdist\[22mwsl-CbNE3xI0.js                              [2m   0.68 kB[22m [2mΓöé gzip:   0.37 kB[22m
[34mΓä╣[39m [2mdist\[22mhelp-format-BlCM-bHf.js                      [2m   0.67 kB[22m [2mΓöé gzip:   0.30 kB[22m
[34mΓä╣[39m [2mdist\[22mauth-choice-legacy-DTs7IcRQ.js               [2m   0.64 kB[22m [2mΓöé gzip:   0.31 kB[22m
[34mΓä╣[39m [2mdist\[22mscan-paths-BfEoRAIn.js                       [2m   0.64 kB[22m [2mΓöé gzip:   0.35 kB[22m
[34mΓä╣[39m [2mdist\[22monboard-config-Cuvqykyw.js                   [2m   0.64 kB[22m [2mΓöé gzip:   0.32 kB[22m
[34mΓä╣[39m [2mdist\[22mclipboard-Seh5SfiY.js                        [2m   0.63 kB[22m [2mΓöé gzip:   0.37 kB[22m
[34mΓä╣[39m [2mdist\[22mtranscript-events-DdnTeoR1.js                [2m   0.59 kB[22m [2mΓöé gzip:   0.29 kB[22m
[34mΓä╣[39m [2mdist\[22mworkspace-dirs-CALBzc7f.js                   [2m   0.58 kB[22m [2mΓöé gzip:   0.32 kB[22m
[34mΓä╣[39m [2mdist\[22mproxy-DAiIwi2C.js                            [2m   0.58 kB[22m [2mΓöé gzip:   0.34 kB[22m
[34mΓä╣[39m [2mdist\[22moutbound-attachment-oE2tHnRB.js              [2m   0.57 kB[22m [2mΓöé gzip:   0.33 kB[22m
[34mΓä╣[39m [2mdist\[22mchannels-status-issues-CIBmKiLE.js           [2m   0.55 kB[22m [2mΓöé gzip:   0.31 kB[22m
[34mΓä╣[39m [2mdist\[22mtokens-BpVeJ-Q9.js                           [2m   0.52 kB[22m [2mΓöé gzip:   0.32 kB[22m
[34mΓä╣[39m [2mdist\[22mmodel-param-b-CouR01is.js                    [2m   0.49 kB[22m [2mΓöé gzip:   0.32 kB[22m
[34mΓä╣[39m [2mdist\[22mlinks-qzZupXI3.js                            [2m   0.49 kB[22m [2mΓöé gzip:   0.31 kB[22m
[34mΓä╣[39m [2mdist\[22msecret-equal-7UEI0ktk.js                     [2m   0.48 kB[22m [2mΓöé gzip:   0.25 kB[22m
[34mΓä╣[39m [2mdist\[22mparse-timeout-D6jdFkXC.js                    [2m   0.46 kB[22m [2mΓöé gzip:   0.26 kB[22m
[34mΓä╣[39m [2mdist\[22mprompt-style-C5zt0Yfm.js                     [2m   0.45 kB[22m [2mΓöé gzip:   0.24 kB[22m
[34mΓä╣[39m [2mdist\[22mparse-port-CshWaSQ9.js                       [2m   0.43 kB[22m [2mΓöé gzip:   0.25 kB[22m
[34mΓä╣[39m [2mdist\[22mrolldown-runtime-Cbj13DAv.js                 [2m   0.42 kB[22m [2mΓöé gzip:   0.28 kB[22m
[34mΓä╣[39m [2mdist\[22mhelpers-MrJjrmXn.js                          [2m   0.41 kB[22m [2mΓöé gzip:   0.26 kB[22m
[34mΓä╣[39m [2mdist\[22mallow-from-BbNswpZe.js                       [2m   0.39 kB[22m [2mΓöé gzip:   0.24 kB[22m
[34mΓä╣[39m [2mdist\[22moutbound-send-deps-C9ZQbUc7.js               [2m   0.39 kB[22m [2mΓöé gzip:   0.20 kB[22m
[34mΓä╣[39m [2mdist\[22mchat-type-DKb2TlGZ.js                        [2m   0.33 kB[22m [2mΓöé gzip:   0.20 kB[22m
[34mΓä╣[39m [2mdist\[22mcommand-options-CUNEy6nx.js                  [2m   0.28 kB[22m [2mΓöé gzip:   0.19 kB[22m
[34mΓä╣[39m [2mdist\[22mpairing-labels-B94r4wGF.js                   [2m   0.26 kB[22m [2mΓöé gzip:   0.19 kB[22m
[34mΓä╣[39m [2mdist\[22mlegacy-names-_jbHwyml.js                     [2m   0.26 kB[22m [2mΓöé gzip:   0.17 kB[22m
[34mΓä╣[39m [2mdist\[22mprompts-DbBg4o39.js                          [2m   0.24 kB[22m [2mΓöé gzip:   0.17 kB[22m
[34mΓä╣[39m [2mdist\[22mlogging-CZCkEw2g.js                          [2m   0.01 kB[22m [2mΓöé gzip:   0.03 kB[22m
[34mΓä╣[39m 275 files, total: 7100.06 kB
[32mΓ£ö[39m Build complete in [32m3766ms[39m
[34mΓä╣[39m [2mdist\[22m[1mentry.js[22m                                     [2m  81.00 kB[22m [2mΓöé gzip:  22.28 kB[22m
[34mΓä╣[39m [2mdist\[22msubagent-registry-BiNJpG_2.js                [2m2136.03 kB[22m
[34mΓä╣[39m [2mdist\[22mgateway-cli-DRw3ML7E.js                      [2m 724.27 kB[22m [2mΓöé gzip: 172.21 kB[22m
[34mΓä╣[39m [2mdist\[22mconfig-BtO94gLM.js                           [2m 208.80 kB[22m [2mΓöé gzip:  41.89 kB[22m
[34mΓä╣[39m [2mdist\[22mauth-profiles-bpq7oYx-.js                    [2m 127.25 kB[22m [2mΓöé gzip:  29.34 kB[22m
[34mΓä╣[39m [2mdist\[22mautonomous-z6RYrhN0.js                       [2m 118.19 kB[22m [2mΓöé gzip:  34.06 kB[22m
[34mΓä╣[39m [2mdist\[22mmanager-BlCOenZ6.js                          [2m 115.18 kB[22m [2mΓöé gzip:  24.81 kB[22m
[34mΓä╣[39m [2mdist\[22maudit-DvHd45EG.js                            [2m 102.26 kB[22m [2mΓöé gzip:  24.71 kB[22m
[34mΓä╣[39m [2mdist\[22msend-BaQ_AdvC.js                             [2m 101.47 kB[22m [2mΓöé gzip:  24.17 kB[22m
[34mΓä╣[39m [2mdist\[22mtui-Cb4oC4PE.js                              [2m  99.05 kB[22m [2mΓöé gzip:  23.49 kB[22m
[34mΓä╣[39m [2mdist\[22mmodels-AT23Vvve.js                           [2m  85.43 kB[22m [2mΓöé gzip:  20.46 kB[22m
[34mΓä╣[39m [2mdist\[22mweb-Bpw85BkZ.js                              [2m  82.38 kB[22m [2mΓöé gzip:  21.29 kB[22m
[34mΓä╣[39m [2mdist\[22mstatus-BgDi2HhA.js                           [2m  77.40 kB[22m [2mΓöé gzip:  19.97 kB[22m
[34mΓä╣[39m [2mdist\[22mdoctor-BmSC9FbW.js                           [2m  73.90 kB[22m [2mΓöé gzip:  19.83 kB[22m
[34mΓä╣[39m [2mdist\[22msandbox-BScPU0kH.js                          [2m  73.26 kB[22m [2mΓöé gzip:  17.84 kB[22m
[34mΓä╣[39m [2mdist\[22mauth-choice-CXR8l4B-.js                      [2m  71.81 kB[22m [2mΓöé gzip:  13.16 kB[22m
[34mΓä╣[39m [2mdist\[22mclient-CC8zldio.js                           [2m  69.89 kB[22m [2mΓöé gzip:  12.60 kB[22m
[34mΓä╣[39m [2mdist\[22mbrowser-cli-DZzlURP9.js                      [2m  66.72 kB[22m [2mΓöé gzip:  11.80 kB[22m
[34mΓä╣[39m [2mdist\[22mpw-ai-CYtnusFu.js                            [2m  62.34 kB[22m [2mΓöé gzip:  14.69 kB[22m
[34mΓä╣[39m [2mdist\[22msend-TXQZsnVY.js                             [2m  59.84 kB[22m [2mΓöé gzip:  15.23 kB[22m
[34mΓä╣[39m [2mdist\[22mrunner-CGDvVzgw.js                           [2m  59.49 kB[22m [2mΓöé gzip:  14.07 kB[22m
[34mΓä╣[39m [2mdist\[22mroutes-B_JjfsMO.js                           [2m  57.37 kB[22m [2mΓöé gzip:   9.43 kB[22m
[34mΓä╣[39m [2mdist\[22mchannels-cli-D-ANMUMN.js                     [2m  55.08 kB[22m [2mΓöé gzip:  14.50 kB[22m
[34mΓä╣[39m [2mdist\[22mchrome-qg-k6vqA.js                           [2m  51.93 kB[22m [2mΓöé gzip:  12.99 kB[22m
[34mΓä╣[39m [2mdist\[22mnodes-cli-BrMmhCOj.js                        [2m  50.50 kB[22m [2mΓöé gzip:  11.28 kB[22m
[34mΓä╣[39m [2mdist\[22mhealth-B21iffyb.js                           [2m  48.81 kB[22m [2mΓöé gzip:  11.66 kB[22m
[34mΓä╣[39m [2mdist\[22msessions-DKmZQl7F.js                         [2m  45.90 kB[22m [2mΓöé gzip:  11.91 kB[22m
[34mΓä╣[39m [2mdist\[22mnode-cli-CmAQ-Vwy.js                         [2m  43.34 kB[22m [2mΓöé gzip:  11.65 kB[22m
[34mΓä╣[39m [2mdist\[22mdoctor-config-flow-uckaifhK.js               [2m  42.96 kB[22m [2mΓöé gzip:   9.86 kB[22m
[34mΓä╣[39m [2mdist\[22mpi-embedded-helpers-C3r7a4uG.js              [2m  41.88 kB[22m [2mΓöé gzip:  11.02 kB[22m
[34mΓä╣[39m [2mdist\[22mupdate-cli-B1l_ofLd.js                       [2m  41.36 kB[22m [2mΓöé gzip:  11.89 kB[22m
[34mΓä╣[39m [2mdist\[22monboard-DRgX0ZOo.js                          [2m  38.31 kB[22m [2mΓöé gzip:   8.14 kB[22m
[34mΓä╣[39m [2mdist\[22mdeliver-C_ItqjQB.js                          [2m  37.58 kB[22m [2mΓöé gzip:   9.59 kB[22m
[34mΓä╣[39m [2mdist\[22msession-utils-Ds66w4fn.js                    [2m  37.49 kB[22m [2mΓöé gzip:   9.93 kB[22m
[34mΓä╣[39m [2mdist\[22mauth-token-BY43uhTa.js                       [2m  36.59 kB[22m [2mΓöé gzip:   6.21 kB[22m
[34mΓä╣[39m [2mdist\[22mexec-approvals-BE2m6huW.js                   [2m  36.52 kB[22m [2mΓöé gzip:   8.49 kB[22m
[34mΓä╣[39m [2mdist\[22mqmd-manager-DAenlTmu.js                      [2m  35.78 kB[22m [2mΓöé gzip:   9.68 kB[22m
[34mΓä╣[39m [2mdist\[22mhooks-cli-DY7ATwZ9.js                        [2m  35.41 kB[22m [2mΓöé gzip:   8.75 kB[22m
[34mΓä╣[39m [2mdist\[22macp-cli-Baak8G8T.js                          [2m  34.77 kB[22m [2mΓöé gzip:   9.27 kB[22m
[34mΓä╣[39m [2mdist\[22mmemory-cli-WpQ0ezAQ.js                       [2m  34.08 kB[22m [2mΓöé gzip:   8.41 kB[22m
[34mΓä╣[39m [2mdist\[22mregister.message-B1H3P1-O.js                 [2m  33.36 kB[22m [2mΓöé gzip:   8.20 kB[22m
[34mΓä╣[39m [2mdist\[22mconfigure-DZirALyr.js                        [2m  32.41 kB[22m [2mΓöé gzip:   8.67 kB[22m
[34mΓä╣[39m [2mdist\[22magent-DUPKRNoA.js                            [2m  31.81 kB[22m [2mΓöé gzip:   7.89 kB[22m
[34mΓä╣[39m [2mdist\[22mserver-context-DeRH78xJ.js                   [2m  29.89 kB[22m [2mΓöé gzip:   7.75 kB[22m
[34mΓä╣[39m [2mdist\[22mcommands-registry-H2pXAPGq.js                [2m  29.31 kB[22m [2mΓöé gzip:   6.68 kB[22m
[34mΓä╣[39m [2mdist\[22magents-DC4s05f1.js                           [2m  28.73 kB[22m [2mΓöé gzip:   7.14 kB[22m
[34mΓä╣[39m [2mdist\[22mplugins-cli-WJu-xfVY.js                      [2m  28.40 kB[22m [2mΓöé gzip:   7.88 kB[22m
[34mΓä╣[39m [2mdist\[22mir-DCqtVNAe.js                               [2m  27.43 kB[22m [2mΓöé gzip:   6.90 kB[22m
[34mΓä╣[39m [2mdist\[22mskills-CpssLkD1.js                           [2m  26.74 kB[22m [2mΓöé gzip:   7.08 kB[22m
[34mΓä╣[39m [2mdist\[22mdock-BaR9rcZE.js                             [2m  26.09 kB[22m [2mΓöé gzip:   4.87 kB[22m
[34mΓä╣[39m [2mdist\[22mdaemon-cli-F3ht3asT.js                       [2m  25.40 kB[22m [2mΓöé gzip:   7.05 kB[22m
[34mΓä╣[39m [2mdist\[22mskill-commands-CJ6hszr7.js                   [2m  24.29 kB[22m [2mΓöé gzip:   6.57 kB[22m
[34mΓä╣[39m [2mdist\[22msession-cost-usage-D-UEzcsn.js               [2m  24.21 kB[22m [2mΓöé gzip:   5.82 kB[22m
[34mΓä╣[39m [2mdist\[22mupdate-runner-Dcm1WgFm.js                    [2m  23.90 kB[22m [2mΓöé gzip:   5.37 kB[22m
[34mΓä╣[39m [2mdist\[22mcron-cli-D6EjgJ6H.js                         [2m  23.43 kB[22m [2mΓöé gzip:   5.83 kB[22m
[34mΓä╣[39m [2mdist\[22mmanifest-registry-CbKQUFQw.js                [2m  22.50 kB[22m [2mΓöé gzip:   5.55 kB[22m
[34mΓä╣[39m [2mdist\[22monboard-channels-BLviuJyd.js                 [2m  22.46 kB[22m [2mΓöé gzip:   5.79 kB[22m
[34mΓä╣[39m [2mdist\[22msandbox-cli-CjU52ntN.js                      [2m  22.07 kB[22m [2mΓöé gzip:   5.76 kB[22m
[34mΓä╣[39m [2mdist\[22mservice-BEnX7bUR.js                          [2m  21.50 kB[22m [2mΓöé gzip:   5.27 kB[22m
[34mΓä╣[39m [2mdist\[22mregister.maintenance-Cqj1QFhD.js             [2m  20.78 kB[22m [2mΓöé gzip:   6.01 kB[22m
[34mΓä╣[39m [2mdist\[22mskills-install-D00lZstm.js                   [2m  20.62 kB[22m [2mΓöé gzip:   5.42 kB[22m
[34mΓä╣[39m [2mdist\[22mimage-DjYgwnjI.js                            [2m  19.03 kB[22m [2mΓöé gzip:   5.68 kB[22m
[34mΓä╣[39m [2mdist\[22monboarding.finalize-DklwlEJi.js              [2m  18.82 kB[22m [2mΓöé gzip:   6.03 kB[22m
[34mΓä╣[39m [2mdist\[22mtool-display-BYQEZQnf.js                     [2m  17.42 kB[22m [2mΓöé gzip:   4.11 kB[22m
[34mΓä╣[39m [2mdist\[22magent-scope-NDJGwP8g.js                      [2m  17.35 kB[22m [2mΓöé gzip:   4.44 kB[22m
[34mΓä╣[39m [2mdist\[22msend-1ZeOGJGK.js                             [2m  17.15 kB[22m [2mΓöé gzip:   5.09 kB[22m
[34mΓä╣[39m [2mdist\[22mcompletion-cli-DmT7yLO2.js                   [2m  16.91 kB[22m [2mΓöé gzip:   4.54 kB[22m
[34mΓä╣[39m [2mdist\[22mservice-audit-ScCu5-_K.js                    [2m  16.76 kB[22m [2mΓöé gzip:   4.29 kB[22m
[34mΓä╣[39m [2mdist\[22mdaemon-runtime-TM5AWqmL.js                   [2m  16.26 kB[22m [2mΓöé gzip:   4.52 kB[22m
[34mΓä╣[39m [2mdist\[22mmodels-cli-DtQYxxxf.js                       [2m  15.70 kB[22m [2mΓöé gzip:   4.00 kB[22m
[34mΓä╣[39m [2mdist\[22msend-BY4g1x-P.js                             [2m  15.41 kB[22m [2mΓöé gzip:   4.08 kB[22m
[34mΓä╣[39m [2mdist\[22mgmail-setup-utils-C-_z1FzY.js                [2m  15.34 kB[22m [2mΓöé gzip:   4.46 kB[22m
[34mΓä╣[39m [2mdist\[22msecurity-cli-Dh99RCNC.js                     [2m  15.12 kB[22m [2mΓöé gzip:   4.38 kB[22m
[34mΓä╣[39m [2mdist\[22mwebhooks-cli-DlGIBlPE.js                     [2m  15.04 kB[22m [2mΓöé gzip:   4.09 kB[22m
[34mΓä╣[39m [2mdist\[22monboard-custom-BxbSHR9y.js                   [2m  15.02 kB[22m [2mΓöé gzip:   4.23 kB[22m
[34mΓä╣[39m [2mdist\[22msystemd-Cq3jSran.js                          [2m  14.93 kB[22m [2mΓöé gzip:   4.30 kB[22m
[34mΓä╣[39m [2mdist\[22mregister.agent-CQjWj_C2.js                   [2m  14.51 kB[22m [2mΓöé gzip:   5.17 kB[22m
[34mΓä╣[39m [2mdist\[22monboard-helpers-gvexMJKd.js                  [2m  14.50 kB[22m [2mΓöé gzip:   4.49 kB[22m
[34mΓä╣[39m [2mdist\[22mpairing-store-D9fixBZe.js                    [2m  14.12 kB[22m [2mΓöé gzip:   3.64 kB[22m
[34mΓä╣[39m [2mdist\[22monboarding-BXx37spu.js                       [2m  13.52 kB[22m [2mΓöé gzip:   4.12 kB[22m
[34mΓä╣[39m [2mdist\[22mrun-main-CwxghtOJ.js                         [2m  13.46 kB[22m [2mΓöé gzip:   4.02 kB[22m
[34mΓä╣[39m [2mdist\[22mnormalize-7I11kiq3.js                        [2m  13.39 kB[22m [2mΓöé gzip:   3.05 kB[22m
[34mΓä╣[39m [2mdist\[22mexec-approvals-cli-B2XoBJe7.js               [2m  13.08 kB[22m [2mΓöé gzip:   3.61 kB[22m
[34mΓä╣[39m [2mdist\[22mmodel-picker-CWLFXptE.js                     [2m  13.04 kB[22m [2mΓöé gzip:   3.47 kB[22m
[34mΓä╣[39m [2mdist\[22mauth-DmxxnIDe.js                             [2m  12.88 kB[22m [2mΓöé gzip:   3.60 kB[22m
[34mΓä╣[39m [2mdist\[22mbonjour-discovery-C9fHjU3U.js                [2m  12.85 kB[22m [2mΓöé gzip:   3.73 kB[22m
[34mΓä╣[39m [2mdist\[22mchunk-DN0oijJ3.js                            [2m  12.72 kB[22m [2mΓöé gzip:   3.50 kB[22m
[34mΓä╣[39m [2mdist\[22minstalls-CskKPNh_.js                         [2m  12.63 kB[22m [2mΓöé gzip:   3.26 kB[22m
[34mΓä╣[39m [2mdist\[22mlifecycle-core-DC3VfK8a.js                   [2m  12.15 kB[22m [2mΓöé gzip:   3.09 kB[22m
[34mΓä╣[39m [2mdist\[22mskills-cli-DcCRVT1Y.js                       [2m  11.70 kB[22m [2mΓöé gzip:   2.88 kB[22m
[34mΓä╣[39m [2mdist\[22mws-log-DPqcHpDe.js                           [2m  11.52 kB[22m [2mΓöé gzip:   2.94 kB[22m
[34mΓä╣[39m [2mdist\[22mbanner-OucYXa6I.js                           [2m  11.41 kB[22m [2mΓöé gzip:   4.68 kB[22m
[34mΓä╣[39m [2mdist\[22mcall-CLd6RvG7.js                             [2m  11.29 kB[22m [2mΓöé gzip:   3.40 kB[22m
[34mΓä╣[39m [2mdist\[22msend-H2a-nt3x.js                             [2m  11.28 kB[22m [2mΓöé gzip:   3.42 kB[22m
[34mΓä╣[39m [2mdist\[22mupdate-check-CShwNfuk.js                     [2m  11.10 kB[22m [2mΓöé gzip:   2.98 kB[22m
[34mΓä╣[39m [2mdist\[22minstall-safe-path-BhDkqUM-.js                [2m  11.08 kB[22m [2mΓöé gzip:   3.40 kB[22m
[34mΓä╣[39m [2mdist\[22msqlite-ai9hWZSc.js                           [2m  10.46 kB[22m [2mΓöé gzip:   3.43 kB[22m
[34mΓä╣[39m [2mdist\[22mmodel-D3hn7B1Q.js                            [2m  10.40 kB[22m [2mΓöé gzip:   2.41 kB[22m
[34mΓä╣[39m [2mdist\[22mlogin-qr-Dpabzwrv.js                         [2m  10.36 kB[22m [2mΓöé gzip:   3.59 kB[22m
[34mΓä╣[39m [2mdist\[22mworkspace-C3VuEVgM.js                        [2m  10.32 kB[22m [2mΓöé gzip:   3.00 kB[22m
[34mΓä╣[39m [2mdist\[22mserver-node-events-Ba-PZnmY.js               [2m  10.21 kB[22m [2mΓöé gzip:   3.34 kB[22m
[34mΓä╣[39m [2mdist\[22mregister.onboard-BKcd0X6i.js                 [2m  10.21 kB[22m [2mΓöé gzip:   3.67 kB[22m
[34mΓä╣[39m [2mdist\[22mplugin-auto-enable-B6uZCoug.js               [2m   9.99 kB[22m [2mΓöé gzip:   2.52 kB[22m
[34mΓä╣[39m [2mdist\[22mports-Bv_DoBTP.js                            [2m   9.76 kB[22m [2mΓöé gzip:   2.87 kB[22m
[34mΓä╣[39m [2mdist\[22maccounts-D39iGvOB.js                         [2m   9.31 kB[22m [2mΓöé gzip:   2.74 kB[22m
[34mΓä╣[39m [2mdist\[22mpi-tools.policy-C0EIGd2I.js                  [2m   9.25 kB[22m [2mΓöé gzip:   2.66 kB[22m
[34mΓä╣[39m [2mdist\[22mresolve-route-Dmg9pX2R.js                    [2m   9.19 kB[22m [2mΓöé gzip:   2.58 kB[22m
[34mΓä╣[39m [2mdist\[22mimage-ops-DXBqR3Bm.js                        [2m   9.11 kB[22m [2mΓöé gzip:   2.67 kB[22m
[34mΓä╣[39m [2mdist\[22mssrf-B2Y1od3A.js                             [2m   8.90 kB[22m [2mΓöé gzip:   2.50 kB[22m
[34mΓä╣[39m [2mdist\[22mtailscale-DiKAvIaO.js                        [2m   8.85 kB[22m [2mΓöé gzip:   2.76 kB[22m
[34mΓä╣[39m [2mdist\[22mprogram-CqOEuV5i.js                          [2m   8.79 kB[22m [2mΓöé gzip:   3.52 kB[22m
[34mΓä╣[39m [2mdist\[22mupdate-BOIygxrq.js                           [2m   8.69 kB[22m [2mΓöé gzip:   2.18 kB[22m
[34mΓä╣[39m [2mdist\[22mconfig-cli-CNKPSQoR.js                       [2m   8.55 kB[22m [2mΓöé gzip:   2.42 kB[22m
[34mΓä╣[39m [2mdist\[22mnet-BdCqGqx_.js                              [2m   8.48 kB[22m [2mΓöé gzip:   2.76 kB[22m
[34mΓä╣[39m [2mdist\[22mlogs-cli-UYxa9wbG.js                         [2m   8.48 kB[22m [2mΓöé gzip:   2.85 kB[22m
[34mΓä╣[39m [2mdist\[22mtable-DK_J97nh.js                            [2m   8.43 kB[22m [2mΓöé gzip:   2.73 kB[22m
[34mΓä╣[39m [2mdist\[22msession-key-BGiG_JcT.js                      [2m   8.28 kB[22m [2mΓöé gzip:   1.98 kB[22m
[34mΓä╣[39m [2mdist\[22mprovider-auth-helpers-D8coqmSU.js            [2m   8.19 kB[22m [2mΓöé gzip:   2.93 kB[22m
[34mΓä╣[39m [2mdist\[22mexec-CBKBIMpA.js                             [2m   8.06 kB[22m [2mΓöé gzip:   2.58 kB[22m
[34mΓä╣[39m [2mdist\[22mregister.status-health-sessions-EHlaehbO.js  [2m   7.97 kB[22m [2mΓöé gzip:   2.85 kB[22m
[34mΓä╣[39m [2mdist\[22mregister.subclis-XO0dEHlp.js                 [2m   7.92 kB[22m [2mΓöé gzip:   2.05 kB[22m
[34mΓä╣[39m [2mdist\[22mnodes-screen-eqqZpTAy.js                     [2m   7.91 kB[22m [2mΓöé gzip:   2.23 kB[22m
[34mΓä╣[39m [2mdist\[22mdns-cli-KeXkEqoJ.js                          [2m   7.62 kB[22m [2mΓöé gzip:   2.83 kB[22m
[34mΓä╣[39m [2mdist\[22mskill-scanner-B9SpdNXm.js                    [2m   7.60 kB[22m [2mΓöé gzip:   2.53 kB[22m
[34mΓä╣[39m [2mdist\[22mauth-choice-options-DewcBvrX.js              [2m   7.57 kB[22m [2mΓöé gzip:   2.04 kB[22m
[34mΓä╣[39m [2mdist\[22moutbound-Bekpbzrn.js                         [2m   7.52 kB[22m [2mΓöé gzip:   2.40 kB[22m
[34mΓä╣[39m [2mdist\[22mfrontmatter-BuqtYiY5.js                      [2m   7.33 kB[22m [2mΓöé gzip:   2.26 kB[22m
[34mΓä╣[39m [2mdist\[22magents.config-DSYdaxot.js                    [2m   7.30 kB[22m [2mΓöé gzip:   2.22 kB[22m
[34mΓä╣[39m [2mdist\[22mdelivery-queue-GPG1muHg.js                   [2m   7.26 kB[22m [2mΓöé gzip:   2.35 kB[22m
[34mΓä╣[39m [2mdist\[22mregister.setup-F07snl8X.js                   [2m   7.19 kB[22m [2mΓöé gzip:   2.89 kB[22m
[34mΓä╣[39m [2mdist\[22mdirectory-cli-4foR8fe6.js                    [2m   7.09 kB[22m [2mΓöé gzip:   1.98 kB[22m
[34mΓä╣[39m [2mdist\[22mcatalog-DPxKrI9O.js                          [2m   7.03 kB[22m [2mΓöé gzip:   2.13 kB[22m
[34mΓä╣[39m [2mdist\[22mdevices-cli-jH_8WBYa.js                      [2m   6.94 kB[22m [2mΓöé gzip:   2.06 kB[22m
[34mΓä╣[39m [2mdist\[22msessions-DmMZaSwe.js                         [2m   6.83 kB[22m [2mΓöé gzip:   2.33 kB[22m
[34mΓä╣[39m [2mdist\[22mopenai-model-default-DqHN1gtB.js             [2m   6.74 kB[22m [2mΓöé gzip:   2.22 kB[22m
[34mΓä╣[39m [2mdist\[22mcontrol-ui-assets-DRJMEeZv.js                [2m   6.59 kB[22m [2mΓöé gzip:   1.97 kB[22m
[34mΓä╣[39m [2mdist\[22mskills-status-CivfFfsz.js                    [2m   6.51 kB[22m [2mΓöé gzip:   2.15 kB[22m
[34mΓä╣[39m [2mdist\[22msession-9TV85jao.js                          [2m   6.50 kB[22m [2mΓöé gzip:   2.33 kB[22m
[34mΓä╣[39m [2mdist\[22mreply-prefix-DsclH-Oi.js                     [2m   6.47 kB[22m [2mΓöé gzip:   1.93 kB[22m
[34mΓä╣[39m [2mdist\[22mpaths-_Rmq00N6.js                            [2m   6.33 kB[22m [2mΓöé gzip:   1.67 kB[22m
[34mΓä╣[39m [2mdist\[22monboard-skills-BiwGDlMH.js                   [2m   5.79 kB[22m [2mΓöé gzip:   2.19 kB[22m
[34mΓä╣[39m [2mdist\[22monboarding.gateway-config-BGpQ6ale.js        [2m   5.79 kB[22m [2mΓöé gzip:   1.95 kB[22m
[34mΓä╣[39m [2mdist\[22mcommand-registry-eHNlHdhd.js                 [2m   5.76 kB[22m [2mΓöé gzip:   1.61 kB[22m
[34mΓä╣[39m [2mdist\[22mpairing-cli-Bp5GZRfe.js                      [2m   5.56 kB[22m [2mΓöé gzip:   1.96 kB[22m
[34mΓä╣[39m [2mdist\[22mdocs-cli-DvkO34Y8.js                         [2m   5.51 kB[22m [2mΓöé gzip:   2.01 kB[22m
[34mΓä╣[39m [2mdist\[22mregister.configure-B3ZkYHqE.js               [2m   5.17 kB[22m [2mΓöé gzip:   2.22 kB[22m
[34mΓä╣[39m [2mdist\[22mautonomous-cli-RIQSHuUH.js                   [2m   5.03 kB[22m [2mΓöé gzip:   1.62 kB[22m
[34mΓä╣[39m [2mdist\[22mfetch-VaB-Yg64.js                            [2m   5.00 kB[22m [2mΓöé gzip:   1.88 kB[22m
[34mΓä╣[39m [2mdist\[22mwidearea-dns-DeJ1ImNN.js                     [2m   4.99 kB[22m [2mΓöé gzip:   1.91 kB[22m
[34mΓä╣[39m [2mdist\[22mauth-health-CUMCcUML.js                      [2m   4.93 kB[22m [2mΓöé gzip:   1.51 kB[22m
[34mΓä╣[39m [2mdist\[22mtool-images-C1KueG_R.js                      [2m   4.88 kB[22m [2mΓöé gzip:   1.71 kB[22m
[34mΓä╣[39m [2mdist\[22mentry-status-Ck8EVLmf.js                     [2m   4.81 kB[22m [2mΓöé gzip:   1.09 kB[22m
[34mΓä╣[39m [2mdist\[22mthinking-C87vKug-.js                         [2m   4.78 kB[22m [2mΓöé gzip:   1.23 kB[22m
[34mΓä╣[39m [2mdist\[22mreplies-C32x47hp.js                          [2m   4.75 kB[22m [2mΓöé gzip:   1.54 kB[22m
[34mΓä╣[39m [2mdist\[22mcli-BJ9btHn8.js                              [2m   4.63 kB[22m [2mΓöé gzip:   1.92 kB[22m
[34mΓä╣[39m [2mdist\[22mshared-QygZSOve.js                           [2m   4.54 kB[22m [2mΓöé gzip:   1.73 kB[22m
[34mΓä╣[39m [2mdist\[22mmime-C9_iPCyG.js                             [2m   4.53 kB[22m [2mΓöé gzip:   1.49 kB[22m
[34mΓä╣[39m [2mdist\[22mwith-timeout-rqtE-J4P.js                     [2m   4.32 kB[22m [2mΓöé gzip:   1.71 kB[22m
[34mΓä╣[39m [2mdist\[22mmessage-channel-9yklCv_K.js                  [2m   4.27 kB[22m [2mΓöé gzip:   1.26 kB[22m
[34mΓä╣[39m [2mdist\[22mprogress-Dmls9azI.js                         [2m   4.14 kB[22m [2mΓöé gzip:   1.37 kB[22m
[34mΓä╣[39m [2mdist\[22mgithub-copilot-token-DuFIqfeC.js             [2m   4.14 kB[22m [2mΓöé gzip:   1.58 kB[22m
[34mΓä╣[39m [2mdist\[22mdoctor-completion-CDzZ0Sxt.js                [2m   4.12 kB[22m [2mΓöé gzip:   1.36 kB[22m
[34mΓä╣[39m [2mdist\[22monboard-remote-BrryuTgy.js                   [2m   4.10 kB[22m [2mΓöé gzip:   1.66 kB[22m
[34mΓä╣[39m [2mdist\[22mcommon-T5L28hbm.js                           [2m   4.07 kB[22m [2mΓöé gzip:   1.25 kB[22m
[34mΓä╣[39m [2mdist\[22minbound-context-C-9jlH7r.js                  [2m   3.95 kB[22m [2mΓöé gzip:   1.15 kB[22m
[34mΓä╣[39m [2mdist\[22mfetch-guard-DySYtxyY.js                      [2m   3.78 kB[22m [2mΓöé gzip:   1.45 kB[22m
[34mΓä╣[39m [2mdist\[22msystem-cli-Bwb0A8Ba.js                       [2m   3.76 kB[22m [2mΓöé gzip:   1.13 kB[22m
[34mΓä╣[39m [2mdist\[22mmodel-catalog-C1KIWs0t.js                    [2m   3.75 kB[22m [2mΓöé gzip:   1.37 kB[22m
[34mΓä╣[39m [2mdist\[22mstatus.update-BIkJ7Y3y.js                    [2m   3.74 kB[22m [2mΓöé gzip:   1.21 kB[22m
[34mΓä╣[39m [2mdist\[22magdi-root-CeFP4fWZ.js                        [2m   3.68 kB[22m [2mΓöé gzip:   1.08 kB[22m
[34mΓä╣[39m [2mdist\[22mredact-C5wI7Ob4.js                           [2m   3.67 kB[22m [2mΓöé gzip:   1.43 kB[22m
[34mΓä╣[39m [2mdist\[22mchannel-activity-B0GR_y1y.js                 [2m   3.63 kB[22m [2mΓöé gzip:   1.20 kB[22m
[34mΓä╣[39m [2mdist\[22mmodels-config-32k94MMY.js                    [2m   3.60 kB[22m [2mΓöé gzip:   1.27 kB[22m
[34mΓä╣[39m [2mdist\[22maudio-preflight-CDNOROg5.js                  [2m   3.52 kB[22m [2mΓöé gzip:   1.49 kB[22m
[34mΓä╣[39m [2mdist\[22mrpc-DpYVFarX.js                              [2m   3.50 kB[22m [2mΓöé gzip:   1.53 kB[22m
[34mΓä╣[39m [2mdist\[22mrender-CIF_SgbA.js                           [2m   3.29 kB[22m [2mΓöé gzip:   1.14 kB[22m
[34mΓä╣[39m [2mdist\[22mtui-cli-DZEfSiMP.js                          [2m   3.25 kB[22m [2mΓöé gzip:   1.48 kB[22m
[34mΓä╣[39m [2mdist\[22mvllm-setup-DDyjeqrD.js                       [2m   3.23 kB[22m [2mΓöé gzip:   1.22 kB[22m
[34mΓä╣[39m [2mdist\[22msystemd-linger-Dvj5d9k4.js                   [2m   3.19 kB[22m [2mΓöé gzip:   1.01 kB[22m
[34mΓä╣[39m [2mdist\[22mnote-DdCq7hrD.js                             [2m   3.16 kB[22m [2mΓöé gzip:   1.13 kB[22m
[34mΓä╣[39m [2mdist\[22mconfig-guard-DYjAblvk.js                     [2m   3.13 kB[22m [2mΓöé gzip:   1.15 kB[22m
[34mΓä╣[39m [2mdist\[22mports-smHlQ7OE.js                            [2m   3.13 kB[22m [2mΓöé gzip:   1.10 kB[22m
[34mΓä╣[39m [2mdist\[22mpath-env-CD7E14jb.js                         [2m   3.11 kB[22m [2mΓöé gzip:   1.21 kB[22m
[34mΓä╣[39m [2mdist\[22mconstants-DbbHrqxT.js                        [2m   3.07 kB[22m [2mΓöé gzip:   0.85 kB[22m
[34mΓä╣[39m [2mdist\[22mretry-J9TSazl0.js                            [2m   2.96 kB[22m [2mΓöé gzip:   1.06 kB[22m
[34mΓä╣[39m [2mdist\[22mbindings-B3_Y1T0G.js                         [2m   2.86 kB[22m [2mΓöé gzip:   0.85 kB[22m
[34mΓä╣[39m [2mdist\[22mnpm-registry-spec-BdT7YdE1.js                [2m   2.85 kB[22m [2mΓöé gzip:   1.12 kB[22m
[34mΓä╣[39m [2mdist\[22mhooks-status-BLiCFgIo.js                     [2m   2.81 kB[22m [2mΓöé gzip:   1.12 kB[22m
[34mΓä╣[39m [2mdist\[22mshared-8Gi2vvF_.js                           [2m   2.81 kB[22m [2mΓöé gzip:   1.04 kB[22m
[34mΓä╣[39m [2mdist\[22mcontrol-service-C_JsMikp.js                  [2m   2.80 kB[22m [2mΓöé gzip:   1.07 kB[22m
[34mΓä╣[39m [2mdist\[22mheartbeat-visibility-JgoQYZHO.js             [2m   2.73 kB[22m [2mΓöé gzip:   0.96 kB[22m
[34mΓä╣[39m [2mdist\[22mautonomous-gateway-hook-CXbNS_rY.js          [2m   2.73 kB[22m [2mΓöé gzip:   1.04 kB[22m
[34mΓä╣[39m [2mdist\[22mpi-auth-json-KGi8xcV1.js                     [2m   2.63 kB[22m [2mΓöé gzip:   1.08 kB[22m
[34mΓä╣[39m [2mdist\[22mclack-prompter-CEg1vTGB.js                   [2m   2.60 kB[22m [2mΓöé gzip:   0.84 kB[22m
[34mΓä╣[39m [2mdist\[22mlogin-B22ORauz.js                            [2m   2.48 kB[22m [2mΓöé gzip:   1.08 kB[22m
[34mΓä╣[39m [2mdist\[22mformat-duration-DLCmyMPh.js                  [2m   2.42 kB[22m [2mΓöé gzip:   0.91 kB[22m
[34mΓä╣[39m [2mdist\[22mwhatsapp-actions-j23pmZ78.js                 [2m   2.27 kB[22m [2mΓöé gzip:   0.98 kB[22m
[34mΓä╣[39m [2mdist\[22mstore-Be8zRri2.js                            [2m   2.22 kB[22m [2mΓöé gzip:   1.04 kB[22m
[34mΓä╣[39m [2mdist\[22mformat-relative-CEWK-aoC.js                  [2m   2.13 kB[22m [2mΓöé gzip:   0.86 kB[22m
[34mΓä╣[39m [2mdist\[22mchannel-selection-CtIYHsnb.js                [2m   2.06 kB[22m [2mΓöé gzip:   0.73 kB[22m
[34mΓä╣[39m [2mdist\[22mnode-service-COSn_obg.js                     [2m   2.04 kB[22m [2mΓöé gzip:   0.61 kB[22m
[34mΓä╣[39m [2mdist\[22monboard-hooks-CW8Se8rP.js                    [2m   2.03 kB[22m [2mΓöé gzip:   0.95 kB[22m
[34mΓä╣[39m [2mdist\[22maccounts-CWoY7vnX.js                         [2m   2.01 kB[22m [2mΓöé gzip:   0.72 kB[22m
[34mΓä╣[39m [2mdist\[22msystemd-hints-BxzKqOa0.js                    [2m   2.00 kB[22m [2mΓöé gzip:   0.79 kB[22m
[34mΓä╣[39m [2mdist\[22mpolls-CE7PaKd4.js                            [2m   1.96 kB[22m [2mΓöé gzip:   0.63 kB[22m
[34mΓä╣[39m [2mdist\[22mruntime-guard-D7tYw75t.js                    [2m   1.96 kB[22m [2mΓöé gzip:   0.80 kB[22m
[34mΓä╣[39m [2mdist\[22msystem-run-command-Cabws-HU.js               [2m   1.91 kB[22m [2mΓöé gzip:   0.79 kB[22m
[34mΓä╣[39m [2mdist\[22moutbound-send-deps-DDW-P4g6.js               [2m   1.89 kB[22m [2mΓöé gzip:   0.47 kB[22m
[34mΓä╣[39m [2mdist\[22mfetch-BsrzfAyd.js                            [2m   1.88 kB[22m [2mΓöé gzip:   0.67 kB[22m
[34mΓä╣[39m [2mdist\[22mscreenshot-SKMGju5K.js                       [2m   1.82 kB[22m [2mΓöé gzip:   0.83 kB[22m
[34mΓä╣[39m [2mdist\[22mmarkdown-tables-0gVaVJAG.js                  [2m   1.72 kB[22m [2mΓöé gzip:   0.70 kB[22m
[34mΓä╣[39m [2mdist\[22mbrew-BqEvB6Qh.js                             [2m   1.65 kB[22m [2mΓöé gzip:   0.58 kB[22m
[34mΓä╣[39m [2mdist\[22mtranscript-tools-D76ZNoeE.js                 [2m   1.59 kB[22m [2mΓöé gzip:   0.60 kB[22m
[34mΓä╣[39m [2mdist\[22mplugins-B4cKx11a.js                          [2m   1.58 kB[22m [2mΓöé gzip:   0.65 kB[22m
[34mΓä╣[39m [2mdist\[22mauth-choice-prompt-CpiJWkMe.js               [2m   1.57 kB[22m [2mΓöé gzip:   0.66 kB[22m
[34mΓä╣[39m [2mdist\[22mcommand-format-DYDUnYr-.js                   [2m   1.56 kB[22m [2mΓöé gzip:   0.63 kB[22m
[34mΓä╣[39m [2mdist\[22mpaths-BwlsRRAl.js                            [2m   1.55 kB[22m [2mΓöé gzip:   0.62 kB[22m
[34mΓä╣[39m [2mdist\[22minput-provenance-DRrWAEiI.js                 [2m   1.54 kB[22m [2mΓöé gzip:   0.54 kB[22m
[34mΓä╣[39m [2mdist\[22mconversation-label-B7RaG1v1.js               [2m   1.51 kB[22m [2mΓöé gzip:   0.63 kB[22m
[34mΓä╣[39m [2mdist\[22musage-format-EdDmn0JB.js                     [2m   1.50 kB[22m [2mΓöé gzip:   0.58 kB[22m
[34mΓä╣[39m [2mdist\[22maccounts-ChiAuXBD.js                         [2m   1.47 kB[22m [2mΓöé gzip:   0.57 kB[22m
[34mΓä╣[39m [2mdist\[22merrors-CFvaLX5j.js                           [2m   1.43 kB[22m [2mΓöé gzip:   0.60 kB[22m
[34mΓä╣[39m [2mdist\[22mhealth-format-a6dIFOr3.js                    [2m   1.41 kB[22m [2mΓöé gzip:   0.65 kB[22m
[34mΓä╣[39m [2mdist\[22mactive-listener-B1s06Co4.js                  [2m   1.40 kB[22m [2mΓöé gzip:   0.58 kB[22m
[34mΓä╣[39m [2mdist\[22mipv4-Cy1DMhTA.js                             [2m   1.38 kB[22m [2mΓöé gzip:   0.72 kB[22m
[34mΓä╣[39m [2mdist\[22mfetch-timeout-DfkrzGkx.js                    [2m   1.37 kB[22m [2mΓöé gzip:   0.70 kB[22m
[34mΓä╣[39m [2mdist\[22mnode-match-D3zAliHY.js                       [2m   1.33 kB[22m [2mΓöé gzip:   0.57 kB[22m
[34mΓä╣[39m [2mdist\[22mplugin-registry-DDiq45eS.js                  [2m   1.31 kB[22m [2mΓöé gzip:   0.56 kB[22m
[34mΓä╣[39m [2mdist\[22mdiagnostics-3lvlGme5.js                      [2m   1.28 kB[22m [2mΓöé gzip:   0.59 kB[22m
[34mΓä╣[39m [2mdist\[22mshell-argv-nsU7GJ78.js                       [2m   1.28 kB[22m [2mΓöé gzip:   0.53 kB[22m
[34mΓä╣[39m [2mdist\[22mparse-log-line-DTY7Y2rF.js                   [2m   1.23 kB[22m [2mΓöé gzip:   0.52 kB[22m
[34mΓä╣[39m [2mdist\[22mtailnet-B_GvGC2l.js                          [2m   1.23 kB[22m [2mΓöé gzip:   0.56 kB[22m
[34mΓä╣[39m [2mdist\[22mgateway-rpc-BexGUFtD.js                      [2m   1.17 kB[22m [2mΓöé gzip:   0.63 kB[22m
[34mΓä╣[39m [2mdist\[22mchannel-options-BqxGGFSI.js                  [2m   1.16 kB[22m [2mΓöé gzip:   0.55 kB[22m
[34mΓä╣[39m [2mdist\[22mtables-DI-tL1n5.js                           [2m   1.15 kB[22m [2mΓöé gzip:   0.56 kB[22m
[34mΓä╣[39m [2mdist\[22mis-main-g2F7CuHv.js                          [2m   1.00 kB[22m [2mΓöé gzip:   0.40 kB[22m
[34mΓä╣[39m [2mdist\[22mstatus-CSpxQDiX.js                           [2m   0.96 kB[22m [2mΓöé gzip:   0.43 kB[22m
[34mΓä╣[39m [2mdist\[22menable-BSldwS4e.js                           [2m   0.90 kB[22m [2mΓöé gzip:   0.37 kB[22m
[34mΓä╣[39m [2mdist\[22mdangerous-tools-htAdNglV.js                  [2m   0.87 kB[22m [2mΓöé gzip:   0.49 kB[22m
[34mΓä╣[39m [2mdist\[22mcli-utils-Ks5DWZ7W.js                        [2m   0.86 kB[22m [2mΓöé gzip:   0.42 kB[22m
[34mΓä╣[39m [2mdist\[22mpi-model-discovery-EhM2JAQo.js               [2m   0.84 kB[22m [2mΓöé gzip:   0.37 kB[22m
[34mΓä╣[39m [2mdist\[22mstatus-BuNjhGZU.js                           [2m   0.82 kB[22m [2mΓöé gzip:   0.35 kB[22m
[34mΓä╣[39m [2mdist\[22mpath-safety-DKUJnWxH.js                      [2m   0.81 kB[22m [2mΓöé gzip:   0.35 kB[22m
[34mΓä╣[39m [2mdist\[22mtargets-co73gATG.js                          [2m   0.80 kB[22m [2mΓöé gzip:   0.36 kB[22m
[34mΓä╣[39m [2mdist\[22mhelpers-Dano2vlT.js                          [2m   0.79 kB[22m [2mΓöé gzip:   0.39 kB[22m
[34mΓä╣[39m [2mdist\[22mformat-CX_02LU0.js                           [2m   0.76 kB[22m [2mΓöé gzip:   0.40 kB[22m
[34mΓä╣[39m [2mdist\[22mtrash-kOhQ5uT5.js                            [2m   0.71 kB[22m [2mΓöé gzip:   0.39 kB[22m
[34mΓä╣[39m [2mdist\[22mparse-Ca6IIei7.js                            [2m   0.70 kB[22m [2mΓöé gzip:   0.36 kB[22m
[34mΓä╣[39m [2mdist\[22mwsl-C-pMJb5r.js                              [2m   0.68 kB[22m [2mΓöé gzip:   0.37 kB[22m
[34mΓä╣[39m [2mdist\[22mlogging-dQ4H42vz.js                          [2m   0.68 kB[22m [2mΓöé gzip:   0.36 kB[22m
[34mΓä╣[39m [2mdist\[22mhelp-format-Bp0BIAEC.js                      [2m   0.66 kB[22m [2mΓöé gzip:   0.29 kB[22m
[34mΓä╣[39m [2mdist\[22mauth-choice-legacy-Ch38-Kbr.js               [2m   0.64 kB[22m [2mΓöé gzip:   0.31 kB[22m
[34mΓä╣[39m [2mdist\[22mscan-paths-BSxfiVfc.js                       [2m   0.64 kB[22m [2mΓöé gzip:   0.35 kB[22m
[34mΓä╣[39m [2mdist\[22monboard-config-DSJJIzXx.js                   [2m   0.64 kB[22m [2mΓöé gzip:   0.32 kB[22m
[34mΓä╣[39m [2mdist\[22mclipboard-21X37K83.js                        [2m   0.63 kB[22m [2mΓöé gzip:   0.37 kB[22m
[34mΓä╣[39m [2mdist\[22mprogram-context-DAGs40ES.js                  [2m   0.60 kB[22m [2mΓöé gzip:   0.32 kB[22m
[34mΓä╣[39m [2mdist\[22mtranscript-events-CJRvASY_.js                [2m   0.59 kB[22m [2mΓöé gzip:   0.29 kB[22m
[34mΓä╣[39m [2mdist\[22mworkspace-dirs-CjGEq0Vl.js                   [2m   0.58 kB[22m [2mΓöé gzip:   0.33 kB[22m
[34mΓä╣[39m [2mdist\[22mproxy-wydspXGh.js                            [2m   0.58 kB[22m [2mΓöé gzip:   0.33 kB[22m
[34mΓä╣[39m [2mdist\[22moutbound-attachment-Cev-2h62.js              [2m   0.57 kB[22m [2mΓöé gzip:   0.32 kB[22m
[34mΓä╣[39m [2mdist\[22mchannels-status-issues-dL_b6DLN.js           [2m   0.55 kB[22m [2mΓöé gzip:   0.30 kB[22m
[34mΓä╣[39m [2mdist\[22mtokens-vdnEt1VF.js                           [2m   0.51 kB[22m [2mΓöé gzip:   0.31 kB[22m
[34mΓä╣[39m [2mdist\[22mmodel-param-b-CJWbytFE.js                    [2m   0.49 kB[22m [2mΓöé gzip:   0.32 kB[22m
[34mΓä╣[39m [2mdist\[22msecret-equal-DGrTmbAZ.js                     [2m   0.48 kB[22m [2mΓöé gzip:   0.25 kB[22m
[34mΓä╣[39m [2mdist\[22mlinks-C9JHFSa-.js                            [2m   0.48 kB[22m [2mΓöé gzip:   0.29 kB[22m
[34mΓä╣[39m [2mdist\[22mparse-timeout-DmEcHIsV.js                    [2m   0.46 kB[22m [2mΓöé gzip:   0.26 kB[22m
[34mΓä╣[39m [2mdist\[22mprompt-style-BtBJo_qU.js                     [2m   0.44 kB[22m [2mΓöé gzip:   0.23 kB[22m
[34mΓä╣[39m [2mdist\[22mparse-port-DCU21PhZ.js                       [2m   0.43 kB[22m [2mΓöé gzip:   0.25 kB[22m
[34mΓä╣[39m [2mdist\[22mrolldown-runtime-Cbj13DAv.js                 [2m   0.42 kB[22m [2mΓöé gzip:   0.28 kB[22m
[34mΓä╣[39m [2mdist\[22mhelpers-CBvWyG9B.js                          [2m   0.41 kB[22m [2mΓöé gzip:   0.25 kB[22m
[34mΓä╣[39m [2mdist\[22mallow-from-BkIwXptt.js                       [2m   0.39 kB[22m [2mΓöé gzip:   0.24 kB[22m
[34mΓä╣[39m [2mdist\[22mchat-type-CfYBRycO.js                        [2m   0.33 kB[22m [2mΓöé gzip:   0.20 kB[22m
[34mΓä╣[39m [2mdist\[22mcommand-options-Bas4Q3l5.js                  [2m   0.28 kB[22m [2mΓöé gzip:   0.19 kB[22m
[34mΓä╣[39m [2mdist\[22mpairing-labels-Bs1teOQn.js                   [2m   0.26 kB[22m [2mΓöé gzip:   0.18 kB[22m
[34mΓä╣[39m [2mdist\[22mlegacy-names-DKLmm6HJ.js                     [2m   0.26 kB[22m [2mΓöé gzip:   0.17 kB[22m
[34mΓä╣[39m [2mdist\[22mprompts-BBkof-cQ.js                          [2m   0.24 kB[22m [2mΓöé gzip:   0.17 kB[22m
[34mΓä╣[39m [2mdist\[22mlogging-CfEk_PnX.js                          [2m   0.01 kB[22m [2mΓöé gzip:   0.03 kB[22m
[34mΓä╣[39m 277 files, total: 7113.65 kB
[32mΓ£ö[39m Build complete in [32m3782ms[39m

> agdi@2026.2.16 build:plugin-sdk:dts C:\Users\anass\Documents\GitHub\Agdi
> tsc -p tsconfig.plugin-sdk.dts.json

src/agents/agdi-tools.ts(1,15): error TS2724: '"../config/config.js"' has no exported member named 'AGDIConfig'. Did you mean 'AudioConfig'?
src/agents/agent-scope.ts(2,15): error TS2724: '"../config/config.js"' has no exported member named 'AGDIConfig'. Did you mean 'AudioConfig'?
src/agents/auth-profiles/display.ts(1,15): error TS2724: '"../../config/config.js"' has no exported member named 'AGDIConfig'. Did you mean 'AudioConfig'?
src/agents/auth-profiles/doctor.ts(1,15): error TS2724: '"../../config/config.js"' has no exported member named 'AGDIConfig'. Did you mean 'AudioConfig'?
src/agents/auth-profiles/oauth.ts(7,15): error TS2724: '"../../config/config.js"' has no exported member named 'AGDIConfig'. Did you mean 'AudioConfig'?
src/agents/auth-profiles/order.ts(1,15): error TS2724: '"../../config/config.js"' has no exported member named 'AGDIConfig'. Did you mean 'AudioConfig'?
src/agents/auth-profiles/order.ts(56,54): error TS18046: 'profile' is of type 'unknown'.
src/agents/auth-profiles/order.ts(62,17): error TS2339: Property 'length' does not exist on type '{}'.
src/agents/auth-profiles/order.ts(66,30): error TS2339: Property 'filter' does not exist on type '{}'.
src/agents/auth-profiles/order.ts(66,38): error TS7006: Parameter 'profileId' implicitly has an 'any' type.
src/agents/auth-profiles/order.ts(118,38): error TS2339: Property 'length' does not exist on type '{}'.
src/agents/auth-profiles/repair.ts(1,15): error TS2724: '"../../config/config.js"' has no exported member named 'AGDIConfig'. Did you mean 'AudioConfig'?
src/agents/auth-profiles/session-override.ts(1,15): error TS2724: '"../../config/config.js"' has no exported member named 'AGDIConfig'. Did you mean 'AudioConfig'?
src/agents/auth-profiles/types.ts(2,15): error TS2724: '"../../config/config.js"' has no exported member named 'AGDIConfig'. Did you mean 'AudioConfig'?
src/agents/auth-profiles/usage.ts(1,15): error TS2724: '"../../config/config.js"' has no exported member named 'AGDIConfig'. Did you mean 'AudioConfig'?
src/agents/bootstrap-files.ts(1,15): error TS2724: '"../config/config.js"' has no exported member named 'AGDIConfig'. Did you mean 'AudioConfig'?
src/agents/bootstrap-hooks.ts(1,15): error TS2724: '"../config/config.js"' has no exported member named 'AGDIConfig'. Did you mean 'AudioConfig'?
src/agents/cache-trace.ts(5,15): error TS2724: '"../config/config.js"' has no exported member named 'AGDIConfig'. Did you mean 'AudioConfig'?
src/agents/channel-tools.ts(6,15): error TS2724: '"../config/config.js"' has no exported member named 'AGDIConfig'. Did you mean 'AudioConfig'?
src/agents/cli-backends.ts(1,15): error TS2724: '"../config/config.js"' has no exported member named 'AGDIConfig'. Did you mean 'AudioConfig'?
src/agents/cli-runner.ts(3,15): error TS2724: '"../config/config.js"' has no exported member named 'AGDIConfig'. Did you mean 'AudioConfig'?
src/agents/cli-runner/helpers.ts(8,15): error TS2724: '"../../config/config.js"' has no exported member named 'AGDIConfig'. Did you mean 'AudioConfig'?
src/agents/context-window-guard.ts(1,15): error TS2724: '"../config/config.js"' has no exported member named 'AGDIConfig'. Did you mean 'AudioConfig'?
src/agents/identity-avatar.ts(3,15): error TS2724: '"../config/config.js"' has no exported member named 'AGDIConfig'. Did you mean 'AudioConfig'?
src/agents/identity.ts(1,15): error TS2724: '"../config/config.js"' has no exported member named 'AGDIConfig'. Did you mean 'AudioConfig'?
src/agents/memory-search.ts(3,15): error TS2724: '"../config/config.js"' has no exported member named 'AGDIConfig'. Did you mean 'AudioConfig'?
src/agents/model-alias-lines.ts(1,15): error TS2724: '"../config/config.js"' has no exported member named 'AGDIConfig'. Did you mean 'AudioConfig'?
src/agents/model-auth.ts(3,15): error TS2724: '"../config/config.js"' has no exported member named 'AGDIConfig'. Did you mean 'AudioConfig'?
src/agents/model-auth.ts(42,5): error TS2322: Type 'unknown' is not assignable to type 'ModelProviderConfig | undefined'.
src/agents/model-auth.ts(44,3): error TS2322: Type 'unknown' is not assignable to type 'ModelProviderConfig | undefined'.
src/agents/model-catalog.ts(1,15): error TS2724: '"../config/config.js"' has no exported member named 'AGDIConfig'. Did you mean 'AudioConfig'?
src/agents/model-fallback.ts(1,15): error TS2724: '"../config/config.js"' has no exported member named 'AGDIConfig'. Did you mean 'AudioConfig'?
src/agents/model-selection.ts(1,15): error TS2724: '"../config/config.js"' has no exported member named 'AGDIConfig'. Did you mean 'AudioConfig'?
src/agents/models-config.providers.ts(1,15): error TS2724: '"../config/config.js"' has no exported member named 'AGDIConfig'. Did you mean 'AudioConfig'?
src/agents/models-config.providers.ts(334,39): error TS7006: Parameter 'model' implicitly has an 'any' type.
src/agents/models-config.providers.ts(365,7): error TS18046: 'normalizedProvider' is of type 'unknown'.
src/agents/models-config.providers.ts(366,29): error TS18046: 'normalizedProvider' is of type 'unknown'.
src/agents/models-config.providers.ts(366,60): error TS18046: 'normalizedProvider' is of type 'unknown'.
src/agents/models-config.providers.ts(370,9): error TS2698: Spread types may only be created from object types.
src/agents/models-config.providers.ts(371,39): error TS18046: 'normalizedProvider' is of type 'unknown'.
src/agents/models-config.providers.ts(378,21): error TS18046: 'normalizedProvider' is of type 'unknown'.
src/agents/models-config.providers.ts(378,51): error TS18046: 'normalizedProvider' is of type 'unknown'.
src/agents/models-config.providers.ts(379,23): error TS18046: 'normalizedProvider' is of type 'unknown'.
src/agents/models-config.providers.ts(381,9): error TS18046: 'normalizedProvider' is of type 'unknown'.
src/agents/models-config.providers.ts(385,32): error TS2698: Spread types may only be created from object types.
src/agents/models-config.providers.ts(395,34): error TS2698: Spread types may only be created from object types.
src/agents/models-config.ts(3,15): error TS2724: '"../config/config.js"' has no exported member named 'AGDIConfig'. Did you mean 'AudioConfig'?
src/agents/models-config.ts(36,31): error TS7006: Parameter 'model' implicitly has an 'any' type.
src/agents/pi-embedded-helpers/bootstrap.ts(4,15): error TS2724: '"../../config/config.js"' has no exported member named 'AGDIConfig'. Did you mean 'AudioConfig'?
src/agents/pi-embedded-helpers/errors.ts(2,15): error TS2724: '"../../config/config.js"' has no exported member named 'AGDIConfig'. Did you mean 'AudioConfig'?
src/agents/pi-embedded-runner/compact.ts(11,15): error TS2724: '"../../config/config.js"' has no exported member named 'AGDIConfig'. Did you mean 'AudioConfig'?
src/agents/pi-embedded-runner/extensions.ts(5,15): error TS2724: '"../../config/config.js"' has no exported member named 'AGDIConfig'. Did you mean 'AudioConfig'?
src/agents/pi-embedded-runner/extra-params.ts(4,15): error TS2724: '"../../config/config.js"' has no exported member named 'AGDIConfig'. Did you mean 'AudioConfig'?
src/agents/pi-embedded-runner/history.ts(2,15): error TS2724: '"../../config/config.js"' has no exported member named 'AGDIConfig'. Did you mean 'AudioConfig'?
src/agents/pi-embedded-runner/model.ts(2,15): error TS2724: '"../../config/config.js"' has no exported member named 'AGDIConfig'. Did you mean 'AudioConfig'?
src/agents/pi-embedded-runner/run/params.ts(4,15): error TS2724: '"../../../config/config.js"' has no exported member named 'AGDIConfig'. Did you mean 'AudioConfig'?
src/agents/pi-embedded-runner/run/payloads.ts(3,15): error TS2724: '"../../../config/config.js"' has no exported member named 'AGDIConfig'. Did you mean 'AudioConfig'?
src/agents/pi-embedded-subscribe.types.ts(3,15): error TS2305: Module '"../config/types.autonomous.js"' has no exported member 'AGDIConfig'.
src/agents/pi-settings.ts(1,15): error TS2724: '"../config/config.js"' has no exported member named 'AGDIConfig'. Did you mean 'AudioConfig'?
src/agents/pi-tools.policy.ts(1,15): error TS2724: '"../config/config.js"' has no exported member named 'AGDIConfig'. Did you mean 'AudioConfig'?
src/agents/pi-tools.ts(8,15): error TS2724: '"../config/config.js"' has no exported member named 'AGDIConfig'. Did you mean 'AudioConfig'?
src/agents/sandbox/config.ts(1,15): error TS2724: '"../../config/config.js"' has no exported member named 'AGDIConfig'. Did you mean 'AudioConfig'?
src/agents/sandbox/context.ts(2,15): error TS2724: '"../../config/config.js"' has no exported member named 'AGDIConfig'. Did you mean 'AudioConfig'?
src/agents/sandbox/runtime-status.ts(1,15): error TS2724: '"../../config/config.js"' has no exported member named 'AGDIConfig'. Did you mean 'AudioConfig'?
src/agents/sandbox/tool-policy.ts(1,15): error TS2724: '"../../config/config.js"' has no exported member named 'AGDIConfig'. Did you mean 'AudioConfig'?
src/agents/skills.ts(1,15): error TS2724: '"../config/config.js"' has no exported member named 'AGDIConfig'. Did you mean 'AudioConfig'?
src/agents/skills/config.ts(1,15): error TS2724: '"../../config/config.js"' has no exported member named 'AGDIConfig'. Did you mean 'AudioConfig'?
src/agents/skills/env-overrides.ts(1,15): error TS2724: '"../../config/config.js"' has no exported member named 'AGDIConfig'. Did you mean 'AudioConfig'?
src/agents/skills/plugin-skills.ts(3,15): error TS2724: '"../../config/config.js"' has no exported member named 'AGDIConfig'. Did you mean 'AudioConfig'?
src/agents/skills/refresh.ts(4,15): error TS2724: '"../../config/config.js"' has no exported member named 'AGDIConfig'. Did you mean 'AudioConfig'?
src/agents/skills/refresh.ts(69,11): error TS7006: Parameter 'd' implicitly has an 'any' type.
src/agents/skills/refresh.ts(71,11): error TS7006: Parameter 'dir' implicitly has an 'any' type.
src/agents/skills/workspace.ts(9,15): error TS2724: '"../../config/config.js"' has no exported member named 'AGDIConfig'. Did you mean 'AudioConfig'?
src/agents/skills/workspace.ts(133,11): error TS7006: Parameter 'd' implicitly has an 'any' type.
src/agents/subagent-depth.ts(3,15): error TS2724: '"../config/config.js"' has no exported member named 'AGDIConfig'. Did you mean 'AudioConfig'?
src/agents/system-prompt-params.ts(3,15): error TS2724: '"../config/config.js"' has no exported member named 'AGDIConfig'. Did you mean 'AudioConfig'?
src/agents/timeout.ts(1,15): error TS2724: '"../config/config.js"' has no exported member named 'AGDIConfig'. Did you mean 'AudioConfig'?
src/agents/tools/agents-list-tool.ts(49,42): error TS7006: Parameter 'value' implicitly has an 'any' type.
src/agents/tools/agents-list-tool.ts(52,20): error TS7006: Parameter 'value' implicitly has an 'any' type.
src/agents/tools/agents-list-tool.ts(53,17): error TS7006: Parameter 'value' implicitly has an 'any' type.
src/agents/tools/agents-list-tool.ts(57,51): error TS7006: Parameter 'entry' implicitly has an 'any' type.
src/agents/tools/agents-list-tool.ts(75,23): error TS2345: Argument of type 'unknown' is not assignable to parameter of type 'string'.
src/agents/tools/discord-actions.ts(2,15): error TS2724: '"../../config/config.js"' has no exported member named 'AGDIConfig'. Did you mean 'AudioConfig'?
src/agents/tools/gateway-tool.ts(2,15): error TS2724: '"../../config/config.js"' has no exported member named 'AGDIConfig'. Did you mean 'AudioConfig'?
src/agents/tools/image-tool.helpers.ts(2,15): error TS2724: '"../../config/config.js"' has no exported member named 'AGDIConfig'. Did you mean 'AudioConfig'?
src/agents/tools/image-tool.ts(4,15): error TS2724: '"../../config/config.js"' has no exported member named 'AGDIConfig'. Did you mean 'AudioConfig'?
src/agents/tools/memory-tool.ts(2,15): error TS2724: '"../../config/config.js"' has no exported member named 'AGDIConfig'. Did you mean 'AudioConfig'?
src/agents/tools/message-tool.ts(2,15): error TS2724: '"../../config/config.js"' has no exported member named 'AGDIConfig'. Did you mean 'AudioConfig'?
src/agents/tools/nodes-tool.ts(4,15): error TS2724: '"../../config/config.js"' has no exported member named 'AGDIConfig'. Did you mean 'AudioConfig'?
src/agents/tools/session-status-tool.ts(2,15): error TS2724: '"../../config/config.js"' has no exported member named 'AGDIConfig'. Did you mean 'AudioConfig'?
src/agents/tools/sessions-access.ts(1,15): error TS2724: '"../../config/config.js"' has no exported member named 'AGDIConfig'. Did you mean 'AudioConfig'?
src/agents/tools/sessions-access.ts(98,32): error TS7006: Parameter 'pattern' implicitly has an 'any' type.
src/agents/tools/sessions-resolution.ts(1,15): error TS2724: '"../../config/config.js"' has no exported member named 'AGDIConfig'. Did you mean 'AudioConfig'?
src/agents/tools/sessions-send-helpers.ts(1,15): error TS2724: '"../../config/config.js"' has no exported member named 'AGDIConfig'. Did you mean 'AudioConfig'?
src/agents/tools/sessions-spawn-tool.ts(157,44): error TS7006: Parameter 'value' implicitly has an 'any' type.
src/agents/tools/sessions-spawn-tool.ts(161,22): error TS7006: Parameter 'value' implicitly has an 'any' type.
src/agents/tools/sessions-spawn-tool.ts(162,19): error TS7006: Parameter 'value' implicitly has an 'any' type.
src/agents/tools/slack-actions.ts(2,15): error TS2724: '"../../config/config.js"' has no exported member named 'AGDIConfig'. Did you mean 'AudioConfig'?
src/agents/tools/telegram-actions.ts(2,15): error TS2724: '"../../config/config.js"' has no exported member named 'AGDIConfig'. Did you mean 'AudioConfig'?
src/agents/tools/tts-tool.ts(2,15): error TS2724: '"../../config/config.js"' has no exported member named 'AGDIConfig'. Did you mean 'AudioConfig'?
src/agents/tools/web-fetch.ts(2,15): error TS2724: '"../../config/config.js"' has no exported member named 'AGDIConfig'. Did you mean 'AudioConfig'?
src/agents/tools/web-search.ts(2,15): error TS2724: '"../../config/config.js"' has no exported member named 'AGDIConfig'. Did you mean 'AudioConfig'?
src/agents/tools/whatsapp-actions.ts(2,15): error TS2724: '"../../config/config.js"' has no exported member named 'AGDIConfig'. Did you mean 'AudioConfig'?
src/agents/workspace-dirs.ts(1,15): error TS2724: '"../config/config.js"' has no exported member named 'AGDIConfig'. Did you mean 'AudioConfig'?
src/agents/workspace-run.ts(1,15): error TS2724: '"../config/config.js"' has no exported member named 'AGDIConfig'. Did you mean 'AudioConfig'?
src/auto-reply/chunk.ts(6,15): error TS2724: '"../config/config.js"' has no exported member named 'AGDIConfig'. Did you mean 'AudioConfig'?
src/auto-reply/command-auth.ts(3,15): error TS2724: '"../config/config.js"' has no exported member named 'AGDIConfig'. Did you mean 'AudioConfig'?
src/auto-reply/command-detection.ts(1,15): error TS2724: '"../config/types.js"' has no exported member named 'AGDIConfig'. Did you mean 'AudioConfig'?
src/auto-reply/commands-registry.ts(2,15): error TS2724: '"../config/types.js"' has no exported member named 'AGDIConfig'. Did you mean 'AudioConfig'?
src/auto-reply/commands-registry.types.ts(1,15): error TS2724: '"../config/types.js"' has no exported member named 'AGDIConfig'. Did you mean 'AudioConfig'?
src/auto-reply/dispatch.ts(1,15): error TS2724: '"../config/config.js"' has no exported member named 'AGDIConfig'. Did you mean 'AudioConfig'?
src/auto-reply/envelope.ts(1,15): error TS2724: '"../config/config.js"' has no exported member named 'AGDIConfig'. Did you mean 'AudioConfig'?
src/auto-reply/inbound-debounce.ts(1,15): error TS2724: '"../config/config.js"' has no exported member named 'AGDIConfig'. Did you mean 'AudioConfig'?
src/auto-reply/reply/abort.ts(1,15): error TS2724: '"../../config/config.js"' has no exported member named 'AGDIConfig'. Did you mean 'AudioConfig'?
src/auto-reply/reply/agent-runner-memory.ts(2,15): error TS2724: '"../../config/config.js"' has no exported member named 'AGDIConfig'. Did you mean 'AudioConfig'?
src/auto-reply/reply/agent-runner-utils.ts(3,15): error TS2724: '"../../config/config.js"' has no exported member named 'AGDIConfig'. Did you mean 'AudioConfig'?
src/auto-reply/reply/bash-command.ts(1,15): error TS2724: '"../../config/config.js"' has no exported member named 'AGDIConfig'. Did you mean 'AudioConfig'?
src/auto-reply/reply/block-streaming.ts(1,15): error TS2724: '"../../config/config.js"' has no exported member named 'AGDIConfig'. Did you mean 'AudioConfig'?
src/auto-reply/reply/commands-allowlist.ts(2,15): error TS2724: '"../../config/config.js"' has no exported member named 'AGDIConfig'. Did you mean 'AudioConfig'?
src/auto-reply/reply/commands-compact.ts(1,15): error TS2724: '"../../config/config.js"' has no exported member named 'AGDIConfig'. Did you mean 'AudioConfig'?
src/auto-reply/reply/commands-context.ts(1,15): error TS2724: '"../../config/config.js"' has no exported member named 'AGDIConfig'. Did you mean 'AudioConfig'?
src/auto-reply/reply/commands-models.ts(1,15): error TS2724: '"../../config/config.js"' has no exported member named 'AGDIConfig'. Did you mean 'AudioConfig'?
src/auto-reply/reply/commands-status.ts(1,15): error TS2724: '"../../config/config.js"' has no exported member named 'AGDIConfig'. Did you mean 'AudioConfig'?
src/auto-reply/reply/commands-types.ts(3,15): error TS2724: '"../../config/config.js"' has no exported member named 'AGDIConfig'. Did you mean 'AudioConfig'?
src/auto-reply/reply/directive-handling.auth.ts(1,15): error TS2724: '"../../config/config.js"' has no exported member named 'AGDIConfig'. Did you mean 'AudioConfig'?
src/auto-reply/reply/directive-handling.impl.ts(1,15): error TS2724: '"../../config/config.js"' has no exported member named 'AGDIConfig'. Did you mean 'AudioConfig'?
src/auto-reply/reply/directive-handling.model-picker.ts(1,15): error TS2724: '"../../config/config.js"' has no exported member named 'AGDIConfig'. Did you mean 'AudioConfig'?
src/auto-reply/reply/directive-handling.model.ts(1,15): error TS2724: '"../../config/config.js"' has no exported member named 'AGDIConfig'. Did you mean 'AudioConfig'?
src/auto-reply/reply/directive-handling.params.ts(2,15): error TS2724: '"../../config/config.js"' has no exported member named 'AGDIConfig'. Did you mean 'AudioConfig'?
src/auto-reply/reply/directive-handling.parse.ts(1,15): error TS2724: '"../../config/config.js"' has no exported member named 'AGDIConfig'. Did you mean 'AudioConfig'?
src/auto-reply/reply/directive-handling.persist.ts(1,15): error TS2724: '"../../config/config.js"' has no exported member named 'AGDIConfig'. Did you mean 'AudioConfig'?
src/auto-reply/reply/directive-handling.queue-validation.ts(1,15): error TS2724: '"../../config/config.js"' has no exported member named 'AGDIConfig'. Did you mean 'AudioConfig'?
src/auto-reply/reply/dispatch-from-config.ts(1,15): error TS2724: '"../../config/config.js"' has no exported member named 'AGDIConfig'. Did you mean 'AudioConfig'?
src/auto-reply/reply/get-reply-directives-apply.ts(1,15): error TS2724: '"../../config/config.js"' has no exported member named 'AGDIConfig'. Did you mean 'AudioConfig'?
src/auto-reply/reply/get-reply-directives.ts(4,15): error TS2724: '"../../config/config.js"' has no exported member named 'AGDIConfig'. Did you mean 'AudioConfig'?
src/auto-reply/reply/get-reply-directives.ts(179,21): error TS18046: 'entry' is of type 'unknown'.
src/auto-reply/reply/get-reply-inline-actions.ts(2,15): error TS2724: '"../../config/config.js"' has no exported member named 'AGDIConfig'. Did you mean 'AudioConfig'?
src/auto-reply/reply/get-reply-run.ts(3,15): error TS2724: '"../../config/config.js"' has no exported member named 'AGDIConfig'. Did you mean 'AudioConfig'?
src/auto-reply/reply/get-reply.ts(12,15): error TS2724: '"../../config/config.js"' has no exported member named 'AGDIConfig'. Did you mean 'AudioConfig'?
src/auto-reply/reply/groups.ts(1,15): error TS2724: '"../../config/config.js"' has no exported member named 'AGDIConfig'. Did you mean 'AudioConfig'?
src/auto-reply/reply/memory-flush.ts(1,15): error TS2724: '"../../config/config.js"' has no exported member named 'AGDIConfig'. Did you mean 'AudioConfig'?
src/auto-reply/reply/mentions.ts(1,15): error TS2724: '"../../config/config.js"' has no exported member named 'AGDIConfig'. Did you mean 'AudioConfig'?
src/auto-reply/reply/model-selection.ts(1,15): error TS2724: '"../../config/config.js"' has no exported member named 'AGDIConfig'. Did you mean 'AudioConfig'?
src/auto-reply/reply/provider-dispatcher.ts(1,15): error TS2724: '"../../config/config.js"' has no exported member named 'AGDIConfig'. Did you mean 'AudioConfig'?
src/auto-reply/reply/queue/types.ts(3,15): error TS2724: '"../../../config/config.js"' has no exported member named 'AGDIConfig'. Did you mean 'AudioConfig'?
src/auto-reply/reply/reply-elevated.ts(1,45): error TS2724: '"../../config/config.js"' has no exported member named 'AGDIConfig'. Did you mean 'AudioConfig'?
src/auto-reply/reply/reply-threading.ts(1,15): error TS2724: '"../../config/config.js"' has no exported member named 'AGDIConfig'. Did you mean 'AudioConfig'?
src/auto-reply/reply/route-reply.ts(10,15): error TS2724: '"../../config/config.js"' has no exported member named 'AGDIConfig'. Did you mean 'AudioConfig'?
src/auto-reply/reply/session-reset-model.ts(1,15): error TS2724: '"../../config/config.js"' has no exported member named 'AGDIConfig'. Did you mean 'AudioConfig'?
src/auto-reply/reply/session-updates.ts(2,15): error TS2724: '"../../config/config.js"' has no exported member named 'AGDIConfig'. Did you mean 'AudioConfig'?
src/auto-reply/reply/session.ts(5,15): error TS2724: '"../../config/config.js"' has no exported member named 'AGDIConfig'. Did you mean 'AudioConfig'?
src/auto-reply/reply/stage-sandbox-media.ts(5,15): error TS2724: '"../../config/config.js"' has no exported member named 'AGDIConfig'. Did you mean 'AudioConfig'?
src/auto-reply/skill-commands.ts(2,15): error TS2724: '"../config/config.js"' has no exported member named 'AGDIConfig'. Did you mean 'AudioConfig'?
src/auto-reply/status.ts(3,15): error TS2724: '"../config/config.js"' has no exported member named 'AGDIConfig'. Did you mean 'AudioConfig'?
src/browser/config.ts(1,52): error TS2724: '"../config/config.js"' has no exported member named 'AGDIConfig'. Did you mean 'AudioConfig'?
src/browser/control-auth.ts(2,15): error TS2724: '"../config/config.js"' has no exported member named 'AGDIConfig'. Did you mean 'AudioConfig'?
src/browser/profiles-service.ts(3,37): error TS2724: '"../config/config.js"' has no exported member named 'AGDIConfig'. Did you mean 'AudioConfig'?
src/channels/account-summary.ts(1,15): error TS2724: '"../config/config.js"' has no exported member named 'AGDIConfig'. Did you mean 'AudioConfig'?
src/channels/dock.ts(1,15): error TS2724: '"../config/config.js"' has no exported member named 'AGDIConfig'. Did you mean 'AudioConfig'?
src/channels/dock.ts(261,70): error TS7006: Parameter 'entry' implicitly has an 'any' type.
src/channels/plugins/config-helpers.ts(1,15): error TS2724: '"../../config/config.js"' has no exported member named 'AGDIConfig'. Did you mean 'AudioConfig'?
src/channels/plugins/config-writes.ts(1,15): error TS2724: '"../../config/config.js"' has no exported member named 'AGDIConfig'. Did you mean 'AudioConfig'?
src/channels/plugins/directory-config.ts(1,15): error TS2724: '"../../config/types.js"' has no exported member named 'AGDIConfig'. Did you mean 'AudioConfig'?
src/channels/plugins/group-mentions.ts(1,15): error TS2724: '"../../config/config.js"' has no exported member named 'AGDIConfig'. Did you mean 'AudioConfig'?
src/channels/plugins/helpers.ts(1,15): error TS2724: '"../../config/config.js"' has no exported member named 'AGDIConfig'. Did you mean 'AudioConfig'?
src/channels/plugins/media-limits.ts(1,15): error TS2724: '"../../config/config.js"' has no exported member named 'AGDIConfig'. Did you mean 'AudioConfig'?
src/channels/plugins/message-actions.ts(2,15): error TS2724: '"../../config/config.js"' has no exported member named 'AGDIConfig'. Did you mean 'AudioConfig'?
src/channels/plugins/onboarding-types.ts(1,15): error TS2724: '"../../config/config.js"' has no exported member named 'AGDIConfig'. Did you mean 'AudioConfig'?
src/channels/plugins/onboarding/discord.ts(1,15): error TS2724: '"../../../config/config.js"' has no exported member named 'AGDIConfig'. Did you mean 'AudioConfig'?
src/channels/plugins/onboarding/discord.ts(215,52): error TS7006: Parameter 'v' implicitly has an 'any' type.
src/channels/plugins/onboarding/discord.ts(238,50): error TS7006: Parameter 'v' implicitly has an 'any' type.
src/channels/plugins/onboarding/imessage.ts(1,15): error TS2724: '"../../../config/config.js"' has no exported member named 'AGDIConfig'. Did you mean 'AudioConfig'?
src/channels/plugins/onboarding/signal.ts(1,15): error TS2724: '"../../../config/config.js"' has no exported member named 'AGDIConfig'. Did you mean 'AudioConfig'?
src/channels/plugins/onboarding/slack.ts(1,15): error TS2724: '"../../../config/config.js"' has no exported member named 'AGDIConfig'. Did you mean 'AudioConfig'?
src/channels/plugins/onboarding/slack.ts(283,52): error TS7006: Parameter 'v' implicitly has an 'any' type.
src/channels/plugins/onboarding/slack.ts(306,50): error TS7006: Parameter 'v' implicitly has an 'any' type.
src/channels/plugins/onboarding/telegram.ts(1,15): error TS2724: '"../../../config/config.js"' has no exported member named 'AGDIConfig'. Did you mean 'AudioConfig'?
src/channels/plugins/onboarding/whatsapp.ts(2,15): error TS2724: '"../../../config/config.js"' has no exported member named 'AGDIConfig'. Did you mean 'AudioConfig'?
src/channels/plugins/pairing.ts(1,15): error TS2724: '"../../config/config.js"' has no exported member named 'AGDIConfig'. Did you mean 'AudioConfig'?
src/channels/plugins/setup-helpers.ts(1,15): error TS2724: '"../../config/config.js"' has no exported member named 'AGDIConfig'. Did you mean 'AudioConfig'?
src/channels/plugins/types.adapters.ts(2,15): error TS2724: '"../../config/config.js"' has no exported member named 'AGDIConfig'. Did you mean 'AudioConfig'?
src/channels/plugins/types.core.ts(4,15): error TS2724: '"../../config/config.js"' has no exported member named 'AGDIConfig'. Did you mean 'AudioConfig'?
src/channels/plugins/whatsapp-heartbeat.ts(1,15): error TS2724: '"../../config/config.js"' has no exported member named 'AGDIConfig'. Did you mean 'AudioConfig'?
src/channels/plugins/whatsapp-heartbeat.ts(56,49): error TS7006: Parameter 'v' implicitly has an 'any' type.
src/channels/reply-prefix.ts(2,15): error TS2724: '"../config/config.js"' has no exported member named 'AGDIConfig'. Did you mean 'AudioConfig'?
src/cli/memory-cli.ts(75,22): error TS7006: Parameter 'entry' implicitly has an 'any' type.
src/commands/health.ts(2,15): error TS2724: '"../config/config.js"' has no exported member named 'AGDIConfig'. Did you mean 'AudioConfig'?
src/commands/onboard-helpers.ts(6,15): error TS2724: '"../config/config.js"' has no exported member named 'AGDIConfig'. Did you mean 'AudioConfig'?
src/config/agent-dirs.ts(3,15): error TS2724: '"./types.js"' has no exported member named 'AGDIConfig'. Did you mean 'AudioConfig'?
src/config/agent-dirs.ts(37,18): error TS7006: Parameter 'agent' implicitly has an 'any' type.
src/config/agent-dirs.ts(66,30): error TS7006: Parameter 'agent' implicitly has an 'any' type.
src/config/agent-limits.ts(1,15): error TS2724: '"./types.js"' has no exported member named 'AGDIConfig'. Did you mean 'AudioConfig'?
src/config/channel-capabilities.ts(1,15): error TS2724: '"./config.js"' has no exported member named 'AGDIConfig'. Did you mean 'AudioConfig'?
src/config/defaults.ts(1,15): error TS2724: '"./types.js"' has no exported member named 'AGDIConfig'. Did you mean 'AudioConfig'?
src/config/defaults.ts(59,31): error TS2339: Property 'provider' does not exist on type '{}'.
src/config/defaults.ts(76,70): error TS2339: Property 'mode' does not exist on type '{}'.
src/config/defaults.ts(78,31): error TS2339: Property 'mode' does not exist on type '{}'.
src/config/defaults.ts(78,60): error TS2339: Property 'mode' does not exist on type '{}'.
src/config/defaults.ts(180,22): error TS18046: 'provider' is of type 'unknown'.
src/config/defaults.ts(241,37): error TS2698: Spread types may only be created from object types.
src/config/env-vars.ts(1,15): error TS2724: '"./types.js"' has no exported member named 'AGDIConfig'. Did you mean 'AudioConfig'?
src/config/env-vars.ts(16,7): error TS2322: Type '{}' is not assignable to type 'string'.
src/config/group-policy.ts(2,15): error TS2724: '"./config.js"' has no exported member named 'AGDIConfig'. Did you mean 'AudioConfig'?
src/config/io.ts(7,15): error TS2724: '"./types.js"' has no exported member named 'AGDIConfig'. Did you mean 'AudioConfig'?
src/config/io.ts(7,27): error TS2305: Module '"./types.js"' has no exported member 'ConfigFileSnapshot'.
src/config/io.ts(7,47): error TS2305: Module '"./types.js"' has no exported member 'LegacyConfigIssue'.
src/config/legacy-migrate.ts(1,15): error TS2724: '"./types.js"' has no exported member named 'AGDIConfig'. Did you mean 'AudioConfig'?
src/config/legacy.ts(1,15): error TS2305: Module '"./types.js"' has no exported member 'LegacyConfigIssue'.
src/config/markdown-tables.ts(1,15): error TS2724: '"./config.js"' has no exported member named 'AGDIConfig'. Did you mean 'AudioConfig'?
src/config/merge-config.ts(1,15): error TS2724: '"./config.js"' has no exported member named 'AGDIConfig'. Did you mean 'AudioConfig'?
src/config/normalize-paths.ts(1,15): error TS2724: '"./types.js"' has no exported member named 'AGDIConfig'. Did you mean 'AudioConfig'?
src/config/paths.ts(4,15): error TS2724: '"./types.js"' has no exported member named 'AGDIConfig'. Did you mean 'AudioConfig'?
src/config/runtime-overrides.ts(1,15): error TS2724: '"./types.js"' has no exported member named 'AGDIConfig'. Did you mean 'AudioConfig'?
src/config/validation.ts(2,15): error TS2724: '"./types.js"' has no exported member named 'AGDIConfig'. Did you mean 'AudioConfig'?
src/config/validation.ts(2,27): error TS2305: Module '"./types.js"' has no exported member 'ConfigValidationIssue'.
src/discord/accounts.ts(1,15): error TS2724: '"../config/config.js"' has no exported member named 'AGDIConfig'. Did you mean 'AudioConfig'?
src/discord/audit.ts(1,15): error TS2724: '"../config/config.js"' has no exported member named 'AGDIConfig'. Did you mean 'AudioConfig'?
src/discord/monitor/agent-components.ts(20,15): error TS2724: '"../../config/config.js"' has no exported member named 'AGDIConfig'. Did you mean 'AudioConfig'?
src/discord/monitor/exec-approvals.ts(13,15): error TS2724: '"../../config/config.js"' has no exported member named 'AGDIConfig'. Did you mean 'AudioConfig'?
src/discord/monitor/message-handler.preflight.types.ts(20,38): error TS2694: Namespace '"C:/Users/anass/Documents/GitHub/Agdi/src/config/config"' has no exported member 'AGDIConfig'.
src/discord/monitor/native-command.ts(21,15): error TS2724: '"../../config/config.js"' has no exported member named 'AGDIConfig'. Did you mean 'AudioConfig'?
src/discord/monitor/provider.ts(11,15): error TS2724: '"../../config/config.js"' has no exported member named 'AGDIConfig'. Did you mean 'AudioConfig'?
src/discord/token.ts(2,15): error TS2724: '"../config/config.js"' has no exported member named 'AGDIConfig'. Did you mean 'AudioConfig'?
src/discord/ui.ts(2,15): error TS2724: '"../config/config.js"' has no exported member named 'AGDIConfig'. Did you mean 'AudioConfig'?
src/gateway/call.ts(2,15): error TS2724: '"../config/config.js"' has no exported member named 'AGDIConfig'. Did you mean 'AudioConfig'?
src/gateway/server-channels.ts(2,15): error TS2724: '"../config/config.js"' has no exported member named 'AGDIConfig'. Did you mean 'AudioConfig'?
src/gateway/session-utils.ts(16,15): error TS2724: '"../config/config.js"' has no exported member named 'AGDIConfig'. Did you mean 'AudioConfig'?
src/gateway/session-utils.ts(388,13): error TS7006: Parameter 'entry' implicitly has an 'any' type.
src/hooks/internal-hooks.ts(9,15): error TS2724: '"../config/config.js"' has no exported member named 'AGDIConfig'. Did you mean 'AudioConfig'?
src/imessage/accounts.ts(1,15): error TS2724: '"../config/config.js"' has no exported member named 'AGDIConfig'. Did you mean 'AudioConfig'?
src/imessage/monitor/inbound-processing.ts(1,15): error TS2724: '"../../config/config.js"' has no exported member named 'AGDIConfig'. Did you mean 'AudioConfig'?
src/imessage/monitor/types.ts(1,15): error TS2724: '"../../config/config.js"' has no exported member named 'AGDIConfig'. Did you mean 'AudioConfig'?
src/infra/channel-summary.ts(7,15): error TS2724: '"../config/config.js"' has no exported member named 'AGDIConfig'. Did you mean 'AudioConfig'?
src/infra/diagnostic-events.ts(1,15): error TS2724: '"../config/config.js"' has no exported member named 'AGDIConfig'. Did you mean 'AudioConfig'?
src/infra/diagnostic-flags.ts(1,15): error TS2724: '"../config/config.js"' has no exported member named 'AGDIConfig'. Did you mean 'AudioConfig'?
src/infra/heartbeat-active-hours.ts(1,15): error TS2724: '"../config/config.js"' has no exported member named 'AGDIConfig'. Did you mean 'AudioConfig'?
src/infra/heartbeat-runner.ts(5,15): error TS2724: '"../config/config.js"' has no exported member named 'AGDIConfig'. Did you mean 'AudioConfig'?
src/infra/heartbeat-runner.ts(121,21): error TS7006: Parameter 'entry' implicitly has an 'any' type.
src/infra/heartbeat-runner.ts(130,8): error TS7006: Parameter 'entry' implicitly has an 'any' type.
src/infra/heartbeat-runner.ts(203,16): error TS7006: Parameter 'entry' implicitly has an 'any' type.
src/infra/heartbeat-runner.ts(204,13): error TS7006: Parameter 'entry' implicitly has an 'any' type.
src/infra/heartbeat-runner.ts(208,16): error TS7006: Parameter 'entry' implicitly has an 'any' type.
src/infra/heartbeat-visibility.ts(1,15): error TS2724: '"../config/config.js"' has no exported member named 'AGDIConfig'. Did you mean 'AudioConfig'?
src/infra/outbound/channel-adapters.ts(3,15): error TS2724: '"../../config/config.js"' has no exported member named 'AGDIConfig'. Did you mean 'AudioConfig'?
src/infra/outbound/channel-selection.ts(2,15): error TS2724: '"../../config/config.js"' has no exported member named 'AGDIConfig'. Did you mean 'AudioConfig'?
src/infra/outbound/deliver.ts(6,15): error TS2724: '"../../config/config.js"' has no exported member named 'AGDIConfig'. Did you mean 'AudioConfig'?
src/infra/outbound/delivery-queue.ts(5,15): error TS2724: '"../../config/config.js"' has no exported member named 'AGDIConfig'. Did you mean 'AudioConfig'?
src/infra/outbound/directory-cache.ts(2,15): error TS2724: '"../../config/config.js"' has no exported member named 'AGDIConfig'. Did you mean 'AudioConfig'?
src/infra/outbound/identity.ts(1,15): error TS2724: '"../../config/config.js"' has no exported member named 'AGDIConfig'. Did you mean 'AudioConfig'?
src/infra/outbound/message-action-params.ts(9,15): error TS2724: '"../../config/config.js"' has no exported member named 'AGDIConfig'. Did you mean 'AudioConfig'?
src/infra/outbound/message-action-runner.ts(7,15): error TS2724: '"../../config/config.js"' has no exported member named 'AGDIConfig'. Did you mean 'AudioConfig'?
src/infra/outbound/message.ts(1,15): error TS2724: '"../../config/config.js"' has no exported member named 'AGDIConfig'. Did you mean 'AudioConfig'?
src/infra/outbound/outbound-policy.ts(6,15): error TS2724: '"../../config/config.js"' has no exported member named 'AGDIConfig'. Did you mean 'AudioConfig'?
src/infra/outbound/outbound-send-service.ts(3,15): error TS2724: '"../../config/config.js"' has no exported member named 'AGDIConfig'. Did you mean 'AudioConfig'?
src/infra/outbound/outbound-session.ts(4,15): error TS2724: '"../../config/config.js"' has no exported member named 'AGDIConfig'. Did you mean 'AudioConfig'?
src/infra/outbound/target-resolver.ts(6,15): error TS2724: '"../../config/config.js"' has no exported member named 'AGDIConfig'. Did you mean 'AudioConfig'?
src/infra/outbound/targets.ts(2,15): error TS2724: '"../../config/config.js"' has no exported member named 'AGDIConfig'. Did you mean 'AudioConfig'?
src/infra/provider-usage.auth.ts(217,52): error TS18046: 'profile' is of type 'unknown'.
src/infra/session-cost-usage.ts(5,15): error TS2724: '"../config/config.js"' has no exported member named 'AGDIConfig'. Did you mean 'AudioConfig'?
src/infra/session-maintenance-warning.ts(1,15): error TS2724: '"../config/config.js"' has no exported member named 'AGDIConfig'. Did you mean 'AudioConfig'?
src/infra/skills-remote.ts(2,15): error TS2724: '"../config/config.js"' has no exported member named 'AGDIConfig'. Did you mean 'AudioConfig'?
src/line/accounts.ts(2,15): error TS2724: '"../config/config.js"' has no exported member named 'AGDIConfig'. Did you mean 'AudioConfig'?
src/line/bot-handlers.ts(10,15): error TS2724: '"../config/config.js"' has no exported member named 'AGDIConfig'. Did you mean 'AudioConfig'?
src/line/bot-message-context.ts(2,15): error TS2724: '"../config/config.js"' has no exported member named 'AGDIConfig'. Did you mean 'AudioConfig'?
src/line/bot.ts(3,15): error TS2724: '"../config/config.js"' has no exported member named 'AGDIConfig'. Did you mean 'AudioConfig'?
src/line/monitor.ts(2,15): error TS2724: '"../config/config.js"' has no exported member named 'AGDIConfig'. Did you mean 'AudioConfig'?
src/link-understanding/apply.ts(2,15): error TS2724: '"../config/config.js"' has no exported member named 'AGDIConfig'. Did you mean 'AudioConfig'?
src/link-understanding/runner.ts(2,15): error TS2724: '"../config/config.js"' has no exported member named 'AGDIConfig'. Did you mean 'AudioConfig'?
src/logging/config.ts(3,15): error TS2724: '"../config/types.js"' has no exported member named 'AGDIConfig'. Did you mean 'AudioConfig'?
src/logging/console.ts(3,15): error TS2724: '"../config/types.js"' has no exported member named 'AGDIConfig'. Did you mean 'AudioConfig'?
src/logging/logger.ts(5,15): error TS2724: '"../config/types.js"' has no exported member named 'AGDIConfig'. Did you mean 'AudioConfig'?
src/logging/redact.ts(2,15): error TS2724: '"../config/config.js"' has no exported member named 'AGDIConfig'. Did you mean 'AudioConfig'?
src/media-understanding/apply.ts(3,15): error TS2724: '"../config/config.js"' has no exported member named 'AGDIConfig'. Did you mean 'AudioConfig'?
src/media-understanding/audio-preflight.ts(2,15): error TS2724: '"../config/config.js"' has no exported member named 'AGDIConfig'. Did you mean 'AudioConfig'?
src/media-understanding/resolve.ts(2,15): error TS2724: '"../config/config.js"' has no exported member named 'AGDIConfig'. Did you mean 'AudioConfig'?
src/media-understanding/resolve.ts(111,26): error TS7006: Parameter 'entry' implicitly has an 'any' type.
src/media-understanding/runner.entries.ts(5,15): error TS2724: '"../config/config.js"' has no exported member named 'AGDIConfig'. Did you mean 'AudioConfig'?
src/media-understanding/runner.ts(6,15): error TS2724: '"../config/config.js"' has no exported member named 'AGDIConfig'. Did you mean 'AudioConfig'?
src/media-understanding/types.ts(101,38): error TS2694: Namespace '"C:/Users/anass/Documents/GitHub/Agdi/src/config/config"' has no exported member 'AGDIConfig'.
src/media/local-roots.ts(3,15): error TS2724: '"../config/config.js"' has no exported member named 'AGDIConfig'. Did you mean 'AudioConfig'?
src/memory/backend-config.ts(2,15): error TS2724: '"../config/config.js"' has no exported member named 'AGDIConfig'. Did you mean 'AudioConfig'?
src/memory/embeddings.ts(3,15): error TS2724: '"../config/config.js"' has no exported member named 'AGDIConfig'. Did you mean 'AudioConfig'?
src/memory/manager.ts(6,15): error TS2724: '"../config/config.js"' has no exported member named 'AGDIConfig'. Did you mean 'AudioConfig'?
src/memory/qmd-manager.ts(6,15): error TS2724: '"../config/config.js"' has no exported member named 'AGDIConfig'. Did you mean 'AudioConfig'?
src/memory/search-manager.ts(1,15): error TS2724: '"../config/config.js"' has no exported member named 'AGDIConfig'. Did you mean 'AudioConfig'?
src/plugin-sdk/config-paths.ts(1,15): error TS2724: '"../config/config.js"' has no exported member named 'AGDIConfig'. Did you mean 'AudioConfig'?
src/plugin-sdk/index.ts(80,15): error TS2724: '"../config/config.js"' has no exported member named 'AGDIConfig'. Did you mean 'AudioConfig'?
src/plugin-sdk/index.ts(82,15): error TS2724: '"../config/config.js"' has no exported member named 'AGDIConfig'. Did you mean 'AudioConfig'?
src/plugin-sdk/onboarding.ts(1,15): error TS2724: '"../config/config.js"' has no exported member named 'AGDIConfig'. Did you mean 'AudioConfig'?
src/plugin-sdk/provider-auth-result.ts(2,15): error TS2724: '"../config/config.js"' has no exported member named 'AGDIConfig'. Did you mean 'AudioConfig'?
src/plugins/commands.ts(8,15): error TS2724: '"../config/config.js"' has no exported member named 'AGDIConfig'. Did you mean 'AudioConfig'?
src/plugins/config-state.ts(1,15): error TS2724: '"../config/config.js"' has no exported member named 'AGDIConfig'. Did you mean 'AudioConfig'?
src/plugins/loader.ts(5,15): error TS2724: '"../config/config.js"' has no exported member named 'AGDIConfig'. Did you mean 'AudioConfig'?
src/plugins/manifest-registry.ts(2,15): error TS2724: '"../config/config.js"' has no exported member named 'AGDIConfig'. Did you mean 'AudioConfig'?
src/plugins/slots.ts(1,15): error TS2724: '"../config/config.js"' has no exported member named 'AGDIConfig'. Did you mean 'AudioConfig'?
src/plugins/types.ts(10,15): error TS2724: '"../config/config.js"' has no exported member named 'AGDIConfig'. Did you mean 'AudioConfig'?
src/routing/bindings.ts(1,15): error TS2724: '"../config/config.js"' has no exported member named 'AGDIConfig'. Did you mean 'AudioConfig'?
src/routing/resolve-route.ts(2,15): error TS2724: '"../config/config.js"' has no exported member named 'AGDIConfig'. Did you mean 'AudioConfig'?
src/sessions/send-policy.ts(1,15): error TS2724: '"../config/config.js"' has no exported member named 'AGDIConfig'. Did you mean 'AudioConfig'?
src/signal/accounts.ts(1,15): error TS2724: '"../config/config.js"' has no exported member named 'AGDIConfig'. Did you mean 'AudioConfig'?
src/signal/monitor.ts(2,15): error TS2724: '"../config/config.js"' has no exported member named 'AGDIConfig'. Did you mean 'AudioConfig'?
src/signal/monitor/event-handler.types.ts(3,15): error TS2724: '"../../config/config.js"' has no exported member named 'AGDIConfig'. Did you mean 'AudioConfig'?
src/signal/reaction-level.ts(1,15): error TS2724: '"../config/config.js"' has no exported member named 'AGDIConfig'. Did you mean 'AudioConfig'?
src/slack/accounts.ts(1,15): error TS2724: '"../config/config.js"' has no exported member named 'AGDIConfig'. Did you mean 'AudioConfig'?
src/slack/channel-migration.ts(1,15): error TS2724: '"../config/config.js"' has no exported member named 'AGDIConfig'. Did you mean 'AudioConfig'?
src/slack/message-actions.ts(2,15): error TS2724: '"../config/config.js"' has no exported member named 'AGDIConfig'. Did you mean 'AudioConfig'?
src/slack/monitor/context.ts(3,15): error TS2724: '"../../config/config.js"' has no exported member named 'AGDIConfig'. Did you mean 'AudioConfig'?
src/slack/monitor/types.ts(1,15): error TS2724: '"../../config/config.js"' has no exported member named 'AGDIConfig'. Did you mean 'AudioConfig'?
src/slack/threading-tool-context.ts(5,15): error TS2724: '"../config/config.js"' has no exported member named 'AGDIConfig'. Did you mean 'AudioConfig'?
src/telegram/accounts.ts(1,15): error TS2724: '"../config/config.js"' has no exported member named 'AGDIConfig'. Did you mean 'AudioConfig'?
src/telegram/bot-message-context.ts(3,15): error TS2724: '"../config/config.js"' has no exported member named 'AGDIConfig'. Did you mean 'AudioConfig'?
src/telegram/bot-message-dispatch.ts(2,15): error TS2724: '"../config/types.js"' has no exported member named 'AGDIConfig'. Did you mean 'AudioConfig'?
src/telegram/bot-native-commands.ts(3,15): error TS2724: '"../config/config.js"' has no exported member named 'AGDIConfig'. Did you mean 'AudioConfig'?
src/telegram/bot.ts(6,15): error TS2724: '"../config/config.js"' has no exported member named 'AGDIConfig'. Did you mean 'AudioConfig'?
src/telegram/draft-chunking.ts(1,15): error TS2724: '"../config/config.js"' has no exported member named 'AGDIConfig'. Did you mean 'AudioConfig'?
src/telegram/group-migration.ts(1,15): error TS2724: '"../config/config.js"' has no exported member named 'AGDIConfig'. Did you mean 'AudioConfig'?
src/telegram/inline-buttons.ts(1,15): error TS2724: '"../config/config.js"' has no exported member named 'AGDIConfig'. Did you mean 'AudioConfig'?
src/telegram/monitor.ts(2,15): error TS2724: '"../config/config.js"' has no exported member named 'AGDIConfig'. Did you mean 'AudioConfig'?
src/telegram/reaction-level.ts(1,15): error TS2724: '"../config/config.js"' has no exported member named 'AGDIConfig'. Did you mean 'AudioConfig'?
src/telegram/sticker-cache.ts(4,15): error TS2724: '"../config/config.js"' has no exported member named 'AGDIConfig'. Did you mean 'AudioConfig'?
src/telegram/token.ts(3,15): error TS2724: '"../config/config.js"' has no exported member named 'AGDIConfig'. Did you mean 'AudioConfig'?
src/telegram/webhook.ts(3,15): error TS2724: '"../config/config.js"' has no exported member named 'AGDIConfig'. Did you mean 'AudioConfig'?
src/tts/tts-core.ts(4,15): error TS2724: '"../config/config.js"' has no exported member named 'AGDIConfig'. Did you mean 'AudioConfig'?
src/tts/tts.ts(15,15): error TS2724: '"../config/config.js"' has no exported member named 'AGDIConfig'. Did you mean 'AudioConfig'?
src/utils/usage-format.ts(2,15): error TS2724: '"../config/config.js"' has no exported member named 'AGDIConfig'. Did you mean 'AudioConfig'?
src/utils/usage-format.ts(57,52): error TS7006: Parameter 'item' implicitly has an 'any' type.
src/web/accounts.ts(3,15): error TS2724: '"../config/config.js"' has no exported member named 'AGDIConfig'. Did you mean 'AudioConfig'?
src/web/auto-reply/monitor/broadcast.ts(42,50): error TS7006: Parameter 'agent' implicitly has an 'any' type.
src/web/auto-reply/monitor/process-message.ts(85,40): error TS7006: Parameter 'v' implicitly has an 'any' type.
src/web/reconnect.ts(2,15): error TS2724: '"../config/config.js"' has no exported member named 'AGDIConfig'. Did you mean 'AudioConfig'?
ΓÇëELIFECYCLEΓÇë Command failed with exit code 1.
ΓÇëELIFECYCLEΓÇë Command failed with exit code 1.
