
[41m ERROR [49m Error: Build failed with 1 error:

[31m[UNRESOLVED_IMPORT] Error:[0m Could not resolve '../../apps/shared/OpenClawKit/Sources/OpenClawKit/Resources/tool-display.json' in src/agents/tool-display.ts
   [38;5;246m╭[0m[38;5;246m─[0m[38;5;246m[[0m src/agents/tool-display.ts:1:38 [38;5;246m][0m
   [38;5;246m│[0m
 [38;5;246m1 │[0m [38;5;249mi[0m[38;5;249mm[0m[38;5;249mp[0m[38;5;249mo[0m[38;5;249mr[0m[38;5;249mt[0m[38;5;249m [0m[38;5;249mS[0m[38;5;249mH[0m[38;5;249mA[0m[38;5;249mR[0m[38;5;249mE[0m[38;5;249mD[0m[38;5;249m_[0m[38;5;249mT[0m[38;5;249mO[0m[38;5;249mO[0m[38;5;249mL[0m[38;5;249m_[0m[38;5;249mD[0m[38;5;249mI[0m[38;5;249mS[0m[38;5;249mP[0m[38;5;249mL[0m[38;5;249mA[0m[38;5;249mY[0m[38;5;249m_[0m[38;5;249mJ[0m[38;5;249mS[0m[38;5;249mO[0m[38;5;249mN[0m[38;5;249m [0m[38;5;249mf[0m[38;5;249mr[0m[38;5;249mo[0m[38;5;249mm[0m[38;5;249m [0m"../../apps/shared/OpenClawKit/Sources/OpenClawKit/Resources/tool-display.json"[38;5;249m [0m[38;5;249mw[0m[38;5;249mi[0m[38;5;249mt[0m[38;5;249mh[0m[38;5;249m [0m[38;5;249m{[0m[38;5;249m [0m[38;5;249mt[0m[38;5;249my[0m[38;5;249mp[0m[38;5;249me[0m[38;5;249m:[0m[38;5;249m [0m[38;5;249m"[0m[38;5;249mj[0m[38;5;249ms[0m[38;5;249mo[0m[38;5;249mn[0m[38;5;249m"[0m[38;5;249m [0m[38;5;249m}[0m[38;5;249m;[0m
 [38;5;240m  │[0m                                      ───────────────────────────────────────┬───────────────────────────────────────  
 [38;5;240m  │[0m                                                                             ╰───────────────────────────────────────── Module not found.
 [38;5;240m  │[0m 
 [38;5;240m  │[0m [38;5;115mHelp[0m: 'src/agents/tool-display.ts' is imported by the following path:
 [38;5;240m  │[0m         - src/agents/tool-display.ts
 [38;5;240m  │[0m         - src/agents/pi-embedded-utils.ts
 [38;5;240m  │[0m         - src/plugin-sdk/agent-runtime.ts
[38;5;246m───╯[0m

    at aggregateBindingErrorsIntoJsError (file:///C:/Users/anass/Documents/GitHub/Agdi/node_modules/rolldown/dist/shared/error-CP8smW_P.mjs:48:18)
    at unwrapBindingResult (file:///C:/Users/anass/Documents/GitHub/Agdi/node_modules/rolldown/dist/shared/error-CP8smW_P.mjs:18:128)
    at #build (file:///C:/Users/anass/Documents/GitHub/Agdi/node_modules/rolldown/dist/shared/rolldown-build-4YnQkA76.mjs:3311:34)
    at async build (file:///C:/Users/anass/Documents/GitHub/Agdi/node_modules/rolldown/dist/index.mjs:46:22)
    at async Promise.all (index 0)
    at async buildSingle (file:///C:/Users/anass/Documents/GitHub/Agdi/node_modules/tsdown/dist/build-CoLhkNXE.mjs:734:19)
    at async Promise.all (index 0)
    at async buildWithConfigs (file:///C:/Users/anass/Documents/GitHub/Agdi/node_modules/tsdown/dist/build-CoLhkNXE.mjs:690:18)
    at async CAC.<anonymous> (file:///C:/Users/anass/Documents/GitHub/Agdi/node_modules/tsdown/dist/run.mjs:25:2)
    at async runCLI (file:///C:/Users/anass/Documents/GitHub/Agdi/node_modules/tsdown/dist/run.mjs:49:3)

