node.exe : npm warn 
Unknown project 
config "allow-build-s
cripts". This will 
stop working in the 
next major version 
of npm.
At line:1 char:1
+ & "C:\Program Files
\nodejs/node.exe" "C:
\Users\anass\AppData\
Roaming\ ...
+ ~~~~~~~~~~~~~~~~~~~
~~~~~~~~~~~~~~~~~~~~~
~~~~~~~~~~~~~~~~~~~~~
~~~~~~~~
    + CategoryInfo   
           : NotSpe  
  cified: (npm war   
 n Unknow...versi    
on of npm.:Strin    
g) [], RemoteExc    
eption
    + FullyQualified 
   ErrorId : Native  
  CommandError
 
extensions/bluebubbles/index.ts(1,36): error TS2307: Cannot find module 'openclaw/plugin-sdk' or its corresponding type declarations.
extensions/bluebubbles/index.ts(2,41): error TS2307: Cannot find module 'openclaw/plugin-sdk' or its corresponding type declarations.
extensions/bluebubbles/src/accounts.ts(1,33): error TS2307: Cannot find module 'openclaw/plugin-sdk' or its corresponding type declarations.
extensions/bluebubbles/src/accounts.ts(2,56): error TS2307: Cannot find module 'openclaw/plugin-sdk/account-id' or its corresponding type declarations.
extensions/bluebubbles/src/actions.ts(12,8): error TS2307: Cannot find module 'openclaw/plugin-sdk' or its corresponding type declarations.
extensions/bluebubbles/src/actions.ts(88,19): error TS7031: Binding element 'cfg' implicitly has an 'any' type.
extensions/bluebubbles/src/actions.ts(114,22): error TS7031: Binding element 'action' implicitly has an 'any' type.
extensions/bluebubbles/src/actions.ts(115,23): error TS7031: Binding element 'args' implicitly has an 'any' type.
extensions/bluebubbles/src/actions.ts(127,26): error TS7031: Binding element 'action' implicitly has an 'any' type.
extensions/bluebubbles/src/actions.ts(127,34): error TS7031: Binding element 'params' implicitly has an 'any' type.
extensions/bluebubbles/src/actions.ts(127,42): error TS7031: Binding element 'cfg' implicitly has an 'any' type.
extensions/bluebubbles/src/actions.ts(127,47): error TS7031: Binding element 'accountId' implicitly has an 'any' type.
extensions/bluebubbles/src/actions.ts(127,58): error TS7031: Binding element 'toolContext' implicitly has an 'any' type.
extensions/bluebubbles/src/attachments.ts(1,33): error TS2307: Cannot find module 'openclaw/plugin-sdk' or its corresponding type declarations.
extensions/bluebubbles/src/channel.ts(1,72): error TS2307: Cannot find module 'openclaw/plugin-sdk' or its corresponding type declarations.
extensions/bluebubbles/src/channel.ts(15,8): error TS2307: Cannot find module 'openclaw/plugin-sdk' or its corresponding type declarations.
extensions/bluebubbles/src/channel.ts(70,26): error TS7031: Binding element 'context' implicitly has an 'any' type.
extensions/bluebubbles/src/channel.ts(70,35): error TS7031: Binding element 'hasRepliedRef' implicitly has an 'any' type.
extensions/bluebubbles/src/channel.ts(80,22): error TS7006: Parameter 'cfg' implicitly has an 'any' type.
extensions/bluebubbles/src/channel.ts(81,22): error TS7006: Parameter 'cfg' implicitly has an 'any' type.
extensions/bluebubbles/src/channel.ts(81,27): error TS7006: Parameter 'accountId' implicitly has an 'any' type.
extensions/bluebubbles/src/channel.ts(82,24): error TS7006: Parameter 'cfg' implicitly has an 'any' type.
extensions/bluebubbles/src/channel.ts(83,27): error TS7031: Binding element 'cfg' implicitly has an 'any' type.
extensions/bluebubbles/src/channel.ts(83,32): error TS7031: Binding element 'accountId' implicitly has an 'any' type.
extensions/bluebubbles/src/channel.ts(83,43): error TS7031: Binding element 'enabled' implicitly has an 'any' type.
extensions/bluebubbles/src/channel.ts(91,23): error TS7031: Binding element 'cfg' implicitly has an 'any' type.
extensions/bluebubbles/src/channel.ts(91,28): error TS7031: Binding element 'accountId' implicitly has an 'any' type.
extensions/bluebubbles/src/channel.ts(98,20): error TS7006: Parameter 'account' implicitly has an 'any' type.
extensions/bluebubbles/src/channel.ts(99,23): error TS7006: Parameter 'account' implicitly has an 'any' type.
extensions/bluebubbles/src/channel.ts(106,26): error TS7031: Binding element 'cfg' implicitly has an 'any' type.
extensions/bluebubbles/src/channel.ts(106,31): error TS7031: Binding element 'accountId' implicitly has an 'any' type.
extensions/bluebubbles/src/channel.ts(110,25): error TS7031: Binding element 'allowFrom' implicitly has an 'any' type.
extensions/bluebubbles/src/channel.ts(112,15): error TS7006: Parameter 'entry' implicitly has an 'any' type.
extensions/bluebubbles/src/channel.ts(114,15): error TS7006: Parameter 'entry' implicitly has an 'any' type.
extensions/bluebubbles/src/channel.ts(115,15): error TS7006: Parameter 'entry' implicitly has an 'any' type.
extensions/bluebubbles/src/channel.ts(119,25): error TS7031: Binding element 'cfg' implicitly has an 'any' type.
extensions/bluebubbles/src/channel.ts(119,30): error TS7031: Binding element 'accountId' implicitly has an 'any' type.
extensions/bluebubbles/src/channel.ts(119,41): error TS7031: Binding element 'account' implicitly has an 'any' type.
extensions/bluebubbles/src/channel.ts(131,26): error TS7006: Parameter 'raw' implicitly has an 'any' type.
extensions/bluebubbles/src/channel.ts(134,25): error TS7031: Binding element 'account' implicitly has an 'any' type.
extensions/bluebubbles/src/channel.ts(150,29): error TS7031: Binding element 'target' implicitly has an 'any' type.
extensions/bluebubbles/src/channel.ts(150,37): error TS7031: Binding element 'display' implicitly has an 'any' type.
extensions/bluebubbles/src/channel.ts(218,26): error TS7031: Binding element 'accountId' implicitly has an 'any' type.
extensions/bluebubbles/src/channel.ts(219,26): error TS7031: Binding element 'cfg' implicitly has an 'any' type.
extensions/bluebubbles/src/channel.ts(219,31): error TS7031: Binding element 'accountId' implicitly has an 'any' type.
extensions/bluebubbles/src/channel.ts(219,42): error TS7031: Binding element 'name' implicitly has an 'any' type.
extensions/bluebubbles/src/channel.ts(226,23): error TS7031: Binding element 'input' implicitly has an 'any' type.
extensions/bluebubbles/src/channel.ts(238,28): error TS7031: Binding element 'cfg' implicitly has an 'any' type.
extensions/bluebubbles/src/channel.ts(238,33): error TS7031: Binding element 'accountId' implicitly has an 'any' type.
extensions/bluebubbles/src/channel.ts(238,44): error TS7031: Binding element 'input' implicitly has an 'any' type.
extensions/bluebubbles/src/channel.ts(291,27): error TS7006: Parameter 'entry' implicitly has an 'any' type.
extensions/bluebubbles/src/channel.ts(292,30): error TS7031: Binding element 'cfg' implicitly has an 'any' type.
extensions/bluebubbles/src/channel.ts(292,35): error TS7031: Binding element 'id' implicitly has an 'any' type.
extensions/bluebubbles/src/channel.ts(301,23): error TS7031: Binding element 'to' implicitly has an 'any' type.
extensions/bluebubbles/src/channel.ts(311,24): error TS7031: Binding element 'cfg' implicitly has an 'any' type.
extensions/bluebubbles/src/channel.ts(311,29): error TS7031: Binding element 'to' implicitly has an 'any' type.
extensions/bluebubbles/src/channel.ts(311,33): error TS7031: Binding element 'text' implicitly has an 'any' type.
extensions/bluebubbles/src/channel.ts(311,39): error TS7031: Binding element 'accountId' implicitly has an 'any' type.
extensions/bluebubbles/src/channel.ts(311,50): error TS7031: Binding element 'replyToId' implicitly has an 'any' type.
extensions/bluebubbles/src/channel.ts(324,23): error TS7006: Parameter 'ctx' implicitly has an 'any' type.
extensions/bluebubbles/src/channel.ts(359,29): error TS7031: Binding element 'snapshot' implicitly has an 'any' type.
extensions/bluebubbles/src/channel.ts(369,28): error TS7031: Binding element 'account' implicitly has an 'any' type.
extensions/bluebubbles/src/channel.ts(369,37): error TS7031: Binding element 'timeoutMs' implicitly has an 'any' type.
extensions/bluebubbles/src/channel.ts(375,30): error TS7031: Binding element 'account' implicitly has an 'any' type.
extensions/bluebubbles/src/channel.ts(375,39): error TS7031: Binding element 'runtime' implicitly has an 'any' type.
extensions/bluebubbles/src/channel.ts(375,48): error TS7031: Binding element 'probe' implicitly has an 'any' type.
extensions/bluebubbles/src/channel.ts(396,26): error TS7006: Parameter 'ctx' implicitly has an 'any' type.
extensions/bluebubbles/src/chat.ts(1,33): error TS2307: Cannot find module 'openclaw/plugin-sdk' or its corresponding type declarations.
extensions/bluebubbles/src/config-schema.ts(1,56): error TS2307: Cannot find module 'openclaw/plugin-sdk' or its corresponding type declarations.
extensions/bluebubbles/src/media-send.ts(6,62): error TS2307: Cannot find module 'openclaw/plugin-sdk' or its corresponding type declarations.
extensions/bluebubbles/src/media-send.ts(225,31): error TS7031: Binding element 'cfg' implicitly has an 'any' type.
extensions/bluebubbles/src/media-send.ts(225,36): error TS7031: Binding element 'accountId' implicitly has an 'any' type.
extensions/bluebubbles/src/monitor-processing.ts(1,33): error TS2307: Cannot find module 'openclaw/plugin-sdk' or its corresponding type declarations.
extensions/bluebubbles/src/monitor-processing.ts(9,8): error TS2307: Cannot find module 'openclaw/plugin-sdk' or its corresponding type declarations.
extensions/bluebubbles/src/monitor-processing.ts(383,13): error TS7006: Parameter 'msg' implicitly has an 'any' type.
extensions/bluebubbles/src/monitor-processing.ts(744,25): error TS7006: Parameter 'payload' implicitly has an 'any' type.
extensions/bluebubbles/src/monitor-processing.ts(744,34): error TS7006: Parameter 'info' implicitly has an 'any' type.
extensions/bluebubbles/src/monitor-processing.ts(855,19): error TS7006: Parameter 'err' implicitly has an 'any' type.
extensions/bluebubbles/src/monitor-processing.ts(855,24): error TS7006: Parameter 'info' implicitly has an 'any' type.
extensions/bluebubbles/src/monitor-processing.ts(885,19): error TS7006: Parameter 'err' implicitly has an 'any' type.
extensions/bluebubbles/src/monitor-processing.ts(887,19): error TS7006: Parameter 'msg' implicitly has an 'any' type.
extensions/bluebubbles/src/monitor-processing.ts(902,17): error TS7006: Parameter 'msg' implicitly has an 'any' type.
extensions/bluebubbles/src/monitor-shared.ts(1,33): error TS2307: Cannot find module 'openclaw/plugin-sdk' or its corresponding type declarations.
extensions/bluebubbles/src/monitor.ts(2,33): error TS2307: Cannot find module 'openclaw/plugin-sdk' or its corresponding type declarations.
extensions/bluebubbles/src/monitor.ts(146,16): error TS7006: Parameter 'entry' implicitly has an 'any' type.
extensions/bluebubbles/src/monitor.ts(171,22): error TS7006: Parameter 'entry' implicitly has an 'any' type.
extensions/bluebubbles/src/monitor.ts(185,21): error TS7006: Parameter 'entries' implicitly has an 'any' type.
extensions/bluebubbles/src/monitor.ts(212,15): error TS7006: Parameter 'err' implicitly has an 'any' type.
extensions/bluebubbles/src/monitor.ts(528,51): error TS7006: Parameter 'err' implicitly has an 'any' type.
extensions/bluebubbles/src/onboarding.ts(7,8): error TS2307: Cannot find module 'openclaw/plugin-sdk' or its corresponding type declarations.
extensions/bluebubbles/src/onboarding.ts(14,8): error TS2307: Cannot find module 'openclaw/plugin-sdk' or its corresponding type declarations.
extensions/bluebubbles/src/onboarding.ts(111,16): error TS7006: Parameter 'value' implicitly has an 'any' type.
extensions/bluebubbles/src/onboarding.ts(139,16): error TS7006: Parameter 'cfg' implicitly has an 'any' type.
extensions/bluebubbles/src/onboarding.ts(140,15): error TS7006: Parameter 'cfg' implicitly has an 'any' type.
extensions/bluebubbles/src/onboarding.ts(140,20): error TS7006: Parameter 'policy' implicitly has an 'any' type.
extensions/bluebubbles/src/onboarding.ts(146,23): error TS7031: Binding element 'cfg' implicitly has an 'any' type.
extensions/bluebubbles/src/onboarding.ts(159,23): error TS7031: Binding element 'cfg' implicitly has an 'any' type.
extensions/bluebubbles/src/onboarding.ts(159,28): error TS7031: Binding element 'prompter' implicitly has an 'any' type.
extensions/bluebubbles/src/onboarding.ts(159,38): error TS7031: Binding element 'accountOverrides' implicitly has an 'any' type.
extensions/bluebubbles/src/onboarding.ts(159,56): error TS7031: Binding element 'shouldPromptAccountIds' implicitly has an 'any' type.
extensions/bluebubbles/src/onboarding.ts(193,20): error TS7006: Parameter 'value' implicitly has an 'any' type.
extensions/bluebubbles/src/onboarding.ts(218,22): error TS7006: Parameter 'value' implicitly has an 'any' type.
extensions/bluebubbles/src/onboarding.ts(248,20): error TS7006: Parameter 'value' implicitly has an 'any' type.
extensions/bluebubbles/src/onboarding.ts(259,22): error TS7006: Parameter 'value' implicitly has an 'any' type.
extensions/bluebubbles/src/onboarding.ts(277,20): error TS7006: Parameter 'value' implicitly has an 'any' type.
extensions/bluebubbles/src/onboarding.ts(345,13): error TS7006: Parameter 'cfg' implicitly has an 'any' type.
extensions/bluebubbles/src/probe.ts(1,38): error TS2307: Cannot find module 'openclaw/plugin-sdk' or its corresponding type declarations.
extensions/bluebubbles/src/reactions.ts(1,33): error TS2307: Cannot find module 'openclaw/plugin-sdk' or its corresponding type declarations.
extensions/bluebubbles/src/runtime.ts(1,36): error TS2307: Cannot find module 'openclaw/plugin-sdk' or its corresponding type declarations.
extensions/bluebubbles/src/send.ts(1,33): error TS2307: Cannot find module 'openclaw/plugin-sdk' or its corresponding type declarations.
extensions/bluebubbles/src/send.ts(3,31): error TS2307: Cannot find module 'openclaw/plugin-sdk' or its corresponding type declarations.
extensions/bluebubbles/src/targets.ts(6,8): error TS2307: Cannot find module 'openclaw/plugin-sdk' or its corresponding type declarations.
extensions/bluebubbles/src/targets.ts(219,20): error TS7006: Parameter 'remainderLower' implicitly has an 'any' type.
extensions/bluebubbles/src/types.ts(1,44): error TS2307: Cannot find module 'openclaw/plugin-sdk' or its corresponding type declarations.
extensions/bluebubbles/src/types.ts(3,44): error TS2307: Cannot find module 'openclaw/plugin-sdk' or its corresponding type declarations.
extensions/copilot-proxy/index.ts(6,8): error TS2307: Cannot find module 'openclaw/plugin-sdk' or its corresponding type declarations.
extensions/device-pair/index.ts(1,36): error TS2307: Cannot find module 'openclaw/plugin-sdk' or its corresponding type declarations.
extensions/device-pair/index.ts(3,57): error TS2307: Cannot find module 'openclaw/plugin-sdk' or its corresponding type declarations.
extensions/device-pair/index.ts(384,21): error TS7006: Parameter 'ctx' implicitly has an 'any' type.
extensions/device-pair/index.ts(411,42): error TS7006: Parameter 'entry' implicitly has an 'any' type.
extensions/diagnostics-otel/index.ts(1,36): error TS2307: Cannot find module 'openclaw/plugin-sdk' or its corresponding type declarations.
extensions/diagnostics-otel/index.ts(2,41): error TS2307: Cannot find module 'openclaw/plugin-sdk' or its corresponding type declarations.
extensions/diagnostics-otel/src/service.ts(2,64): error TS2307: Cannot find module 'openclaw/plugin-sdk' or its corresponding type declarations.
extensions/diagnostics-otel/src/service.ts(13,57): error TS2307: Cannot find module 'openclaw/plugin-sdk' or its corresponding type declarations.
extensions/diagnostics-otel/src/service.ts(50,17): error TS7006: Parameter 'ctx' implicitly has an 'any' type.
extensions/diagnostics-otel/src/service.ts(222,50): error TS7006: Parameter 'logObj' implicitly has an 'any' type.
extensions/discord/index.ts(1,36): error TS2307: Cannot find module 'openclaw/plugin-sdk' or its corresponding type declarations.
extensions/discord/index.ts(2,41): error TS2307: Cannot find module 'openclaw/plugin-sdk' or its corresponding type declarations.
extensions/discord/src/channel.ts(28,8): error TS2307: Cannot find module 'openclaw/plugin-sdk' or its corresponding type declarations.
extensions/discord/src/channel.ts(34,17): error TS7006: Parameter 'ctx' implicitly has an 'any' type.
extensions/discord/src/channel.ts(36,21): error TS7006: Parameter 'ctx' implicitly has an 'any' type.
extensions/discord/src/channel.ts(38,24): error TS7006: Parameter 'ctx' implicitly has an 'any' type.
extensions/discord/src/channel.ts(55,27): error TS7006: Parameter 'entry' implicitly has an 'any' type.
extensions/discord/src/channel.ts(56,30): error TS7031: Binding element 'id' implicitly has an 'any' type.
extensions/discord/src/channel.ts(77,22): error TS7006: Parameter 'cfg' implicitly has an 'any' type.
extensions/discord/src/channel.ts(78,22): error TS7006: Parameter 'cfg' implicitly has an 'any' type.
extensions/discord/src/channel.ts(78,27): error TS7006: Parameter 'accountId' implicitly has an 'any' type.
extensions/discord/src/channel.ts(79,24): error TS7006: Parameter 'cfg' implicitly has an 'any' type.
extensions/discord/src/channel.ts(80,27): error TS7031: Binding element 'cfg' implicitly has an 'any' type.
extensions/discord/src/channel.ts(80,32): error TS7031: Binding element 'accountId' implicitly has an 'any' type.
extensions/discord/src/channel.ts(80,43): error TS7031: Binding element 'enabled' implicitly has an 'any' type.
extensions/discord/src/channel.ts(88,23): error TS7031: Binding element 'cfg' implicitly has an 'any' type.
extensions/discord/src/channel.ts(88,28): error TS7031: Binding element 'accountId' implicitly has an 'any' type.
extensions/discord/src/channel.ts(95,20): error TS7006: Parameter 'account' implicitly has an 'any' type.
extensions/discord/src/channel.ts(96,23): error TS7006: Parameter 'account' implicitly has an 'any' type.
extensions/discord/src/channel.ts(103,26): error TS7031: Binding element 'cfg' implicitly has an 'any' type.
extensions/discord/src/channel.ts(103,31): error TS7031: Binding element 'accountId' implicitly has an 'any' type.
extensions/discord/src/channel.ts(104,83): error TS7006: Parameter 'entry' implicitly has an 'any' type.
extensions/discord/src/channel.ts(107,25): error TS7031: Binding element 'allowFrom' implicitly has an 'any' type.
extensions/discord/src/channel.ts(109,15): error TS7006: Parameter 'entry' implicitly has an 'any' type.
extensions/discord/src/channel.ts(111,15): error TS7006: Parameter 'entry' implicitly has an 'any' type.
extensions/discord/src/channel.ts(114,25): error TS7031: Binding element 'cfg' implicitly has an 'any' type.
extensions/discord/src/channel.ts(114,30): error TS7031: Binding element 'accountId' implicitly has an 'any' type.
extensions/discord/src/channel.ts(114,41): error TS7031: Binding element 'account' implicitly has an 'any' type.
extensions/discord/src/channel.ts(125,26): error TS7006: Parameter 'raw' implicitly has an 'any' type.
extensions/discord/src/channel.ts(128,25): error TS7031: Binding element 'account' implicitly has an 'any' type.
extensions/discord/src/channel.ts(128,34): error TS7031: Binding element 'cfg' implicitly has an 'any' type.
extensions/discord/src/channel.ts(159,28): error TS7031: Binding element 'cfg' implicitly has an 'any' type.
extensions/discord/src/channel.ts(176,23): error TS7006: Parameter 'params' implicitly has an 'any' type.
extensions/discord/src/channel.ts(177,24): error TS7006: Parameter 'params' implicitly has an 'any' type.
extensions/discord/src/channel.ts(178,27): error TS7006: Parameter 'params' implicitly has an 'any' type.
extensions/discord/src/channel.ts(180,28): error TS7006: Parameter 'params' implicitly has an 'any' type.
extensions/discord/src/channel.ts(184,30): error TS7031: Binding element 'cfg' implicitly has an 'any' type.
extensions/discord/src/channel.ts(184,35): error TS7031: Binding element 'accountId' implicitly has an 'any' type.
extensions/discord/src/channel.ts(184,46): error TS7031: Binding element 'inputs' implicitly has an 'any' type.
extensions/discord/src/channel.ts(184,54): error TS7031: Binding element 'kind' implicitly has an 'any' type.
extensions/discord/src/channel.ts(188,28): error TS7006: Parameter 'input' implicitly has an 'any' type.
extensions/discord/src/channel.ts(199,30): error TS7006: Parameter 'entry' implicitly has an 'any' type.
extensions/discord/src/channel.ts(214,28): error TS7006: Parameter 'entry' implicitly has an 'any' type.
extensions/discord/src/channel.ts(225,26): error TS7031: Binding element 'accountId' implicitly has an 'any' type.
extensions/discord/src/channel.ts(226,26): error TS7031: Binding element 'cfg' implicitly has an 'any' type.
extensions/discord/src/channel.ts(226,31): error TS7031: Binding element 'accountId' implicitly has an 'any' type.
extensions/discord/src/channel.ts(226,42): error TS7031: Binding element 'name' implicitly has an 'any' type.
extensions/discord/src/channel.ts(233,23): error TS7031: Binding element 'accountId' implicitly has an 'any' type.
extensions/discord/src/channel.ts(233,34): error TS7031: Binding element 'input' implicitly has an 'any' type.
extensions/discord/src/channel.ts(242,28): error TS7031: Binding element 'cfg' implicitly has an 'any' type.
extensions/discord/src/channel.ts(242,33): error TS7031: Binding element 'accountId' implicitly has an 'any' type.
extensions/discord/src/channel.ts(242,44): error TS7031: Binding element 'input' implicitly has an 'any' type.
extensions/discord/src/channel.ts(294,24): error TS7031: Binding element 'to' implicitly has an 'any' type.
extensions/discord/src/channel.ts(294,28): error TS7031: Binding element 'text' implicitly has an 'any' type.
extensions/discord/src/channel.ts(294,34): error TS7031: Binding element 'accountId' implicitly has an 'any' type.
extensions/discord/src/channel.ts(294,45): error TS7031: Binding element 'deps' implicitly has an 'any' type.
extensions/discord/src/channel.ts(294,51): error TS7031: Binding element 'replyToId' implicitly has an 'any' type.
extensions/discord/src/channel.ts(294,62): error TS7031: Binding element 'silent' implicitly has an 'any' type.
extensions/discord/src/channel.ts(304,25): error TS7031: Binding element 'to' implicitly has an 'any' type.
extensions/discord/src/channel.ts(304,29): error TS7031: Binding element 'text' implicitly has an 'any' type.
extensions/discord/src/channel.ts(304,35): error TS7031: Binding element 'mediaUrl' implicitly has an 'any' type.
extensions/discord/src/channel.ts(304,45): error TS7031: Binding element 'accountId' implicitly has an 'any' type.
extensions/discord/src/channel.ts(304,56): error TS7031: Binding element 'deps' implicitly has an 'any' type.
extensions/discord/src/channel.ts(304,62): error TS7031: Binding element 'replyToId' implicitly has an 'any' type.
extensions/discord/src/channel.ts(304,73): error TS7031: Binding element 'silent' implicitly has an 'any' type.
extensions/discord/src/channel.ts(315,24): error TS7031: Binding element 'to' implicitly has an 'any' type.
extensions/discord/src/channel.ts(315,28): error TS7031: Binding element 'poll' implicitly has an 'any' type.
extensions/discord/src/channel.ts(315,34): error TS7031: Binding element 'accountId' implicitly has an 'any' type.
extensions/discord/src/channel.ts(315,45): error TS7031: Binding element 'silent' implicitly has an 'any' type.
extensions/discord/src/channel.ts(330,29): error TS7031: Binding element 'snapshot' implicitly has an 'any' type.
extensions/discord/src/channel.ts(340,28): error TS7031: Binding element 'account' implicitly has an 'any' type.
extensions/discord/src/channel.ts(340,37): error TS7031: Binding element 'timeoutMs' implicitly has an 'any' type.
extensions/discord/src/channel.ts(344,28): error TS7031: Binding element 'account' implicitly has an 'any' type.
extensions/discord/src/channel.ts(344,37): error TS7031: Binding element 'timeoutMs' implicitly has an 'any' type.
extensions/discord/src/channel.ts(344,48): error TS7031: Binding element 'cfg' implicitly has an 'any' type.
extensions/discord/src/channel.ts(370,30): error TS7031: Binding element 'account' implicitly has an 'any' type.
extensions/discord/src/channel.ts(370,39): error TS7031: Binding element 'runtime' implicitly has an 'any' type.
extensions/discord/src/channel.ts(370,48): error TS7031: Binding element 'probe' implicitly has an 'any' type.
extensions/discord/src/channel.ts(370,55): error TS7031: Binding element 'audit' implicitly has an 'any' type.
extensions/discord/src/channel.ts(394,26): error TS7006: Parameter 'ctx' implicitly has an 'any' type.
extensions/discord/src/runtime.ts(1,36): error TS2307: Cannot find module 'openclaw/plugin-sdk' or its corresponding type declarations.
extensions/feishu/index.ts(1,36): error TS2307: Cannot find module 'openclaw/plugin-sdk' or its corresponding type declarations.
extensions/feishu/index.ts(2,41): error TS2307: Cannot find module 'openclaw/plugin-sdk' or its corresponding type declarations.
extensions/feishu/src/accounts.ts(1,37): error TS2307: Cannot find module 'openclaw/plugin-sdk' or its corresponding type declarations.
extensions/feishu/src/accounts.ts(2,56): error TS2307: Cannot find module 'openclaw/plugin-sdk/account-id' or its corresponding type declarations.
extensions/feishu/src/bitable.ts(1,36): error TS2307: Cannot find module 'openclaw/plugin-sdk' or its corresponding type declarations.
extensions/feishu/src/bitable.ts(329,21): error TS7006: Parameter '_toolCallId' implicitly has an 'any' type.
extensions/feishu/src/bitable.ts(329,34): error TS7006: Parameter 'params' implicitly has an 'any' type.
extensions/feishu/src/bitable.ts(349,21): error TS7006: Parameter '_toolCallId' implicitly has an 'any' type.
extensions/feishu/src/bitable.ts(349,34): error TS7006: Parameter 'params' implicitly has an 'any' type.
extensions/feishu/src/bitable.ts(369,21): error TS7006: Parameter '_toolCallId' implicitly has an 'any' type.
extensions/feishu/src/bitable.ts(369,34): error TS7006: Parameter 'params' implicitly has an 'any' type.
extensions/feishu/src/bitable.ts(394,21): error TS7006: Parameter '_toolCallId' implicitly has an 'any' type.
extensions/feishu/src/bitable.ts(394,34): error TS7006: Parameter 'params' implicitly has an 'any' type.
extensions/feishu/src/bitable.ts(418,21): error TS7006: Parameter '_toolCallId' implicitly has an 'any' type.
extensions/feishu/src/bitable.ts(418,34): error TS7006: Parameter 'params' implicitly has an 'any' type.
extensions/feishu/src/bitable.ts(442,21): error TS7006: Parameter '_toolCallId' implicitly has an 'any' type.
extensions/feishu/src/bitable.ts(442,34): error TS7006: Parameter 'params' implicitly has an 'any' type.
extensions/feishu/src/bot.ts(1,49): error TS2307: Cannot find module 'openclaw/plugin-sdk' or its corresponding type declarations.
extensions/feishu/src/bot.ts(9,8): error TS2307: Cannot find module 'openclaw/plugin-sdk' or its corresponding type declarations.
extensions/feishu/src/bot.ts(870,23): error TS7006: Parameter 'entry' implicitly has an 'any' type.
extensions/feishu/src/channel.ts(1,65): error TS2307: Cannot find module 'openclaw/plugin-sdk' or its corresponding type declarations.
extensions/feishu/src/channel.ts(7,8): error TS2307: Cannot find module 'openclaw/plugin-sdk' or its corresponding type declarations.
extensions/feishu/src/channel.ts(46,27): error TS7006: Parameter 'entry' implicitly has an 'any' type.
extensions/feishu/src/channel.ts(47,30): error TS7031: Binding element 'cfg' implicitly has an 'any' type.
extensions/feishu/src/channel.ts(47,35): error TS7031: Binding element 'id' implicitly has an 'any' type.
extensions/feishu/src/channel.ts(128,22): error TS7006: Parameter 'cfg' implicitly has an 'any' type.
extensions/feishu/src/channel.ts(129,22): error TS7006: Parameter 'cfg' implicitly has an 'any' type.
extensions/feishu/src/channel.ts(129,27): error TS7006: Parameter 'accountId' implicitly has an 'any' type.
extensions/feishu/src/channel.ts(130,24): error TS7006: Parameter 'cfg' implicitly has an 'any' type.
extensions/feishu/src/channel.ts(131,27): error TS7031: Binding element 'cfg' implicitly has an 'any' type.
extensions/feishu/src/channel.ts(131,32): error TS7031: Binding element 'accountId' implicitly has an 'any' type.
extensions/feishu/src/channel.ts(131,43): error TS7031: Binding element 'enabled' implicitly has an 'any' type.
extensions/feishu/src/channel.ts(168,23): error TS7031: Binding element 'cfg' implicitly has an 'any' type.
extensions/feishu/src/channel.ts(168,28): error TS7031: Binding element 'accountId' implicitly has an 'any' type.
extensions/feishu/src/channel.ts(200,20): error TS7006: Parameter 'account' implicitly has an 'any' type.
extensions/feishu/src/channel.ts(201,23): error TS7006: Parameter 'account' implicitly has an 'any' type.
extensions/feishu/src/channel.ts(209,26): error TS7031: Binding element 'cfg' implicitly has an 'any' type.
extensions/feishu/src/channel.ts(209,31): error TS7031: Binding element 'accountId' implicitly has an 'any' type.
extensions/feishu/src/channel.ts(213,25): error TS7031: Binding element 'allowFrom' implicitly has an 'any' type.
extensions/feishu/src/channel.ts(215,15): error TS7006: Parameter 'entry' implicitly has an 'any' type.
extensions/feishu/src/channel.ts(217,15): error TS7006: Parameter 'entry' implicitly has an 'any' type.
extensions/feishu/src/channel.ts(220,25): error TS7031: Binding element 'cfg' implicitly has an 'any' type.
extensions/feishu/src/channel.ts(220,30): error TS7031: Binding element 'accountId' implicitly has an 'any' type.
extensions/feishu/src/channel.ts(235,28): error TS7031: Binding element 'cfg' implicitly has an 'any' type.
extensions/feishu/src/channel.ts(235,33): error TS7031: Binding element 'accountId' implicitly has an 'any' type.
extensions/feishu/src/channel.ts(272,23): error TS7006: Parameter 'raw' implicitly has an 'any' type.
extensions/feishu/src/channel.ts(280,25): error TS7031: Binding element 'cfg' implicitly has an 'any' type.
extensions/feishu/src/channel.ts(280,30): error TS7031: Binding element 'query' implicitly has an 'any' type.
extensions/feishu/src/channel.ts(280,37): error TS7031: Binding element 'limit' implicitly has an 'any' type.
extensions/feishu/src/channel.ts(280,44): error TS7031: Binding element 'accountId' implicitly has an 'any' type.
extensions/feishu/src/channel.ts(287,26): error TS7031: Binding element 'cfg' implicitly has an 'any' type.
extensions/feishu/src/channel.ts(287,31): error TS7031: Binding element 'query' implicitly has an 'any' type.
extensions/feishu/src/channel.ts(287,38): error TS7031: Binding element 'limit' implicitly has an 'any' type.
extensions/feishu/src/channel.ts(287,45): error TS7031: Binding element 'accountId' implicitly has an 'any' type.
extensions/feishu/src/channel.ts(294,29): error TS7031: Binding element 'cfg' implicitly has an 'any' type.
extensions/feishu/src/channel.ts(294,34): error TS7031: Binding element 'query' implicitly has an 'any' type.
extensions/feishu/src/channel.ts(294,41): error TS7031: Binding element 'limit' implicitly has an 'any' type.
extensions/feishu/src/channel.ts(294,48): error TS7031: Binding element 'accountId' implicitly has an 'any' type.
extensions/feishu/src/channel.ts(301,30): error TS7031: Binding element 'cfg' implicitly has an 'any' type.
extensions/feishu/src/channel.ts(301,35): error TS7031: Binding element 'query' implicitly has an 'any' type.
extensions/feishu/src/channel.ts(301,42): error TS7031: Binding element 'limit' implicitly has an 'any' type.
extensions/feishu/src/channel.ts(301,49): error TS7031: Binding element 'accountId' implicitly has an 'any' type.
extensions/feishu/src/channel.ts(312,29): error TS7031: Binding element 'snapshot' implicitly has an 'any' type.
extensions/feishu/src/channel.ts(318,28): error TS7031: Binding element 'account' implicitly has an 'any' type.
extensions/feishu/src/channel.ts(319,30): error TS7031: Binding element 'account' implicitly has an 'any' type.
extensions/feishu/src/channel.ts(319,39): error TS7031: Binding element 'runtime' implicitly has an 'any' type.
extensions/feishu/src/channel.ts(319,48): error TS7031: Binding element 'probe' implicitly has an 'any' type.
extensions/feishu/src/channel.ts(335,26): error TS7006: Parameter 'ctx' implicitly has an 'any' type.
extensions/feishu/src/directory.ts(1,37): error TS2307: Cannot find module 'openclaw/plugin-sdk' or its corresponding type declarations.
extensions/feishu/src/docx.ts(2,36): error TS2307: Cannot find module 'openclaw/plugin-sdk' or its corresponding type declarations.
extensions/feishu/src/docx.ts(475,23): error TS7006: Parameter '_toolCallId' implicitly has an 'any' type.
extensions/feishu/src/docx.ts(475,36): error TS7006: Parameter 'params' implicitly has an 'any' type.
extensions/feishu/src/drive.ts(2,36): error TS2307: Cannot find module 'openclaw/plugin-sdk' or its corresponding type declarations.
extensions/feishu/src/drive.ts(199,21): error TS7006: Parameter '_toolCallId' implicitly has an 'any' type.
extensions/feishu/src/drive.ts(199,34): error TS7006: Parameter 'params' implicitly has an 'any' type.
extensions/feishu/src/dynamic-agent.ts(1,48): error TS2307: Cannot find module 'openclaw/plugin-sdk' or its corresponding type declarations.
extensions/feishu/src/dynamic-agent.ts(29,6): error TS7006: Parameter 'b' implicitly has an 'any' type.
extensions/feishu/src/dynamic-agent.ts(41,63): error TS7006: Parameter 'a' implicitly has an 'any' type.
extensions/feishu/src/dynamic-agent.ts(56,56): error TS7006: Parameter 'a' implicitly has an 'any' type.
extensions/feishu/src/media.ts(1,37): error TS2307: Cannot find module 'openclaw/plugin-sdk' or its corresponding type declarations.
extensions/feishu/src/monitor.ts(8,8): error TS2307: Cannot find module 'openclaw/plugin-sdk' or its corresponding type declarations.
extensions/feishu/src/onboarding.ts(7,8): error TS2307: Cannot find module 'openclaw/plugin-sdk' or its corresponding type declarations.
extensions/feishu/src/onboarding.ts(8,74): error TS2307: Cannot find module 'openclaw/plugin-sdk' or its corresponding type declarations.
extensions/feishu/src/onboarding.ts(18,69): error TS7006: Parameter 'entry' implicitly has an 'any' type.
extensions/feishu/src/onboarding.ts(74,18): error TS7006: Parameter 'value' implicitly has an 'any' type.
extensions/feishu/src/onboarding.ts(142,16): error TS7006: Parameter 'cfg' implicitly has an 'any' type.
extensions/feishu/src/onboarding.ts(143,15): error TS7006: Parameter 'cfg' implicitly has an 'any' type.
extensions/feishu/src/onboarding.ts(143,20): error TS7006: Parameter 'policy' implicitly has an 'any' type.
extensions/feishu/src/onboarding.ts(149,23): error TS7031: Binding element 'cfg' implicitly has an 'any' type.
extensions/feishu/src/onboarding.ts(183,23): error TS7031: Binding element 'cfg' implicitly has an 'any' type.
extensions/feishu/src/onboarding.ts(183,28): error TS7031: Binding element 'prompter' implicitly has an 'any' type.
extensions/feishu/src/onboarding.ts(216,24): error TS7006: Parameter 'value' implicitly has an 'any' type.
extensions/feishu/src/onboarding.ts(222,24): error TS7006: Parameter 'value' implicitly has an 'any' type.
extensions/feishu/src/onboarding.ts(235,24): error TS7006: Parameter 'value' implicitly has an 'any' type.
extensions/feishu/src/onboarding.ts(241,24): error TS7006: Parameter 'value' implicitly has an 'any' type.
extensions/feishu/src/onboarding.ts(249,22): error TS7006: Parameter 'value' implicitly has an 'any' type.
extensions/feishu/src/onboarding.ts(255,22): error TS7006: Parameter 'value' implicitly has an 'any' type.
extensions/feishu/src/onboarding.ts(352,13): error TS7006: Parameter 'cfg' implicitly has an 'any' type.
extensions/feishu/src/outbound.ts(1,45): error TS2307: Cannot find module 'openclaw/plugin-sdk' or its corresponding type declarations.
extensions/feishu/src/outbound.ts(8,13): error TS7006: Parameter 'text' implicitly has an 'any' type.
extensions/feishu/src/outbound.ts(8,19): error TS7006: Parameter 'limit' implicitly has an 'any' type.
extensions/feishu/src/outbound.ts(11,22): error TS7031: Binding element 'cfg' implicitly has an 'any' type.
extensions/feishu/src/outbound.ts(11,27): error TS7031: Binding element 'to' implicitly has an 'any' type.
extensions/feishu/src/outbound.ts(11,31): error TS7031: Binding element 'text' implicitly has an 'any' type.
extensions/feishu/src/outbound.ts(11,37): error TS7031: Binding element 'accountId' implicitly has an 'any' type.
extensions/feishu/src/outbound.ts(15,23): error TS7031: Binding element 'cfg' implicitly has an 'any' type.
extensions/feishu/src/outbound.ts(15,28): error TS7031: Binding element 'to' implicitly has an 'any' type.
extensions/feishu/src/outbound.ts(15,32): error TS7031: Binding element 'text' implicitly has an 'any' type.
extensions/feishu/src/outbound.ts(15,38): error TS7031: Binding element 'mediaUrl' implicitly has an 'any' type.
extensions/feishu/src/outbound.ts(15,48): error TS7031: Binding element 'accountId' implicitly has an 'any' type.
extensions/feishu/src/perm.ts(2,36): error TS2307: Cannot find module 'openclaw/plugin-sdk' or its corresponding type declarations.
extensions/feishu/src/perm.ts(147,21): error TS7006: Parameter '_toolCallId' implicitly has an 'any' type.
extensions/feishu/src/perm.ts(147,34): error TS7006: Parameter 'params' implicitly has an 'any' type.
extensions/feishu/src/policy.ts(5,8): error TS2307: Cannot find module 'openclaw/plugin-sdk' or its corresponding type declarations.
extensions/feishu/src/policy.ts(6,45): error TS2307: Cannot find module 'openclaw/plugin-sdk' or its corresponding type declarations.
extensions/feishu/src/reactions.ts(1,37): error TS2307: Cannot find module 'openclaw/plugin-sdk' or its corresponding type declarations.
extensions/feishu/src/reply-dispatcher.ts(8,8): error TS2307: Cannot find module 'openclaw/plugin-sdk' or its corresponding type declarations.
extensions/feishu/src/reply-dispatcher.ts(55,20): error TS7006: Parameter 'err' implicitly has an 'any' type.
extensions/feishu/src/reply-dispatcher.ts(57,15): error TS7006: Parameter 'message' implicitly has an 'any' type.
extensions/feishu/src/reply-dispatcher.ts(62,19): error TS7006: Parameter 'err' implicitly has an 'any' type.
extensions/feishu/src/reply-dispatcher.ts(64,15): error TS7006: Parameter 'message' implicitly has an 'any' type.
extensions/feishu/src/reply-dispatcher.ts(139,46): error TS7006: Parameter 'info' implicitly has an 'any' type.
extensions/feishu/src/reply-dispatcher.ts(198,23): error TS7006: Parameter 'error' implicitly has an 'any' type.
extensions/feishu/src/reply-dispatcher.ts(198,30): error TS7006: Parameter 'info' implicitly has an 'any' type.
extensions/feishu/src/runtime.ts(1,36): error TS2307: Cannot find module 'openclaw/plugin-sdk' or its corresponding type declarations.
extensions/feishu/src/send.ts(1,37): error TS2307: Cannot find module 'openclaw/plugin-sdk' or its corresponding type declarations.
extensions/feishu/src/types.ts(1,38): error TS2307: Cannot find module 'openclaw/plugin-sdk' or its corresponding type declarations.
extensions/feishu/src/typing.ts(1,37): error TS2307: Cannot find module 'openclaw/plugin-sdk' or its corresponding type declarations.
extensions/feishu/src/wiki.ts(2,36): error TS2307: Cannot find module 'openclaw/plugin-sdk' or its corresponding type declarations.
extensions/feishu/src/wiki.ts(187,21): error TS7006: Parameter '_toolCallId' implicitly has an 'any' type.
extensions/feishu/src/wiki.ts(187,34): error TS7006: Parameter 'params' implicitly has an 'any' type.
extensions/google-antigravity-auth/index.ts(9,8): error TS2307: Cannot find module 'openclaw/plugin-sdk' or its corresponding type declarations.
extensions/google-gemini-cli-auth/index.ts(6,8): error TS2307: Cannot find module 'openclaw/plugin-sdk' or its corresponding type declarations.
extensions/google-gemini-cli-auth/oauth.ts(5,28): error TS2307: Cannot find module 'openclaw/plugin-sdk' or its corresponding type declarations.
extensions/googlechat/index.ts(1,36): error TS2307: Cannot find module 'openclaw/plugin-sdk' or its corresponding type declarations.
extensions/googlechat/index.ts(2,41): error TS2307: Cannot find module 'openclaw/plugin-sdk' or its corresponding type declarations.
extensions/googlechat/src/accounts.ts(1,33): error TS2307: Cannot find module 'openclaw/plugin-sdk' or its corresponding type declarations.
extensions/googlechat/src/accounts.ts(2,56): error TS2307: Cannot find module 'openclaw/plugin-sdk/account-id' or its corresponding type declarations.
extensions/googlechat/src/actions.ts(5,8): error TS2307: Cannot find module 'openclaw/plugin-sdk' or its corresponding type declarations.
extensions/googlechat/src/actions.ts(12,8): error TS2307: Cannot find module 'openclaw/plugin-sdk' or its corresponding type declarations.
extensions/googlechat/src/actions.ts(53,19): error TS7031: Binding element 'cfg' implicitly has an 'any' type.
extensions/googlechat/src/actions.ts(66,23): error TS7031: Binding element 'args' implicitly has an 'any' type.
extensions/googlechat/src/actions.ts(78,26): error TS7031: Binding element 'action' implicitly has an 'any' type.
extensions/googlechat/src/actions.ts(78,34): error TS7031: Binding element 'params' implicitly has an 'any' type.
extensions/googlechat/src/actions.ts(78,42): error TS7031: Binding element 'cfg' implicitly has an 'any' type.
extensions/googlechat/src/actions.ts(78,47): error TS7031: Binding element 'accountId' implicitly has an 'any' type.
extensions/googlechat/src/channel.ts(20,8): error TS2307: Cannot find module 'openclaw/plugin-sdk' or its corresponding type declarations.
extensions/googlechat/src/channel.ts(21,40): error TS2307: Cannot find module 'openclaw/plugin-sdk' or its corresponding type declarations.
extensions/googlechat/src/channel.ts(61,26): error TS7031: Binding element 'cfg' implicitly has an 'any' type.
extensions/googlechat/src/channel.ts(61,31): error TS7031: Binding element 'accountId' implicitly has an 'any' type.
extensions/googlechat/src/channel.ts(62,91): error TS7006: Parameter 'entry' implicitly has an 'any' type.
extensions/googlechat/src/channel.ts(65,25): error TS7031: Binding element 'allowFrom' implicitly has an 'any' type.
extensions/googlechat/src/channel.ts(67,15): error TS7006: Parameter 'entry' implicitly has an 'any' type.
extensions/googlechat/src/channel.ts(75,28): error TS7031: Binding element 'cfg' implicitly has an 'any' type.
extensions/googlechat/src/channel.ts(76,26): error TS7031: Binding element 'context' implicitly has an 'any' type.
extensions/googlechat/src/channel.ts(76,35): error TS7031: Binding element 'hasRepliedRef' implicitly has an 'any' type.
extensions/googlechat/src/channel.ts(88,17): error TS7006: Parameter 'ctx' implicitly has an 'any' type.
extensions/googlechat/src/channel.ts(89,21): error TS7006: Parameter 'ctx' implicitly has an 'any' type.
extensions/googlechat/src/channel.ts(90,24): error TS7006: Parameter 'ctx' implicitly has an 'any' type.
extensions/googlechat/src/channel.ts(104,27): error TS7006: Parameter 'entry' implicitly has an 'any' type.
extensions/googlechat/src/channel.ts(105,30): error TS7031: Binding element 'cfg' implicitly has an 'any' type.
extensions/googlechat/src/channel.ts(105,35): error TS7031: Binding element 'id' implicitly has an 'any' type.
extensions/googlechat/src/channel.ts(134,22): error TS7006: Parameter 'cfg' implicitly has an 'any' type.
extensions/googlechat/src/channel.ts(135,22): error TS7006: Parameter 'cfg' implicitly has an 'any' type.
extensions/googlechat/src/channel.ts(135,27): error TS7006: Parameter 'accountId' implicitly has an 'any' type.
extensions/googlechat/src/channel.ts(136,24): error TS7006: Parameter 'cfg' implicitly has an 'any' type.
extensions/googlechat/src/channel.ts(137,27): error TS7031: Binding element 'cfg' implicitly has an 'any' type.
extensions/googlechat/src/channel.ts(137,32): error TS7031: Binding element 'accountId' implicitly has an 'any' type.
extensions/googlechat/src/channel.ts(137,43): error TS7031: Binding element 'enabled' implicitly has an 'any' type.
extensions/googlechat/src/channel.ts(145,23): error TS7031: Binding element 'cfg' implicitly has an 'any' type.
extensions/googlechat/src/channel.ts(145,28): error TS7031: Binding element 'accountId' implicitly has an 'any' type.
extensions/googlechat/src/channel.ts(161,20): error TS7006: Parameter 'account' implicitly has an 'any' type.
extensions/googlechat/src/channel.ts(162,23): error TS7006: Parameter 'account' implicitly has an 'any' type.
extensions/googlechat/src/channel.ts(169,26): error TS7031: Binding element 'cfg' implicitly has an 'any' type.
extensions/googlechat/src/channel.ts(169,31): error TS7031: Binding element 'accountId' implicitly has an 'any' type.
extensions/googlechat/src/channel.ts(175,14): error TS7006: Parameter 'entry' implicitly has an 'any' type.
extensions/googlechat/src/channel.ts(176,25): error TS7031: Binding element 'allowFrom' implicitly has an 'any' type.
extensions/googlechat/src/channel.ts(178,15): error TS7006: Parameter 'entry' implicitly has an 'any' type.
extensions/googlechat/src/channel.ts(183,25): error TS7031: Binding element 'cfg' implicitly has an 'any' type.
extensions/googlechat/src/channel.ts(183,30): error TS7031: Binding element 'accountId' implicitly has an 'any' type.
extensions/googlechat/src/channel.ts(183,41): error TS7031: Binding element 'account' implicitly has an 'any' type.
extensions/googlechat/src/channel.ts(194,26): error TS7006: Parameter 'raw' implicitly has an 'any' type.
extensions/googlechat/src/channel.ts(197,25): error TS7031: Binding element 'account' implicitly has an 'any' type.
extensions/googlechat/src/channel.ts(197,34): error TS7031: Binding element 'cfg' implicitly has an 'any' type.
extensions/googlechat/src/channel.ts(218,28): error TS7031: Binding element 'cfg' implicitly has an 'any' type.
extensions/googlechat/src/channel.ts(223,21): error TS7006: Parameter 'raw' implicitly has an 'any' type.
extensions/googlechat/src/channel.ts(223,26): error TS7006: Parameter 'normalized' implicitly has an 'any' type.
extensions/googlechat/src/channel.ts(232,25): error TS7031: Binding element 'cfg' implicitly has an 'any' type.
extensions/googlechat/src/channel.ts(232,30): error TS7031: Binding element 'accountId' implicitly has an 'any' type.
extensions/googlechat/src/channel.ts(232,41): error TS7031: Binding element 'query' implicitly has an 'any' type.
extensions/googlechat/src/channel.ts(232,48): error TS7031: Binding element 'limit' implicitly has an 'any' type.
extensions/googlechat/src/channel.ts(242,19): error TS7006: Parameter 'entry' implicitly has an 'any' type.
extensions/googlechat/src/channel.ts(243,22): error TS7006: Parameter 'entry' implicitly has an 'any' type.
extensions/googlechat/src/channel.ts(244,19): error TS7006: Parameter 'entry' implicitly has an 'any' type.
extensions/googlechat/src/channel.ts(247,30): error TS18046: 'id' is of type 'unknown'.
extensions/googlechat/src/channel.ts(252,26): error TS7031: Binding element 'cfg' implicitly has an 'any' type.
extensions/googlechat/src/channel.ts(252,31): error TS7031: Binding element 'accountId' implicitly has an 'any' type.
extensions/googlechat/src/channel.ts(252,42): error TS7031: Binding element 'query' implicitly has an 'any' type.
extensions/googlechat/src/channel.ts(252,49): error TS7031: Binding element 'limit' implicitly has an 'any' type.
extensions/googlechat/src/channel.ts(268,30): error TS7031: Binding element 'inputs' implicitly has an 'any' type.
extensions/googlechat/src/channel.ts(268,38): error TS7031: Binding element 'kind' implicitly has an 'any' type.
extensions/googlechat/src/channel.ts(269,36): error TS7006: Parameter 'input' implicitly has an 'any' type.
extensions/googlechat/src/channel.ts(291,26): error TS7031: Binding element 'accountId' implicitly has an 'any' type.
extensions/googlechat/src/channel.ts(292,26): error TS7031: Binding element 'cfg' implicitly has an 'any' type.
extensions/googlechat/src/channel.ts(292,31): error TS7031: Binding element 'accountId' implicitly has an 'any' type.
extensions/googlechat/src/channel.ts(292,42): error TS7031: Binding element 'name' implicitly has an 'any' type.
extensions/googlechat/src/channel.ts(299,23): error TS7031: Binding element 'accountId' implicitly has an 'any' type.
extensions/googlechat/src/channel.ts(299,34): error TS7031: Binding element 'input' implicitly has an 'any' type.
extensions/googlechat/src/channel.ts(308,28): error TS7031: Binding element 'cfg' implicitly has an 'any' type.
extensions/googlechat/src/channel.ts(308,33): error TS7031: Binding element 'accountId' implicitly has an 'any' type.
extensions/googlechat/src/channel.ts(308,44): error TS7031: Binding element 'input' implicitly has an 'any' type.
extensions/googlechat/src/channel.ts(375,15): error TS7006: Parameter 'text' implicitly has an 'any' type.
extensions/googlechat/src/channel.ts(375,21): error TS7006: Parameter 'limit' implicitly has an 'any' type.
extensions/googlechat/src/channel.ts(378,23): error TS7031: Binding element 'to' implicitly has an 'any' type.
extensions/googlechat/src/channel.ts(397,24): error TS7031: Binding element 'cfg' implicitly has an 'any' type.
extensions/googlechat/src/channel.ts(397,29): error TS7031: Binding element 'to' implicitly has an 'any' type.
extensions/googlechat/src/channel.ts(397,33): error TS7031: Binding element 'text' implicitly has an 'any' type.
extensions/googlechat/src/channel.ts(397,39): error TS7031: Binding element 'accountId' implicitly has an 'any' type.
extensions/googlechat/src/channel.ts(397,50): error TS7031: Binding element 'replyToId' implicitly has an 'any' type.
extensions/googlechat/src/channel.ts(397,61): error TS7031: Binding element 'threadId' implicitly has an 'any' type.
extensions/googlechat/src/channel.ts(416,25): error TS7031: Binding element 'cfg' implicitly has an 'any' type.
extensions/googlechat/src/channel.ts(416,30): error TS7031: Binding element 'to' implicitly has an 'any' type.
extensions/googlechat/src/channel.ts(416,34): error TS7031: Binding element 'text' implicitly has an 'any' type.
extensions/googlechat/src/channel.ts(416,40): error TS7031: Binding element 'mediaUrl' implicitly has an 'any' type.
extensions/googlechat/src/channel.ts(416,50): error TS7031: Binding element 'accountId' implicitly has an 'any' type.
extensions/googlechat/src/channel.ts(416,61): error TS7031: Binding element 'replyToId' implicitly has an 'any' type.
extensions/googlechat/src/channel.ts(416,72): error TS7031: Binding element 'threadId' implicitly has an 'any' type.
extensions/googlechat/src/channel.ts(429,35): error TS7031: Binding element 'cfg' implicitly has an 'any' type.
extensions/googlechat/src/channel.ts(429,40): error TS7031: Binding element 'accountId' implicitly has an 'any' type.
extensions/googlechat/src/channel.ts(473,27): error TS7006: Parameter 'accounts' implicitly has an 'any' type.
extensions/googlechat/src/channel.ts(474,25): error TS7006: Parameter 'entry' implicitly has an 'any' type.
extensions/googlechat/src/channel.ts(502,29): error TS7031: Binding element 'snapshot' implicitly has an 'any' type.
extensions/googlechat/src/channel.ts(516,28): error TS7031: Binding element 'account' implicitly has an 'any' type.
extensions/googlechat/src/channel.ts(517,30): error TS7031: Binding element 'account' implicitly has an 'any' type.
extensions/googlechat/src/channel.ts(517,39): error TS7031: Binding element 'runtime' implicitly has an 'any' type.
extensions/googlechat/src/channel.ts(517,48): error TS7031: Binding element 'probe' implicitly has an 'any' type.
extensions/googlechat/src/channel.ts(538,26): error TS7006: Parameter 'ctx' implicitly has an 'any' type.
extensions/googlechat/src/monitor.ts(2,33): error TS2307: Cannot find module 'openclaw/plugin-sdk' or its corresponding type declarations.
extensions/googlechat/src/monitor.ts(10,8): error TS2307: Cannot find module 'openclaw/plugin-sdk' or its corresponding type declarations.
extensions/googlechat/src/monitor.ts(394,44): error TS7006: Parameter 'a' implicitly has an 'any' type.
extensions/googlechat/src/monitor.ts(489,25): error TS7006: Parameter 'v' implicitly has an 'any' type.
extensions/googlechat/src/monitor.ts(494,25): error TS7006: Parameter 'v' implicitly has an 'any' type.
extensions/googlechat/src/monitor.ts(504,69): error TS7006: Parameter 'v' implicitly has an 'any' type.
extensions/googlechat/src/monitor.ts(512,54): error TS7006: Parameter 'v' implicitly has an 'any' type.
extensions/googlechat/src/monitor.ts(683,13): error TS7006: Parameter 'err' implicitly has an 'any' type.
extensions/googlechat/src/monitor.ts(731,23): error TS7006: Parameter 'payload' implicitly has an 'any' type.
extensions/googlechat/src/monitor.ts(745,17): error TS7006: Parameter 'err' implicitly has an 'any' type.
extensions/googlechat/src/monitor.ts(745,22): error TS7006: Parameter 'info' implicitly has an 'any' type.
extensions/googlechat/src/onboarding.ts(1,43): error TS2307: Cannot find module 'openclaw/plugin-sdk' or its corresponding type declarations.
extensions/googlechat/src/onboarding.ts(12,8): error TS2307: Cannot find module 'openclaw/plugin-sdk' or its corresponding type declarations.
extensions/googlechat/src/onboarding.ts(61,16): error TS7006: Parameter 'value' implicitly has an 'any' type.
extensions/googlechat/src/onboarding.ts(87,16): error TS7006: Parameter 'cfg' implicitly has an 'any' type.
extensions/googlechat/src/onboarding.ts(88,15): error TS7006: Parameter 'cfg' implicitly has an 'any' type.
extensions/googlechat/src/onboarding.ts(88,20): error TS7006: Parameter 'policy' implicitly has an 'any' type.
extensions/googlechat/src/onboarding.ts(163,18): error TS7006: Parameter 'value' implicitly has an 'any' type.
extensions/googlechat/src/onboarding.ts(175,16): error TS7006: Parameter 'value' implicitly has an 'any' type.
extensions/googlechat/src/onboarding.ts(207,16): error TS7006: Parameter 'value' implicitly has an 'any' type.
extensions/googlechat/src/onboarding.ts(231,23): error TS7031: Binding element 'cfg' implicitly has an 'any' type.
extensions/googlechat/src/onboarding.ts(242,23): error TS7031: Binding element 'cfg' implicitly has an 'any' type.
extensions/googlechat/src/onboarding.ts(242,28): error TS7031: Binding element 'prompter' implicitly has an 'any' type.
extensions/googlechat/src/onboarding.ts(242,38): error TS7031: Binding element 'accountOverrides' implicitly has an 'any' type.
extensions/googlechat/src/onboarding.ts(242,56): error TS7031: Binding element 'shouldPromptAccountIds' implicitly has an 'any' type.
extensions/googlechat/src/runtime.ts(1,36): error TS2307: Cannot find module 'openclaw/plugin-sdk' or its corresponding type declarations.
extensions/googlechat/src/types.config.ts(1,64): error TS2307: Cannot find module 'openclaw/plugin-sdk' or its corresponding type declarations.
extensions/imessage/index.ts(1,36): error TS2307: Cannot find module 'openclaw/plugin-sdk' or its corresponding type declarations.
extensions/imessage/index.ts(2,41): error TS2307: Cannot find module 'openclaw/plugin-sdk' or its corresponding type declarations.
extensions/imessage/src/channel.ts(24,8): error TS2307: Cannot find module 'openclaw/plugin-sdk' or its corresponding type declarations.
extensions/imessage/src/channel.ts(39,30): error TS7031: Binding element 'id' implicitly has an 'any' type.
extensions/imessage/src/channel.ts(50,22): error TS7006: Parameter 'cfg' implicitly has an 'any' type.
extensions/imessage/src/channel.ts(51,22): error TS7006: Parameter 'cfg' implicitly has an 'any' type.
extensions/imessage/src/channel.ts(51,27): error TS7006: Parameter 'accountId' implicitly has an 'any' type.
extensions/imessage/src/channel.ts(52,24): error TS7006: Parameter 'cfg' implicitly has an 'any' type.
extensions/imessage/src/channel.ts(53,27): error TS7031: Binding element 'cfg' implicitly has an 'any' type.
extensions/imessage/src/channel.ts(53,32): error TS7031: Binding element 'accountId' implicitly has an 'any' type.
extensions/imessage/src/channel.ts(53,43): error TS7031: Binding element 'enabled' implicitly has an 'any' type.
extensions/imessage/src/channel.ts(61,23): error TS7031: Binding element 'cfg' implicitly has an 'any' type.
extensions/imessage/src/channel.ts(61,28): error TS7031: Binding element 'accountId' implicitly has an 'any' type.
extensions/imessage/src/channel.ts(68,20): error TS7006: Parameter 'account' implicitly has an 'any' type.
extensions/imessage/src/channel.ts(69,23): error TS7006: Parameter 'account' implicitly has an 'any' type.
extensions/imessage/src/channel.ts(75,26): error TS7031: Binding element 'cfg' implicitly has an 'any' type.
extensions/imessage/src/channel.ts(75,31): error TS7031: Binding element 'accountId' implicitly has an 'any' type.
extensions/imessage/src/channel.ts(76,80): error TS7006: Parameter 'entry' implicitly has an 'any' type.
extensions/imessage/src/channel.ts(79,25): error TS7031: Binding element 'allowFrom' implicitly has an 'any' type.
extensions/imessage/src/channel.ts(80,22): error TS7006: Parameter 'entry' implicitly has an 'any' type.
extensions/imessage/src/channel.ts(83,25): error TS7031: Binding element 'cfg' implicitly has an 'any' type.
extensions/imessage/src/channel.ts(83,30): error TS7031: Binding element 'accountId' implicitly has an 'any' type.
extensions/imessage/src/channel.ts(83,41): error TS7031: Binding element 'account' implicitly has an 'any' type.
extensions/imessage/src/channel.ts(97,25): error TS7031: Binding element 'account' implicitly has an 'any' type.
extensions/imessage/src/channel.ts(97,34): error TS7031: Binding element 'cfg' implicitly has an 'any' type.
extensions/imessage/src/channel.ts(120,26): error TS7031: Binding element 'accountId' implicitly has an 'any' type.
extensions/imessage/src/channel.ts(121,26): error TS7031: Binding element 'cfg' implicitly has an 'any' type.
extensions/imessage/src/channel.ts(121,31): error TS7031: Binding element 'accountId' implicitly has an 'any' type.
extensions/imessage/src/channel.ts(121,42): error TS7031: Binding element 'name' implicitly has an 'any' type.
extensions/imessage/src/channel.ts(128,28): error TS7031: Binding element 'cfg' implicitly has an 'any' type.
extensions/imessage/src/channel.ts(128,33): error TS7031: Binding element 'accountId' implicitly has an 'any' type.
extensions/imessage/src/channel.ts(128,44): error TS7031: Binding element 'input' implicitly has an 'any' type.
extensions/imessage/src/channel.ts(183,15): error TS7006: Parameter 'text' implicitly has an 'any' type.
extensions/imessage/src/channel.ts(183,21): error TS7006: Parameter 'limit' implicitly has an 'any' type.
extensions/imessage/src/channel.ts(186,24): error TS7031: Binding element 'cfg' implicitly has an 'any' type.
extensions/imessage/src/channel.ts(186,29): error TS7031: Binding element 'to' implicitly has an 'any' type.
extensions/imessage/src/channel.ts(186,33): error TS7031: Binding element 'text' implicitly has an 'any' type.
extensions/imessage/src/channel.ts(186,39): error TS7031: Binding element 'accountId' implicitly has an 'any' type.
extensions/imessage/src/channel.ts(186,50): error TS7031: Binding element 'deps' implicitly has an 'any' type.
extensions/imessage/src/channel.ts(190,35): error TS7031: Binding element 'cfg' implicitly has an 'any' type.
extensions/imessage/src/channel.ts(190,40): error TS7031: Binding element 'accountId' implicitly has an 'any' type.
extensions/imessage/src/channel.ts(201,25): error TS7031: Binding element 'cfg' implicitly has an 'any' type.
extensions/imessage/src/channel.ts(201,30): error TS7031: Binding element 'to' implicitly has an 'any' type.
extensions/imessage/src/channel.ts(201,34): error TS7031: Binding element 'text' implicitly has an 'any' type.
extensions/imessage/src/channel.ts(201,40): error TS7031: Binding element 'mediaUrl' implicitly has an 'any' type.
extensions/imessage/src/channel.ts(201,50): error TS7031: Binding element 'accountId' implicitly has an 'any' type.
extensions/imessage/src/channel.ts(201,61): error TS7031: Binding element 'deps' implicitly has an 'any' type.
extensions/imessage/src/channel.ts(205,35): error TS7031: Binding element 'cfg' implicitly has an 'any' type.
extensions/imessage/src/channel.ts(205,40): error TS7031: Binding element 'accountId' implicitly has an 'any' type.
extensions/imessage/src/channel.ts(228,27): error TS7006: Parameter 'accounts' implicitly has an 'any' type.
extensions/imessage/src/channel.ts(229,25): error TS7006: Parameter 'account' implicitly has an 'any' type.
extensions/imessage/src/channel.ts(243,29): error TS7031: Binding element 'snapshot' implicitly has an 'any' type.
extensions/imessage/src/channel.ts(254,28): error TS7031: Binding element 'timeoutMs' implicitly has an 'any' type.
extensions/imessage/src/channel.ts(256,30): error TS7031: Binding element 'account' implicitly has an 'any' type.
extensions/imessage/src/channel.ts(256,39): error TS7031: Binding element 'runtime' implicitly has an 'any' type.
extensions/imessage/src/channel.ts(256,48): error TS7031: Binding element 'probe' implicitly has an 'any' type.
extensions/imessage/src/channel.ts(271,29): error TS7031: Binding element 'enabled' implicitly has an 'any' type.
extensions/imessage/src/channel.ts(274,26): error TS7006: Parameter 'ctx' implicitly has an 'any' type.
extensions/imessage/src/runtime.ts(1,36): error TS2307: Cannot find module 'openclaw/plugin-sdk' or its corresponding type declarations.
extensions/irc/index.ts(1,51): error TS2307: Cannot find module 'openclaw/plugin-sdk' or its corresponding type declarations.
extensions/irc/index.ts(2,41): error TS2307: Cannot find module 'openclaw/plugin-sdk' or its corresponding type declarations.
extensions/irc/src/accounts.ts(2,56): error TS2307: Cannot find module 'openclaw/plugin-sdk/account-id' or its corresponding type declarations.
extensions/irc/src/channel.ts(10,8): error TS2307: Cannot find module 'openclaw/plugin-sdk' or its corresponding type declarations.
extensions/irc/src/channel.ts(51,27): error TS7006: Parameter 'entry' implicitly has an 'any' type.
extensions/irc/src/channel.ts(52,30): error TS7031: Binding element 'id' implicitly has an 'any' type.
extensions/irc/src/channel.ts(68,22): error TS7006: Parameter 'cfg' implicitly has an 'any' type.
extensions/irc/src/channel.ts(69,22): error TS7006: Parameter 'cfg' implicitly has an 'any' type.
extensions/irc/src/channel.ts(69,27): error TS7006: Parameter 'accountId' implicitly has an 'any' type.
extensions/irc/src/channel.ts(70,24): error TS7006: Parameter 'cfg' implicitly has an 'any' type.
extensions/irc/src/channel.ts(71,27): error TS7031: Binding element 'cfg' implicitly has an 'any' type.
extensions/irc/src/channel.ts(71,32): error TS7031: Binding element 'accountId' implicitly has an 'any' type.
extensions/irc/src/channel.ts(71,43): error TS7031: Binding element 'enabled' implicitly has an 'any' type.
extensions/irc/src/channel.ts(79,23): error TS7031: Binding element 'cfg' implicitly has an 'any' type.
extensions/irc/src/channel.ts(79,28): error TS7031: Binding element 'accountId' implicitly has an 'any' type.
extensions/irc/src/channel.ts(97,20): error TS7006: Parameter 'account' implicitly has an 'any' type.
extensions/irc/src/channel.ts(98,23): error TS7006: Parameter 'account' implicitly has an 'any' type.
extensions/irc/src/channel.ts(109,26): error TS7031: Binding element 'cfg' implicitly has an 'any' type.
extensions/irc/src/channel.ts(109,31): error TS7031: Binding element 'accountId' implicitly has an 'any' type.
extensions/irc/src/channel.ts(113,25): error TS7031: Binding element 'allowFrom' implicitly has an 'any' type.
extensions/irc/src/channel.ts(114,22): error TS7006: Parameter 'entry' implicitly has an 'any' type.
extensions/irc/src/channel.ts(117,25): error TS7031: Binding element 'cfg' implicitly has an 'any' type.
extensions/irc/src/channel.ts(117,30): error TS7031: Binding element 'accountId' implicitly has an 'any' type.
extensions/irc/src/channel.ts(117,41): error TS7031: Binding element 'account' implicitly has an 'any' type.
extensions/irc/src/channel.ts(129,26): error TS7006: Parameter 'raw' implicitly has an 'any' type.
extensions/irc/src/channel.ts(132,25): error TS7031: Binding element 'account' implicitly has an 'any' type.
extensions/irc/src/channel.ts(132,34): error TS7031: Binding element 'cfg' implicitly has an 'any' type.
extensions/irc/src/channel.ts(160,31): error TS7031: Binding element 'cfg' implicitly has an 'any' type.
extensions/irc/src/channel.ts(160,36): error TS7031: Binding element 'accountId' implicitly has an 'any' type.
extensions/irc/src/channel.ts(160,47): error TS7031: Binding element 'groupId' implicitly has an 'any' type.
extensions/irc/src/channel.ts(171,27): error TS7031: Binding element 'cfg' implicitly has an 'any' type.
extensions/irc/src/channel.ts(171,32): error TS7031: Binding element 'accountId' implicitly has an 'any' type.
extensions/irc/src/channel.ts(171,43): error TS7031: Binding element 'groupId' implicitly has an 'any' type.
extensions/irc/src/channel.ts(188,30): error TS7031: Binding element 'inputs' implicitly has an 'any' type.
extensions/irc/src/channel.ts(188,38): error TS7031: Binding element 'kind' implicitly has an 'any' type.
extensions/irc/src/channel.ts(189,26): error TS7006: Parameter 'input' implicitly has an 'any' type.
extensions/irc/src/channel.ts(225,25): error TS7031: Binding element 'cfg' implicitly has an 'any' type.
extensions/irc/src/channel.ts(225,30): error TS7031: Binding element 'accountId' implicitly has an 'any' type.
extensions/irc/src/channel.ts(225,41): error TS7031: Binding element 'query' implicitly has an 'any' type.
extensions/irc/src/channel.ts(225,48): error TS7031: Binding element 'limit' implicitly has an 'any' type.
extensions/irc/src/channel.ts(256,26): error TS7031: Binding element 'cfg' implicitly has an 'any' type.
extensions/irc/src/channel.ts(256,31): error TS7031: Binding element 'accountId' implicitly has an 'any' type.
extensions/irc/src/channel.ts(256,42): error TS7031: Binding element 'query' implicitly has an 'any' type.
extensions/irc/src/channel.ts(256,49): error TS7031: Binding element 'limit' implicitly has an 'any' type.
extensions/irc/src/channel.ts(285,15): error TS7006: Parameter 'text' implicitly has an 'any' type.
extensions/irc/src/channel.ts(285,21): error TS7006: Parameter 'limit' implicitly has an 'any' type.
extensions/irc/src/channel.ts(288,24): error TS7031: Binding element 'to' implicitly has an 'any' type.
extensions/irc/src/channel.ts(288,28): error TS7031: Binding element 'text' implicitly has an 'any' type.
extensions/irc/src/channel.ts(288,34): error TS7031: Binding element 'accountId' implicitly has an 'any' type.
extensions/irc/src/channel.ts(288,45): error TS7031: Binding element 'replyToId' implicitly has an 'any' type.
extensions/irc/src/channel.ts(295,25): error TS7031: Binding element 'to' implicitly has an 'any' type.
extensions/irc/src/channel.ts(295,29): error TS7031: Binding element 'text' implicitly has an 'any' type.
extensions/irc/src/channel.ts(295,35): error TS7031: Binding element 'mediaUrl' implicitly has an 'any' type.
extensions/irc/src/channel.ts(295,45): error TS7031: Binding element 'accountId' implicitly has an 'any' type.
extensions/irc/src/channel.ts(295,56): error TS7031: Binding element 'replyToId' implicitly has an 'any' type.
extensions/irc/src/channel.ts(312,29): error TS7031: Binding element 'account' implicitly has an 'any' type.
extensions/irc/src/channel.ts(312,38): error TS7031: Binding element 'snapshot' implicitly has an 'any' type.
extensions/irc/src/channel.ts(325,28): error TS7031: Binding element 'cfg' implicitly has an 'any' type.
extensions/irc/src/channel.ts(325,33): error TS7031: Binding element 'account' implicitly has an 'any' type.
extensions/irc/src/channel.ts(325,42): error TS7031: Binding element 'timeoutMs' implicitly has an 'any' type.
extensions/irc/src/channel.ts(327,30): error TS7031: Binding element 'account' implicitly has an 'any' type.
extensions/irc/src/channel.ts(327,39): error TS7031: Binding element 'runtime' implicitly has an 'any' type.
extensions/irc/src/channel.ts(327,48): error TS7031: Binding element 'probe' implicitly has an 'any' type.
extensions/irc/src/channel.ts(347,26): error TS7006: Parameter 'ctx' implicitly has an 'any' type.
extensions/irc/src/config-schema.ts(9,8): error TS2307: Cannot find module 'openclaw/plugin-sdk' or its corresponding type declarations.
extensions/irc/src/inbound.ts(7,8): error TS2307: Cannot find module 'openclaw/plugin-sdk' or its corresponding type declarations.
extensions/irc/src/inbound.ts(194,13): error TS7006: Parameter 'line' implicitly has an 'any' type.
extensions/irc/src/inbound.ts(290,21): error TS7006: Parameter 'err' implicitly has an 'any' type.
extensions/irc/src/inbound.ts(307,23): error TS7006: Parameter 'payload' implicitly has an 'any' type.
extensions/irc/src/inbound.ts(321,17): error TS7006: Parameter 'err' implicitly has an 'any' type.
extensions/irc/src/inbound.ts(321,22): error TS7006: Parameter 'info' implicitly has an 'any' type.
extensions/irc/src/monitor.ts(1,33): error TS2307: Cannot find module 'openclaw/plugin-sdk' or its corresponding type declarations.
extensions/irc/src/onboarding.ts(11,8): error TS2307: Cannot find module 'openclaw/plugin-sdk' or its corresponding type declarations.
extensions/irc/src/onboarding.ts(186,16): error TS7006: Parameter 'value' implicitly has an 'any' type.
extensions/irc/src/onboarding.ts(221,18): error TS7006: Parameter 'value' implicitly has an 'any' type.
extensions/irc/src/onboarding.ts(264,22): error TS7006: Parameter 'value' implicitly has an 'any' type.
extensions/irc/src/onboarding.ts(283,16): error TS7006: Parameter 'cfg' implicitly has an 'any' type.
extensions/irc/src/onboarding.ts(284,15): error TS7006: Parameter 'cfg' implicitly has an 'any' type.
extensions/irc/src/onboarding.ts(284,20): error TS7006: Parameter 'policy' implicitly has an 'any' type.
extensions/irc/src/onboarding.ts(290,23): error TS7031: Binding element 'cfg' implicitly has an 'any' type.
extensions/irc/src/onboarding.ts(304,5): error TS7031: Binding element 'cfg' implicitly has an 'any' type.
extensions/irc/src/onboarding.ts(305,5): error TS7031: Binding element 'prompter' implicitly has an 'any' type.
extensions/irc/src/onboarding.ts(306,5): error TS7031: Binding element 'accountOverrides' implicitly has an 'any' type.
extensions/irc/src/onboarding.ts(307,5): error TS7031: Binding element 'shouldPromptAccountIds' implicitly has an 'any' type.
extensions/irc/src/onboarding.ts(308,5): error TS7031: Binding element 'forceAllowFrom' implicitly has an 'any' type.
extensions/irc/src/onboarding.ts(350,22): error TS7006: Parameter 'value' implicitly has an 'any' type.
extensions/irc/src/onboarding.ts(362,20): error TS7006: Parameter 'value' implicitly has an 'any' type.
extensions/irc/src/onboarding.ts(375,22): error TS7006: Parameter 'value' implicitly has an 'any' type.
extensions/irc/src/onboarding.ts(383,22): error TS7006: Parameter 'value' implicitly has an 'any' type.
extensions/irc/src/onboarding.ts(391,22): error TS7006: Parameter 'value' implicitly has an 'any' type.
extensions/irc/src/onboarding.ts(469,13): error TS7006: Parameter 'cfg' implicitly has an 'any' type.
extensions/irc/src/runtime.ts(1,36): error TS2307: Cannot find module 'openclaw/plugin-sdk' or its corresponding type declarations.
extensions/irc/src/types.ts(1,38): error TS2307: Cannot find module 'openclaw/plugin-sdk' or its corresponding type declarations.
extensions/irc/src/types.ts(11,8): error TS2307: Cannot find module 'openclaw/plugin-sdk' or its corresponding type declarations.
extensions/line/index.ts(1,36): error TS2307: Cannot find module 'openclaw/plugin-sdk' or its corresponding type declarations.
extensions/line/index.ts(2,41): error TS2307: Cannot find module 'openclaw/plugin-sdk' or its corresponding type declarations.
extensions/line/src/card-command.ts(1,67): error TS2307: Cannot find module 'openclaw/plugin-sdk' or its corresponding type declarations.
extensions/line/src/card-command.ts(10,8): error TS2307: Cannot find module 'openclaw/plugin-sdk' or its corresponding type declarations.
extensions/line/src/card-command.ts(163,21): error TS7006: Parameter 'ctx' implicitly has an 'any' type.
extensions/line/src/channel.ts(12,8): error TS2307: Cannot find module 'openclaw/plugin-sdk' or its corresponding type declarations.
extensions/line/src/channel.ts(35,27): error TS7006: Parameter 'entry' implicitly has an 'any' type.
extensions/line/src/channel.ts(39,30): error TS7031: Binding element 'cfg' implicitly has an 'any' type.
extensions/line/src/channel.ts(39,35): error TS7031: Binding element 'id' implicitly has an 'any' type.
extensions/line/src/channel.ts(61,22): error TS7006: Parameter 'cfg' implicitly has an 'any' type.
extensions/line/src/channel.ts(62,22): error TS7006: Parameter 'cfg' implicitly has an 'any' type.
extensions/line/src/channel.ts(62,27): error TS7006: Parameter 'accountId' implicitly has an 'any' type.
extensions/line/src/channel.ts(64,24): error TS7006: Parameter 'cfg' implicitly has an 'any' type.
extensions/line/src/channel.ts(65,27): error TS7031: Binding element 'cfg' implicitly has an 'any' type.
extensions/line/src/channel.ts(65,32): error TS7031: Binding element 'accountId' implicitly has an 'any' type.
extensions/line/src/channel.ts(65,43): error TS7031: Binding element 'enabled' implicitly has an 'any' type.
extensions/line/src/channel.ts(96,23): error TS7031: Binding element 'cfg' implicitly has an 'any' type.
extensions/line/src/channel.ts(96,28): error TS7031: Binding element 'accountId' implicitly has an 'any' type.
extensions/line/src/channel.ts(122,20): error TS7006: Parameter 'account' implicitly has an 'any' type.
extensions/line/src/channel.ts(124,23): error TS7006: Parameter 'account' implicitly has an 'any' type.
extensions/line/src/channel.ts(131,26): error TS7031: Binding element 'cfg' implicitly has an 'any' type.
extensions/line/src/channel.ts(131,31): error TS7031: Binding element 'accountId' implicitly has an 'any' type.
extensions/line/src/channel.ts(135,14): error TS7006: Parameter 'entry' implicitly has an 'any' type.
extensions/line/src/channel.ts(136,25): error TS7031: Binding element 'allowFrom' implicitly has an 'any' type.
extensions/line/src/channel.ts(138,15): error TS7006: Parameter 'entry' implicitly has an 'any' type.
extensions/line/src/channel.ts(140,15): error TS7006: Parameter 'entry' implicitly has an 'any' type.
extensions/line/src/channel.ts(146,25): error TS7031: Binding element 'cfg' implicitly has an 'any' type.
extensions/line/src/channel.ts(146,30): error TS7031: Binding element 'accountId' implicitly has an 'any' type.
extensions/line/src/channel.ts(146,41): error TS7031: Binding element 'account' implicitly has an 'any' type.
extensions/line/src/channel.ts(160,26): error TS7006: Parameter 'raw' implicitly has an 'any' type.
extensions/line/src/channel.ts(163,25): error TS7031: Binding element 'account' implicitly has an 'any' type.
extensions/line/src/channel.ts(163,34): error TS7031: Binding element 'cfg' implicitly has an 'any' type.
extensions/line/src/channel.ts(176,31): error TS7031: Binding element 'cfg' implicitly has an 'any' type.
extensions/line/src/channel.ts(176,36): error TS7031: Binding element 'accountId' implicitly has an 'any' type.
extensions/line/src/channel.ts(176,47): error TS7031: Binding element 'groupId' implicitly has an 'any' type.
extensions/line/src/channel.ts(190,23): error TS7006: Parameter 'target' implicitly has an 'any' type.
extensions/line/src/channel.ts(198,21): error TS7006: Parameter 'id' implicitly has an 'any' type.
extensions/line/src/channel.ts(217,26): error TS7031: Binding element 'accountId' implicitly has an 'any' type.
extensions/line/src/channel.ts(219,26): error TS7031: Binding element 'cfg' implicitly has an 'any' type.
extensions/line/src/channel.ts(219,31): error TS7031: Binding element 'accountId' implicitly has an 'any' type.
extensions/line/src/channel.ts(219,42): error TS7031: Binding element 'name' implicitly has an 'any' type.
extensions/line/src/channel.ts(250,23): error TS7031: Binding element 'accountId' implicitly has an 'any' type.
extensions/line/src/channel.ts(250,34): error TS7031: Binding element 'input' implicitly has an 'any' type.
extensions/line/src/channel.ts(269,28): error TS7031: Binding element 'cfg' implicitly has an 'any' type.
extensions/line/src/channel.ts(269,33): error TS7031: Binding element 'accountId' implicitly has an 'any' type.
extensions/line/src/channel.ts(269,44): error TS7031: Binding element 'input' implicitly has an 'any' type.
extensions/line/src/channel.ts(340,15): error TS7006: Parameter 'text' implicitly has an 'any' type.
extensions/line/src/channel.ts(340,21): error TS7006: Parameter 'limit' implicitly has an 'any' type.
extensions/line/src/channel.ts(342,27): error TS7031: Binding element 'to' implicitly has an 'any' type.
extensions/line/src/channel.ts(342,31): error TS7031: Binding element 'payload' implicitly has an 'any' type.
extensions/line/src/channel.ts(342,40): error TS7031: Binding element 'accountId' implicitly has an 'any' type.
extensions/line/src/channel.ts(342,51): error TS7031: Binding element 'cfg' implicitly has an 'any' type.
extensions/line/src/channel.ts(520,24): error TS7031: Binding element 'to' implicitly has an 'any' type.
extensions/line/src/channel.ts(520,28): error TS7031: Binding element 'text' implicitly has an 'any' type.
extensions/line/src/channel.ts(520,34): error TS7031: Binding element 'accountId' implicitly has an 'any' type.
extensions/line/src/channel.ts(552,25): error TS7031: Binding element 'to' implicitly has an 'any' type.
extensions/line/src/channel.ts(552,29): error TS7031: Binding element 'text' implicitly has an 'any' type.
extensions/line/src/channel.ts(552,35): error TS7031: Binding element 'mediaUrl' implicitly has an 'any' type.
extensions/line/src/channel.ts(552,45): error TS7031: Binding element 'accountId' implicitly has an 'any' type.
extensions/line/src/channel.ts(570,27): error TS7006: Parameter 'accounts' implicitly has an 'any' type.
extensions/line/src/channel.ts(593,29): error TS7031: Binding element 'snapshot' implicitly has an 'any' type.
extensions/line/src/channel.ts(604,28): error TS7031: Binding element 'account' implicitly has an 'any' type.
extensions/line/src/channel.ts(604,37): error TS7031: Binding element 'timeoutMs' implicitly has an 'any' type.
extensions/line/src/channel.ts(606,30): error TS7031: Binding element 'account' implicitly has an 'any' type.
extensions/line/src/channel.ts(606,39): error TS7031: Binding element 'runtime' implicitly has an 'any' type.
extensions/line/src/channel.ts(606,48): error TS7031: Binding element 'probe' implicitly has an 'any' type.
extensions/line/src/channel.ts(628,26): error TS7006: Parameter 'ctx' implicitly has an 'any' type.
extensions/line/src/channel.ts(668,29): error TS7031: Binding element 'accountId' implicitly has an 'any' type.
extensions/line/src/channel.ts(668,40): error TS7031: Binding element 'cfg' implicitly has an 'any' type.
extensions/line/src/runtime.ts(1,36): error TS2307: Cannot find module 'openclaw/plugin-sdk' or its corresponding type declarations.
extensions/matrix/index.ts(1,36): error TS2307: Cannot find module 'openclaw/plugin-sdk' or its corresponding type declarations.
extensions/matrix/index.ts(2,41): error TS2307: Cannot find module 'openclaw/plugin-sdk' or its corresponding type declarations.
extensions/matrix/src/actions.ts(9,8): error TS2307: Cannot find module 'openclaw/plugin-sdk' or its corresponding type declarations.
extensions/matrix/src/actions.ts(15,19): error TS7031: Binding element 'cfg' implicitly has an 'any' type.
extensions/matrix/src/actions.ts(44,22): error TS7031: Binding element 'action' implicitly has an 'any' type.
extensions/matrix/src/actions.ts(45,23): error TS7031: Binding element 'args' implicitly has an 'any' type.
extensions/matrix/src/channel.ts(11,8): error TS2307: Cannot find module 'openclaw/plugin-sdk' or its corresponding type declarations.
extensions/matrix/src/channel.ts(100,27): error TS7006: Parameter 'entry' implicitly has an 'any' type.
extensions/matrix/src/channel.ts(101,30): error TS7031: Binding element 'id' implicitly has an 'any' type.
extensions/matrix/src/channel.ts(115,22): error TS7006: Parameter 'cfg' implicitly has an 'any' type.
extensions/matrix/src/channel.ts(116,22): error TS7006: Parameter 'cfg' implicitly has an 'any' type.
extensions/matrix/src/channel.ts(116,27): error TS7006: Parameter 'accountId' implicitly has an 'any' type.
extensions/matrix/src/channel.ts(117,24): error TS7006: Parameter 'cfg' implicitly has an 'any' type.
extensions/matrix/src/channel.ts(118,27): error TS7031: Binding element 'cfg' implicitly has an 'any' type.
extensions/matrix/src/channel.ts(118,32): error TS7031: Binding element 'accountId' implicitly has an 'any' type.
extensions/matrix/src/channel.ts(118,43): error TS7031: Binding element 'enabled' implicitly has an 'any' type.
extensions/matrix/src/channel.ts(126,23): error TS7031: Binding element 'cfg' implicitly has an 'any' type.
extensions/matrix/src/channel.ts(126,28): error TS7031: Binding element 'accountId' implicitly has an 'any' type.
extensions/matrix/src/channel.ts(141,20): error TS7006: Parameter 'account' implicitly has an 'any' type.
extensions/matrix/src/channel.ts(142,23): error TS7006: Parameter 'account' implicitly has an 'any' type.
extensions/matrix/src/channel.ts(149,26): error TS7031: Binding element 'cfg' implicitly has an 'any' type.
extensions/matrix/src/channel.ts(149,31): error TS7031: Binding element 'accountId' implicitly has an 'any' type.
extensions/matrix/src/channel.ts(153,25): error TS7031: Binding element 'allowFrom' implicitly has an 'any' type.
extensions/matrix/src/channel.ts(156,25): error TS7031: Binding element 'account' implicitly has an 'any' type.
extensions/matrix/src/channel.ts(168,26): error TS7006: Parameter 'raw' implicitly has an 'any' type.
extensions/matrix/src/channel.ts(171,25): error TS7031: Binding element 'account' implicitly has an 'any' type.
extensions/matrix/src/channel.ts(171,34): error TS7031: Binding element 'cfg' implicitly has an 'any' type.
extensions/matrix/src/channel.ts(187,28): error TS7031: Binding element 'cfg' implicitly has an 'any' type.
extensions/matrix/src/channel.ts(187,33): error TS7031: Binding element 'accountId' implicitly has an 'any' type.
extensions/matrix/src/channel.ts(189,26): error TS7031: Binding element 'context' implicitly has an 'any' type.
extensions/matrix/src/channel.ts(189,35): error TS7031: Binding element 'hasRepliedRef' implicitly has an 'any' type.
extensions/matrix/src/channel.ts(202,21): error TS7006: Parameter 'raw' implicitly has an 'any' type.
extensions/matrix/src/channel.ts(217,25): error TS7031: Binding element 'cfg' implicitly has an 'any' type.
extensions/matrix/src/channel.ts(217,30): error TS7031: Binding element 'accountId' implicitly has an 'any' type.
extensions/matrix/src/channel.ts(217,41): error TS7031: Binding element 'query' implicitly has an 'any' type.
extensions/matrix/src/channel.ts(217,48): error TS7031: Binding element 'limit' implicitly has an 'any' type.
extensions/matrix/src/channel.ts(272,26): error TS7031: Binding element 'cfg' implicitly has an 'any' type.
extensions/matrix/src/channel.ts(272,31): error TS7031: Binding element 'accountId' implicitly has an 'any' type.
extensions/matrix/src/channel.ts(272,42): error TS7031: Binding element 'query' implicitly has an 'any' type.
extensions/matrix/src/channel.ts(272,49): error TS7031: Binding element 'limit' implicitly has an 'any' type.
extensions/matrix/src/channel.ts(295,29): error TS7031: Binding element 'cfg' implicitly has an 'any' type.
extensions/matrix/src/channel.ts(295,34): error TS7031: Binding element 'accountId' implicitly has an 'any' type.
extensions/matrix/src/channel.ts(295,45): error TS7031: Binding element 'query' implicitly has an 'any' type.
extensions/matrix/src/channel.ts(295,52): error TS7031: Binding element 'limit' implicitly has an 'any' type.
extensions/matrix/src/channel.ts(297,30): error TS7031: Binding element 'cfg' implicitly has an 'any' type.
extensions/matrix/src/channel.ts(297,35): error TS7031: Binding element 'accountId' implicitly has an 'any' type.
extensions/matrix/src/channel.ts(297,46): error TS7031: Binding element 'query' implicitly has an 'any' type.
extensions/matrix/src/channel.ts(297,53): error TS7031: Binding element 'limit' implicitly has an 'any' type.
extensions/matrix/src/channel.ts(301,30): error TS7031: Binding element 'cfg' implicitly has an 'any' type.
extensions/matrix/src/channel.ts(301,35): error TS7031: Binding element 'inputs' implicitly has an 'any' type.
extensions/matrix/src/channel.ts(301,43): error TS7031: Binding element 'kind' implicitly has an 'any' type.
extensions/matrix/src/channel.ts(301,49): error TS7031: Binding element 'runtime' implicitly has an 'any' type.
extensions/matrix/src/channel.ts(306,26): error TS7031: Binding element 'accountId' implicitly has an 'any' type.
extensions/matrix/src/channel.ts(307,26): error TS7031: Binding element 'cfg' implicitly has an 'any' type.
extensions/matrix/src/channel.ts(307,31): error TS7031: Binding element 'accountId' implicitly has an 'any' type.
extensions/matrix/src/channel.ts(307,42): error TS7031: Binding element 'name' implicitly has an 'any' type.
extensions/matrix/src/channel.ts(314,23): error TS7031: Binding element 'input' implicitly has an 'any' type.
extensions/matrix/src/channel.ts(337,28): error TS7031: Binding element 'cfg' implicitly has an 'any' type.
extensions/matrix/src/channel.ts(337,33): error TS7031: Binding element 'input' implicitly has an 'any' type.
extensions/matrix/src/channel.ts(375,27): error TS7006: Parameter 'accounts' implicitly has an 'any' type.
extensions/matrix/src/channel.ts(376,25): error TS7006: Parameter 'account' implicitly has an 'any' type.
extensions/matrix/src/channel.ts(390,29): error TS7031: Binding element 'snapshot' implicitly has an 'any' type.
extensions/matrix/src/channel.ts(400,28): error TS7031: Binding element 'account' implicitly has an 'any' type.
extensions/matrix/src/channel.ts(400,37): error TS7031: Binding element 'timeoutMs' implicitly has an 'any' type.
extensions/matrix/src/channel.ts(400,48): error TS7031: Binding element 'cfg' implicitly has an 'any' type.
extensions/matrix/src/channel.ts(420,30): error TS7031: Binding element 'account' implicitly has an 'any' type.
extensions/matrix/src/channel.ts(420,39): error TS7031: Binding element 'runtime' implicitly has an 'any' type.
extensions/matrix/src/channel.ts(420,48): error TS7031: Binding element 'probe' implicitly has an 'any' type.
extensions/matrix/src/channel.ts(437,26): error TS7006: Parameter 'ctx' implicitly has an 'any' type.
extensions/matrix/src/config-schema.ts(1,56): error TS2307: Cannot find module 'openclaw/plugin-sdk' or its corresponding type declarations.
extensions/matrix/src/directory-live.ts(1,44): error TS2307: Cannot find module 'openclaw/plugin-sdk' or its corresponding type declarations.
extensions/matrix/src/group-mentions.ts(1,65): error TS2307: Cannot find module 'openclaw/plugin-sdk' or its corresponding type declarations.
extensions/matrix/src/matrix/accounts.ts(1,56): error TS2307: Cannot find module 'openclaw/plugin-sdk/account-id' or its corresponding type declarations.
extensions/matrix/src/matrix/actions/client.ts(1,36): error TS2307: Cannot find module 'openclaw/plugin-sdk/account-id' or its corresponding type declarations.
extensions/matrix/src/matrix/active-client.ts(2,36): error TS2307: Cannot find module 'openclaw/plugin-sdk/account-id' or its corresponding type declarations.
extensions/matrix/src/matrix/client/config.ts(2,56): error TS2307: Cannot find module 'openclaw/plugin-sdk/account-id' or its corresponding type declarations.
extensions/matrix/src/matrix/client/shared.ts(3,36): error TS2307: Cannot find module 'openclaw/plugin-sdk/account-id' or its corresponding type declarations.
extensions/matrix/src/matrix/credentials.ts(4,56): error TS2307: Cannot find module 'openclaw/plugin-sdk/account-id' or its corresponding type declarations.
extensions/matrix/src/matrix/deps.ts(1,33): error TS2307: Cannot find module 'openclaw/plugin-sdk' or its corresponding type declarations.
extensions/matrix/src/matrix/monitor/allowlist.ts(1,37): error TS2307: Cannot find module 'openclaw/plugin-sdk' or its corresponding type declarations.
extensions/matrix/src/matrix/monitor/auto-join.ts(2,33): error TS2307: Cannot find module 'openclaw/plugin-sdk' or its corresponding type declarations.
extensions/matrix/src/matrix/monitor/events.ts(2,51): error TS2307: Cannot find module 'openclaw/plugin-sdk' or its corresponding type declarations.
extensions/matrix/src/matrix/monitor/handler.ts(12,8): error TS2307: Cannot find module 'openclaw/plugin-sdk' or its corresponding type declarations.
extensions/matrix/src/matrix/monitor/handler.ts(564,25): error TS7006: Parameter 'err' implicitly has an 'any' type.
extensions/matrix/src/matrix/monitor/handler.ts(627,24): error TS7006: Parameter 'err' implicitly has an 'any' type.
extensions/matrix/src/matrix/monitor/handler.ts(636,23): error TS7006: Parameter 'err' implicitly has an 'any' type.
extensions/matrix/src/matrix/monitor/handler.ts(650,27): error TS7006: Parameter 'payload' implicitly has an 'any' type.
extensions/matrix/src/matrix/monitor/handler.ts(664,21): error TS7006: Parameter 'err' implicitly has an 'any' type.
extensions/matrix/src/matrix/monitor/handler.ts(664,26): error TS7006: Parameter 'info' implicitly has an 'any' type.
extensions/matrix/src/matrix/monitor/index.ts(2,67): error TS2307: Cannot find module 'openclaw/plugin-sdk' or its corresponding type declarations.
extensions/matrix/src/matrix/monitor/index.ts(45,11): error TS7019: Rest parameter 'args' implicitly has an 'any[]' type.
extensions/matrix/src/matrix/monitor/index.ts(48,13): error TS7019: Rest parameter 'args' implicitly has an 'any[]' type.
extensions/matrix/src/matrix/monitor/location.ts(6,8): error TS2307: Cannot find module 'openclaw/plugin-sdk' or its corresponding type declarations.
extensions/matrix/src/matrix/monitor/replies.ts(2,66): error TS2307: Cannot find module 'openclaw/plugin-sdk' or its corresponding type declarations.
extensions/matrix/src/matrix/monitor/rooms.ts(1,69): error TS2307: Cannot find module 'openclaw/plugin-sdk' or its corresponding type declarations.
extensions/matrix/src/matrix/poll-types.ts(10,32): error TS2307: Cannot find module 'openclaw/plugin-sdk' or its corresponding type declarations.
extensions/matrix/src/matrix/poll-types.ts(143,11): error TS7006: Parameter 'option' implicitly has an 'any' type.
extensions/matrix/src/matrix/poll-types.ts(144,14): error TS7006: Parameter 'option' implicitly has an 'any' type.
extensions/matrix/src/matrix/poll-types.ts(145,11): error TS7006: Parameter 'option' implicitly has an 'any' type.
extensions/matrix/src/matrix/poll-types.ts(145,19): error TS7006: Parameter 'idx' implicitly has an 'any' type.
extensions/matrix/src/matrix/poll-types.ts(154,18): error TS7006: Parameter 'answer' implicitly has an 'any' type.
extensions/matrix/src/matrix/probe.ts(1,38): error TS2307: Cannot find module 'openclaw/plugin-sdk' or its corresponding type declarations.
extensions/matrix/src/matrix/send.ts(2,32): error TS2307: Cannot find module 'openclaw/plugin-sdk' or its corresponding type declarations.
extensions/matrix/src/matrix/send/client.ts(2,56): error TS2307: Cannot find module 'openclaw/plugin-sdk/account-id' or its corresponding type declarations.
extensions/matrix/src/onboarding.ts(1,31): error TS2307: Cannot find module 'openclaw/plugin-sdk' or its corresponding type declarations.
extensions/matrix/src/onboarding.ts(9,8): error TS2307: Cannot find module 'openclaw/plugin-sdk' or its corresponding type declarations.
extensions/matrix/src/onboarding.ts(72,18): error TS7006: Parameter 'value' implicitly has an 'any' type.
extensions/matrix/src/onboarding.ts(179,16): error TS7006: Parameter 'cfg' implicitly has an 'any' type.
extensions/matrix/src/onboarding.ts(180,15): error TS7006: Parameter 'cfg' implicitly has an 'any' type.
extensions/matrix/src/onboarding.ts(180,20): error TS7006: Parameter 'policy' implicitly has an 'any' type.
extensions/matrix/src/onboarding.ts(186,23): error TS7031: Binding element 'cfg' implicitly has an 'any' type.
extensions/matrix/src/onboarding.ts(203,23): error TS7031: Binding element 'cfg' implicitly has an 'any' type.
extensions/matrix/src/onboarding.ts(203,28): error TS7031: Binding element 'runtime' implicitly has an 'any' type.
extensions/matrix/src/onboarding.ts(203,37): error TS7031: Binding element 'prompter' implicitly has an 'any' type.
extensions/matrix/src/onboarding.ts(203,47): error TS7031: Binding element 'forceAllowFrom' implicitly has an 'any' type.
extensions/matrix/src/onboarding.ts(258,20): error TS7006: Parameter 'value' implicitly has an 'any' type.
extensions/matrix/src/onboarding.ts(301,24): error TS7006: Parameter 'value' implicitly has an 'any' type.
extensions/matrix/src/onboarding.ts(313,24): error TS7006: Parameter 'value' implicitly has an 'any' type.
extensions/matrix/src/onboarding.ts(331,24): error TS7006: Parameter 'value' implicitly has an 'any' type.
extensions/matrix/src/onboarding.ts(443,13): error TS7006: Parameter 'cfg' implicitly has an 'any' type.
extensions/matrix/src/outbound.ts(1,45): error TS2307: Cannot find module 'openclaw/plugin-sdk' or its corresponding type declarations.
extensions/matrix/src/outbound.ts(7,13): error TS7006: Parameter 'text' implicitly has an 'any' type.
extensions/matrix/src/outbound.ts(7,19): error TS7006: Parameter 'limit' implicitly has an 'any' type.
extensions/matrix/src/outbound.ts(10,22): error TS7031: Binding element 'to' implicitly has an 'any' type.
extensions/matrix/src/outbound.ts(10,26): error TS7031: Binding element 'text' implicitly has an 'any' type.
extensions/matrix/src/outbound.ts(10,32): error TS7031: Binding element 'deps' implicitly has an 'any' type.
extensions/matrix/src/outbound.ts(10,38): error TS7031: Binding element 'replyToId' implicitly has an 'any' type.
extensions/matrix/src/outbound.ts(10,49): error TS7031: Binding element 'threadId' implicitly has an 'any' type.
extensions/matrix/src/outbound.ts(10,59): error TS7031: Binding element 'accountId' implicitly has an 'any' type.
extensions/matrix/src/outbound.ts(25,23): error TS7031: Binding element 'to' implicitly has an 'any' type.
extensions/matrix/src/outbound.ts(25,27): error TS7031: Binding element 'text' implicitly has an 'any' type.
extensions/matrix/src/outbound.ts(25,33): error TS7031: Binding element 'mediaUrl' implicitly has an 'any' type.
extensions/matrix/src/outbound.ts(25,43): error TS7031: Binding element 'deps' implicitly has an 'any' type.
extensions/matrix/src/outbound.ts(25,49): error TS7031: Binding element 'replyToId' implicitly has an 'any' type.
extensions/matrix/src/outbound.ts(25,60): error TS7031: Binding element 'threadId' implicitly has an 'any' type.
extensions/matrix/src/outbound.ts(25,70): error TS7031: Binding element 'accountId' implicitly has an 'any' type.
extensions/matrix/src/outbound.ts(41,22): error TS7031: Binding element 'to' implicitly has an 'any' type.
extensions/matrix/src/outbound.ts(41,26): error TS7031: Binding element 'poll' implicitly has an 'any' type.
extensions/matrix/src/outbound.ts(41,32): error TS7031: Binding element 'threadId' implicitly has an 'any' type.
extensions/matrix/src/outbound.ts(41,42): error TS7031: Binding element 'accountId' implicitly has an 'any' type.
extensions/matrix/src/resolve-targets.ts(6,8): error TS2307: Cannot find module 'openclaw/plugin-sdk' or its corresponding type declarations.
extensions/matrix/src/runtime.ts(1,36): error TS2307: Cannot find module 'openclaw/plugin-sdk' or its corresponding type declarations.
extensions/matrix/src/tool-actions.ts(8,8): error TS2307: Cannot find module 'openclaw/plugin-sdk' or its corresponding type declarations.
extensions/matrix/src/types.ts(1,44): error TS2307: Cannot find module 'openclaw/plugin-sdk' or its corresponding type declarations.
extensions/mattermost/index.ts(1,36): error TS2307: Cannot find module 'openclaw/plugin-sdk' or its corresponding type declarations.
extensions/mattermost/index.ts(2,41): error TS2307: Cannot find module 'openclaw/plugin-sdk' or its corresponding type declarations.
extensions/mattermost/src/channel.ts(11,8): error TS2307: Cannot find module 'openclaw/plugin-sdk' or its corresponding type declarations.
extensions/mattermost/src/channel.ts(69,27): error TS7006: Parameter 'entry' implicitly has an 'any' type.
extensions/mattermost/src/channel.ts(70,30): error TS7031: Binding element 'id' implicitly has an 'any' type.
extensions/mattermost/src/channel.ts(85,22): error TS7006: Parameter 'cfg' implicitly has an 'any' type.
extensions/mattermost/src/channel.ts(86,22): error TS7006: Parameter 'cfg' implicitly has an 'any' type.
extensions/mattermost/src/channel.ts(86,27): error TS7006: Parameter 'accountId' implicitly has an 'any' type.
extensions/mattermost/src/channel.ts(87,24): error TS7006: Parameter 'cfg' implicitly has an 'any' type.
extensions/mattermost/src/channel.ts(88,27): error TS7031: Binding element 'cfg' implicitly has an 'any' type.
extensions/mattermost/src/channel.ts(88,32): error TS7031: Binding element 'accountId' implicitly has an 'any' type.
extensions/mattermost/src/channel.ts(88,43): error TS7031: Binding element 'enabled' implicitly has an 'any' type.
extensions/mattermost/src/channel.ts(96,23): error TS7031: Binding element 'cfg' implicitly has an 'any' type.
extensions/mattermost/src/channel.ts(96,28): error TS7031: Binding element 'accountId' implicitly has an 'any' type.
extensions/mattermost/src/channel.ts(103,20): error TS7006: Parameter 'account' implicitly has an 'any' type.
extensions/mattermost/src/channel.ts(104,23): error TS7006: Parameter 'account' implicitly has an 'any' type.
extensions/mattermost/src/channel.ts(112,26): error TS7031: Binding element 'cfg' implicitly has an 'any' type.
extensions/mattermost/src/channel.ts(112,31): error TS7031: Binding element 'accountId' implicitly has an 'any' type.
extensions/mattermost/src/channel.ts(116,25): error TS7031: Binding element 'allowFrom' implicitly has an 'any' type.
extensions/mattermost/src/channel.ts(117,22): error TS7006: Parameter 'entry' implicitly has an 'any' type.
extensions/mattermost/src/channel.ts(120,25): error TS7031: Binding element 'cfg' implicitly has an 'any' type.
extensions/mattermost/src/channel.ts(120,30): error TS7031: Binding element 'accountId' implicitly has an 'any' type.
extensions/mattermost/src/channel.ts(120,41): error TS7031: Binding element 'account' implicitly has an 'any' type.
extensions/mattermost/src/channel.ts(132,26): error TS7006: Parameter 'raw' implicitly has an 'any' type.
extensions/mattermost/src/channel.ts(135,25): error TS7031: Binding element 'account' implicitly has an 'any' type.
extensions/mattermost/src/channel.ts(135,34): error TS7031: Binding element 'cfg' implicitly has an 'any' type.
extensions/mattermost/src/channel.ts(158,15): error TS7006: Parameter 'text' implicitly has an 'any' type.
extensions/mattermost/src/channel.ts(158,21): error TS7006: Parameter 'limit' implicitly has an 'any' type.
extensions/mattermost/src/channel.ts(161,23): error TS7031: Binding element 'to' implicitly has an 'any' type.
extensions/mattermost/src/channel.ts(173,24): error TS7031: Binding element 'to' implicitly has an 'any' type.
extensions/mattermost/src/channel.ts(173,28): error TS7031: Binding element 'text' implicitly has an 'any' type.
extensions/mattermost/src/channel.ts(173,34): error TS7031: Binding element 'accountId' implicitly has an 'any' type.
extensions/mattermost/src/channel.ts(173,45): error TS7031: Binding element 'replyToId' implicitly has an 'any' type.
extensions/mattermost/src/channel.ts(180,25): error TS7031: Binding element 'to' implicitly has an 'any' type.
extensions/mattermost/src/channel.ts(180,29): error TS7031: Binding element 'text' implicitly has an 'any' type.
extensions/mattermost/src/channel.ts(180,35): error TS7031: Binding element 'mediaUrl' implicitly has an 'any' type.
extensions/mattermost/src/channel.ts(180,45): error TS7031: Binding element 'accountId' implicitly has an 'any' type.
extensions/mattermost/src/channel.ts(180,56): error TS7031: Binding element 'replyToId' implicitly has an 'any' type.
extensions/mattermost/src/channel.ts(200,29): error TS7031: Binding element 'snapshot' implicitly has an 'any' type.
extensions/mattermost/src/channel.ts(212,28): error TS7031: Binding element 'account' implicitly has an 'any' type.
extensions/mattermost/src/channel.ts(212,37): error TS7031: Binding element 'timeoutMs' implicitly has an 'any' type.
extensions/mattermost/src/channel.ts(220,30): error TS7031: Binding element 'account' implicitly has an 'any' type.
extensions/mattermost/src/channel.ts(220,39): error TS7031: Binding element 'runtime' implicitly has an 'any' type.
extensions/mattermost/src/channel.ts(220,48): error TS7031: Binding element 'probe' implicitly has an 'any' type.
extensions/mattermost/src/channel.ts(240,26): error TS7031: Binding element 'accountId' implicitly has an 'any' type.
extensions/mattermost/src/channel.ts(241,26): error TS7031: Binding element 'cfg' implicitly has an 'any' type.
extensions/mattermost/src/channel.ts(241,31): error TS7031: Binding element 'accountId' implicitly has an 'any' type.
extensions/mattermost/src/channel.ts(241,42): error TS7031: Binding element 'name' implicitly has an 'any' type.
extensions/mattermost/src/channel.ts(248,23): error TS7031: Binding element 'accountId' implicitly has an 'any' type.
extensions/mattermost/src/channel.ts(248,34): error TS7031: Binding element 'input' implicitly has an 'any' type.
extensions/mattermost/src/channel.ts(262,28): error TS7031: Binding element 'cfg' implicitly has an 'any' type.
extensions/mattermost/src/channel.ts(262,33): error TS7031: Binding element 'accountId' implicitly has an 'any' type.
extensions/mattermost/src/channel.ts(262,44): error TS7031: Binding element 'input' implicitly has an 'any' type.
extensions/mattermost/src/channel.ts(318,26): error TS7006: Parameter 'ctx' implicitly has an 'any' type.
extensions/mattermost/src/config-schema.ts(7,8): error TS2307: Cannot find module 'openclaw/plugin-sdk' or its corresponding type declarations.
extensions/mattermost/src/group-mentions.ts(1,42): error TS2307: Cannot find module 'openclaw/plugin-sdk' or its corresponding type declarations.
extensions/mattermost/src/mattermost/accounts.ts(1,33): error TS2307: Cannot find module 'openclaw/plugin-sdk' or its corresponding type declarations.
extensions/mattermost/src/mattermost/accounts.ts(2,56): error TS2307: Cannot find module 'openclaw/plugin-sdk/account-id' or its corresponding type declarations.
extensions/mattermost/src/mattermost/monitor-helpers.ts(1,33): error TS2307: Cannot find module 'openclaw/plugin-sdk' or its corresponding type declarations.
extensions/mattermost/src/mattermost/monitor-helpers.ts(5,35): error TS2307: Cannot find module 'openclaw/plugin-sdk' or its corresponding type declarations.
extensions/mattermost/src/mattermost/monitor-websocket.ts(1,57): error TS2307: Cannot find module 'openclaw/plugin-sdk' or its corresponding type declarations.
extensions/mattermost/src/mattermost/monitor.ts(7,8): error TS2307: Cannot find module 'openclaw/plugin-sdk' or its corresponding type declarations.
extensions/mattermost/src/mattermost/monitor.ts(21,8): error TS2307: Cannot find module 'openclaw/plugin-sdk' or its corresponding type declarations.
extensions/mattermost/src/mattermost/monitor.ts(618,23): error TS7006: Parameter 'entry' implicitly has an 'any' type.
extensions/mattermost/src/mattermost/monitor.ts(726,22): error TS7006: Parameter 'err' implicitly has an 'any' type.
extensions/mattermost/src/mattermost/monitor.ts(728,17): error TS7006: Parameter 'message' implicitly has an 'any' type.
extensions/mattermost/src/mattermost/monitor.ts(772,19): error TS7006: Parameter 'err' implicitly has an 'any' type.
extensions/mattermost/src/mattermost/monitor.ts(772,24): error TS7006: Parameter 'info' implicitly has an 'any' type.
extensions/mattermost/src/mattermost/monitor.ts(808,16): error TS7006: Parameter 'entry' implicitly has an 'any' type.
extensions/mattermost/src/mattermost/monitor.ts(820,22): error TS7006: Parameter 'entry' implicitly has an 'any' type.
extensions/mattermost/src/mattermost/monitor.ts(830,21): error TS7006: Parameter 'entries' implicitly has an 'any' type.
extensions/mattermost/src/mattermost/monitor.ts(840,15): error TS7006: Parameter 'entry' implicitly has an 'any' type.
extensions/mattermost/src/mattermost/monitor.ts(848,32): error TS7006: Parameter 'entry' implicitly has an 'any' type.
extensions/mattermost/src/mattermost/monitor.ts(851,15): error TS7006: Parameter 'err' implicitly has an 'any' type.
extensions/mattermost/src/mattermost/probe.ts(1,38): error TS2307: Cannot find module 'openclaw/plugin-sdk' or its corresponding type declarations.
extensions/mattermost/src/onboarding-helpers.ts(1,33): error TS2307: Cannot find module 'openclaw/plugin-sdk' or its corresponding type declarations.
extensions/mattermost/src/onboarding.ts(1,75): error TS2307: Cannot find module 'openclaw/plugin-sdk' or its corresponding type declarations.
extensions/mattermost/src/onboarding.ts(2,56): error TS2307: Cannot find module 'openclaw/plugin-sdk/account-id' or its corresponding type declarations.
extensions/mattermost/src/onboarding.ts(27,23): error TS7031: Binding element 'cfg' implicitly has an 'any' type.
extensions/mattermost/src/onboarding.ts(40,23): error TS7031: Binding element 'cfg' implicitly has an 'any' type.
extensions/mattermost/src/onboarding.ts(40,28): error TS7031: Binding element 'prompter' implicitly has an 'any' type.
extensions/mattermost/src/onboarding.ts(40,38): error TS7031: Binding element 'accountOverrides' implicitly has an 'any' type.
extensions/mattermost/src/onboarding.ts(40,56): error TS7031: Binding element 'shouldPromptAccountIds' implicitly has an 'any' type.
extensions/mattermost/src/onboarding.ts(96,24): error TS7006: Parameter 'value' implicitly has an 'any' type.
extensions/mattermost/src/onboarding.ts(102,24): error TS7006: Parameter 'value' implicitly has an 'any' type.
extensions/mattermost/src/onboarding.ts(115,24): error TS7006: Parameter 'value' implicitly has an 'any' type.
extensions/mattermost/src/onboarding.ts(121,24): error TS7006: Parameter 'value' implicitly has an 'any' type.
extensions/mattermost/src/onboarding.ts(129,22): error TS7006: Parameter 'value' implicitly has an 'any' type.
extensions/mattermost/src/onboarding.ts(135,22): error TS7006: Parameter 'value' implicitly has an 'any' type.
extensions/mattermost/src/runtime.ts(1,36): error TS2307: Cannot find module 'openclaw/plugin-sdk' or its corresponding type declarations.
extensions/mattermost/src/types.ts(1,74): error TS2307: Cannot find module 'openclaw/plugin-sdk' or its corresponding type declarations.
extensions/memory-core/index.ts(1,36): error TS2307: Cannot find module 'openclaw/plugin-sdk' or its corresponding type declarations.
extensions/memory-core/index.ts(2,41): error TS2307: Cannot find module 'openclaw/plugin-sdk' or its corresponding type declarations.
extensions/memory-core/index.ts(12,8): error TS7006: Parameter 'ctx' implicitly has an 'any' type.
extensions/memory-core/index.ts(30,10): error TS7031: Binding element 'program' implicitly has an 'any' type.
extensions/memory-lancedb/index.ts(10,36): error TS2307: Cannot find module 'openclaw/plugin-sdk' or its corresponding type declarations.
extensions/memory-lancedb/index.ts(316,23): error TS7006: Parameter '_toolCallId' implicitly has an 'any' type.
extensions/memory-lancedb/index.ts(316,36): error TS7006: Parameter 'params' implicitly has an 'any' type.
extensions/memory-lancedb/index.ts(370,23): error TS7006: Parameter '_toolCallId' implicitly has an 'any' type.
extensions/memory-lancedb/index.ts(370,36): error TS7006: Parameter 'params' implicitly has an 'any' type.
extensions/memory-lancedb/index.ts(426,23): error TS7006: Parameter '_toolCallId' implicitly has an 'any' type.
extensions/memory-lancedb/index.ts(426,36): error TS7006: Parameter 'params' implicitly has an 'any' type.
extensions/memory-lancedb/index.ts(493,10): error TS7031: Binding element 'program' implicitly has an 'any' type.
extensions/memory-lancedb/index.ts(509,26): error TS7006: Parameter 'query' implicitly has an 'any' type.
extensions/memory-lancedb/index.ts(509,33): error TS7006: Parameter 'opts' implicitly has an 'any' type.
extensions/memory-lancedb/index.ts(540,43): error TS7006: Parameter 'event' implicitly has an 'any' type.
extensions/memory-lancedb/index.ts(568,34): error TS7006: Parameter 'event' implicitly has an 'any' type.
extensions/minimax-portal-auth/index.ts(6,8): error TS2307: Cannot find module 'openclaw/plugin-sdk' or its corresponding type declarations.
extensions/msteams/index.ts(1,36): error TS2307: Cannot find module 'openclaw/plugin-sdk' or its corresponding type declarations.
extensions/msteams/index.ts(2,41): error TS2307: Cannot find module 'openclaw/plugin-sdk' or its corresponding type declarations.
extensions/msteams/src/channel.ts(1,74): error TS2307: Cannot find module 'openclaw/plugin-sdk' or its corresponding type declarations.
extensions/msteams/src/channel.ts(9,8): error TS2307: Cannot find module 'openclaw/plugin-sdk' or its corresponding type declarations.
extensions/msteams/src/channel.ts(52,27): error TS7006: Parameter 'entry' implicitly has an 'any' type.
extensions/msteams/src/channel.ts(53,30): error TS7031: Binding element 'cfg' implicitly has an 'any' type.
extensions/msteams/src/channel.ts(53,35): error TS7031: Binding element 'id' implicitly has an 'any' type.
extensions/msteams/src/channel.ts(74,26): error TS7031: Binding element 'context' implicitly has an 'any' type.
extensions/msteams/src/channel.ts(74,35): error TS7031: Binding element 'hasRepliedRef' implicitly has an 'any' type.
extensions/msteams/src/channel.ts(87,22): error TS7006: Parameter 'cfg' implicitly has an 'any' type.
extensions/msteams/src/channel.ts(93,27): error TS7031: Binding element 'cfg' implicitly has an 'any' type.
extensions/msteams/src/channel.ts(93,32): error TS7031: Binding element 'enabled' implicitly has an 'any' type.
extensions/msteams/src/channel.ts(103,23): error TS7031: Binding element 'cfg' implicitly has an 'any' type.
extensions/msteams/src/channel.ts(114,20): error TS7006: Parameter '_account' implicitly has an 'any' type.
extensions/msteams/src/channel.ts(114,30): error TS7006: Parameter 'cfg' implicitly has an 'any' type.
extensions/msteams/src/channel.ts(115,23): error TS7006: Parameter 'account' implicitly has an 'any' type.
extensions/msteams/src/channel.ts(120,26): error TS7031: Binding element 'cfg' implicitly has an 'any' type.
extensions/msteams/src/channel.ts(121,25): error TS7031: Binding element 'allowFrom' implicitly has an 'any' type.
extensions/msteams/src/channel.ts(123,15): error TS7006: Parameter 'entry' implicitly has an 'any' type.
extensions/msteams/src/channel.ts(125,15): error TS7006: Parameter 'entry' implicitly has an 'any' type.
extensions/msteams/src/channel.ts(128,25): error TS7031: Binding element 'cfg' implicitly has an 'any' type.
extensions/msteams/src/channel.ts(141,28): error TS7031: Binding element 'cfg' implicitly has an 'any' type.
extensions/msteams/src/channel.ts(155,21): error TS7006: Parameter 'raw' implicitly has an 'any' type.
extensions/msteams/src/channel.ts(175,25): error TS7031: Binding element 'cfg' implicitly has an 'any' type.
extensions/msteams/src/channel.ts(175,30): error TS7031: Binding element 'query' implicitly has an 'any' type.
extensions/msteams/src/channel.ts(175,37): error TS7031: Binding element 'limit' implicitly has an 'any' type.
extensions/msteams/src/channel.ts(208,26): error TS7031: Binding element 'cfg' implicitly has an 'any' type.
extensions/msteams/src/channel.ts(208,31): error TS7031: Binding element 'query' implicitly has an 'any' type.
extensions/msteams/src/channel.ts(208,38): error TS7031: Binding element 'limit' implicitly has an 'any' type.
extensions/msteams/src/channel.ts(212,45): error TS18046: 'team' is of type 'unknown'.
extensions/msteams/src/channel.ts(228,29): error TS7031: Binding element 'cfg' implicitly has an 'any' type.
extensions/msteams/src/channel.ts(228,34): error TS7031: Binding element 'query' implicitly has an 'any' type.
extensions/msteams/src/channel.ts(228,41): error TS7031: Binding element 'limit' implicitly has an 'any' type.
extensions/msteams/src/channel.ts(230,30): error TS7031: Binding element 'cfg' implicitly has an 'any' type.
extensions/msteams/src/channel.ts(230,35): error TS7031: Binding element 'query' implicitly has an 'any' type.
extensions/msteams/src/channel.ts(230,42): error TS7031: Binding element 'limit' implicitly has an 'any' type.
extensions/msteams/src/channel.ts(234,30): error TS7031: Binding element 'cfg' implicitly has an 'any' type.
extensions/msteams/src/channel.ts(234,35): error TS7031: Binding element 'inputs' implicitly has an 'any' type.
extensions/msteams/src/channel.ts(234,43): error TS7031: Binding element 'kind' implicitly has an 'any' type.
extensions/msteams/src/channel.ts(234,49): error TS7031: Binding element 'runtime' implicitly has an 'any' type.
extensions/msteams/src/channel.ts(235,35): error TS7006: Parameter 'input' implicitly has an 'any' type.
extensions/msteams/src/channel.ts(247,26): error TS7006: Parameter 'entry' implicitly has an 'any' type.
extensions/msteams/src/channel.ts(247,33): error TS7006: Parameter 'index' implicitly has an 'any' type.
extensions/msteams/src/channel.ts(293,24): error TS7006: Parameter 'entry' implicitly has an 'any' type.
extensions/msteams/src/channel.ts(293,31): error TS7006: Parameter 'index' implicitly has an 'any' type.
extensions/msteams/src/channel.ts(362,21): error TS7031: Binding element 'cfg' implicitly has an 'any' type.
extensions/msteams/src/channel.ts(371,23): error TS7031: Binding element 'cfg' implicitly has an 'any' type.
extensions/msteams/src/channel.ts(377,26): error TS7006: Parameter 'ctx' implicitly has an 'any' type.
extensions/msteams/src/channel.ts(421,29): error TS7031: Binding element 'snapshot' implicitly has an 'any' type.
extensions/msteams/src/channel.ts(427,28): error TS7031: Binding element 'cfg' implicitly has an 'any' type.
extensions/msteams/src/channel.ts(428,30): error TS7031: Binding element 'account' implicitly has an 'any' type.
extensions/msteams/src/channel.ts(428,39): error TS7031: Binding element 'runtime' implicitly has an 'any' type.
extensions/msteams/src/channel.ts(428,48): error TS7031: Binding element 'probe' implicitly has an 'any' type.
extensions/msteams/src/channel.ts(441,26): error TS7006: Parameter 'ctx' implicitly has an 'any' type.
extensions/msteams/src/directory-live.ts(1,44): error TS2307: Cannot find module 'openclaw/plugin-sdk' or its corresponding type declarations.
extensions/msteams/src/file-lock.ts(1,30): error TS2307: Cannot find module 'openclaw/plugin-sdk' or its corresponding type declarations.
extensions/msteams/src/graph.ts(1,36): error TS2307: Cannot find module 'openclaw/plugin-sdk' or its corresponding type declarations.
extensions/msteams/src/media-helpers.ts(11,8): error TS2307: Cannot find module 'openclaw/plugin-sdk' or its corresponding type declarations.
extensions/msteams/src/messenger.ts(10,8): error TS2307: Cannot find module 'openclaw/plugin-sdk' or its corresponding type declarations.
extensions/msteams/src/monitor-handler.ts(1,45): error TS2307: Cannot find module 'openclaw/plugin-sdk' or its corresponding type declarations.
extensions/msteams/src/monitor-handler/message-handler.ts(11,8): error TS2307: Cannot find module 'openclaw/plugin-sdk' or its corresponding type declarations.
extensions/msteams/src/monitor-handler/message-handler.ts(134,55): error TS7006: Parameter 'v' implicitly has an 'any' type.
extensions/msteams/src/monitor-handler/message-handler.ts(145,55): error TS7006: Parameter 'v' implicitly has an 'any' type.
extensions/msteams/src/monitor-handler/message-handler.ts(188,35): error TS7006: Parameter 'v' implicitly has an 'any' type.
extensions/msteams/src/monitor-handler/message-handler.ts(446,23): error TS7006: Parameter 'entry' implicitly has an 'any' type.
extensions/msteams/src/monitor-handler/message-handler.ts(496,23): error TS7006: Parameter 'err' implicitly has an 'any' type.
extensions/msteams/src/monitor-handler/message-handler.ts(573,16): error TS7006: Parameter 'entry' implicitly has an 'any' type.
extensions/msteams/src/monitor-handler/message-handler.ts(584,22): error TS7006: Parameter 'entry' implicitly has an 'any' type.
extensions/msteams/src/monitor-handler/message-handler.ts(593,21): error TS7006: Parameter 'entries' implicitly has an 'any' type.
extensions/msteams/src/monitor-handler/message-handler.ts(603,15): error TS7006: Parameter 'entry' implicitly has an 'any' type.
extensions/msteams/src/monitor-handler/message-handler.ts(610,15): error TS7006: Parameter 'entry' implicitly has an 'any' type.
extensions/msteams/src/monitor-handler/message-handler.ts(613,42): error TS7006: Parameter 'entry' implicitly has an 'any' type.
extensions/msteams/src/monitor-handler/message-handler.ts(614,45): error TS7006: Parameter 'entry' implicitly has an 'any' type.
extensions/msteams/src/monitor-handler/message-handler.ts(624,15): error TS7006: Parameter 'err' implicitly has an 'any' type.
extensions/msteams/src/monitor.ts(8,8): error TS2307: Cannot find module 'openclaw/plugin-sdk' or its corresponding type declarations.
extensions/msteams/src/monitor.ts(99,16): error TS7006: Parameter 'entry' implicitly has an 'any' type.
extensions/msteams/src/monitor.ts(100,18): error TS7006: Parameter 'entry' implicitly has an 'any' type.
extensions/msteams/src/monitor.ts(122,35): error TS2339: Property 'channels' does not exist on type '{}'.
extensions/msteams/src/onboarding.ts(8,8): error TS2307: Cannot find module 'openclaw/plugin-sdk' or its corresponding type declarations.
extensions/msteams/src/onboarding.ts(14,8): error TS2307: Cannot find module 'openclaw/plugin-sdk' or its corresponding type declarations.
extensions/msteams/src/onboarding.ts(27,70): error TS7006: Parameter 'entry' implicitly has an 'any' type.
extensions/msteams/src/onboarding.ts(74,18): error TS7006: Parameter 'value' implicitly has an 'any' type.
extensions/msteams/src/onboarding.ts(80,18): error TS7006: Parameter 'value' implicitly has an 'any' type.
extensions/msteams/src/onboarding.ts(86,18): error TS7006: Parameter 'value' implicitly has an 'any' type.
extensions/msteams/src/onboarding.ts(114,18): error TS7006: Parameter 'value' implicitly has an 'any' type.
extensions/msteams/src/onboarding.ts(137,38): error TS7006: Parameter 'v' implicitly has an 'any' type.
extensions/msteams/src/onboarding.ts(152,50): error TS7006: Parameter 'v' implicitly has an 'any' type.
extensions/msteams/src/onboarding.ts(225,16): error TS7006: Parameter 'cfg' implicitly has an 'any' type.
extensions/msteams/src/onboarding.ts(226,15): error TS7006: Parameter 'cfg' implicitly has an 'any' type.
extensions/msteams/src/onboarding.ts(226,20): error TS7006: Parameter 'policy' implicitly has an 'any' type.
extensions/msteams/src/onboarding.ts(232,23): error TS7031: Binding element 'cfg' implicitly has an 'any' type.
extensions/msteams/src/onboarding.ts(242,23): error TS7031: Binding element 'cfg' implicitly has an 'any' type.
extensions/msteams/src/onboarding.ts(242,28): error TS7031: Binding element 'prompter' implicitly has an 'any' type.
extensions/msteams/src/onboarding.ts(312,33): error TS2339: Property 'channels' does not exist on type '{}'.
extensions/msteams/src/onboarding.ts(333,17): error TS7006: Parameter 'entry' implicitly has an 'any' type.
extensions/msteams/src/onboarding.ts(400,13): error TS7006: Parameter 'cfg' implicitly has an 'any' type.
extensions/msteams/src/outbound.ts(1,45): error TS2307: Cannot find module 'openclaw/plugin-sdk' or its corresponding type declarations.
extensions/msteams/src/outbound.ts(8,13): error TS7006: Parameter 'text' implicitly has an 'any' type.
extensions/msteams/src/outbound.ts(8,19): error TS7006: Parameter 'limit' implicitly has an 'any' type.
extensions/msteams/src/outbound.ts(12,22): error TS7031: Binding element 'cfg' implicitly has an 'any' type.
extensions/msteams/src/outbound.ts(12,27): error TS7031: Binding element 'to' implicitly has an 'any' type.
extensions/msteams/src/outbound.ts(12,31): error TS7031: Binding element 'text' implicitly has an 'any' type.
extensions/msteams/src/outbound.ts(12,37): error TS7031: Binding element 'deps' implicitly has an 'any' type.
extensions/msteams/src/outbound.ts(13,41): error TS7006: Parameter 'to' implicitly has an 'any' type.
extensions/msteams/src/outbound.ts(13,45): error TS7006: Parameter 'text' implicitly has an 'any' type.
extensions/msteams/src/outbound.ts(17,23): error TS7031: Binding element 'cfg' implicitly has an 'any' type.
extensions/msteams/src/outbound.ts(17,28): error TS7031: Binding element 'to' implicitly has an 'any' type.
extensions/msteams/src/outbound.ts(17,32): error TS7031: Binding element 'text' implicitly has an 'any' type.
extensions/msteams/src/outbound.ts(17,38): error TS7031: Binding element 'mediaUrl' implicitly has an 'any' type.
extensions/msteams/src/outbound.ts(17,48): error TS7031: Binding element 'deps' implicitly has an 'any' type.
extensions/msteams/src/outbound.ts(20,9): error TS7006: Parameter 'to' implicitly has an 'any' type.
extensions/msteams/src/outbound.ts(20,13): error TS7006: Parameter 'text' implicitly has an 'any' type.
extensions/msteams/src/outbound.ts(20,19): error TS7006: Parameter 'opts' implicitly has an 'any' type.
extensions/msteams/src/outbound.ts(24,22): error TS7031: Binding element 'cfg' implicitly has an 'any' type.
extensions/msteams/src/outbound.ts(24,27): error TS7031: Binding element 'to' implicitly has an 'any' type.
extensions/msteams/src/outbound.ts(24,31): error TS7031: Binding element 'poll' implicitly has an 'any' type.
extensions/msteams/src/policy.ts(10,8): error TS2307: Cannot find module 'openclaw/plugin-sdk' or its corresponding type declarations.
extensions/msteams/src/policy.ts(18,8): error TS2307: Cannot find module 'openclaw/plugin-sdk' or its corresponding type declarations.
extensions/msteams/src/policy.ts(165,28): error TS2339: Property 'channels' does not exist on type '{}'.
extensions/msteams/src/policy.ts(185,36): error TS2339: Property 'toolsBySender' does not exist on type '{}'.
extensions/msteams/src/policy.ts(194,26): error TS2339: Property 'tools' does not exist on type '{}'.
extensions/msteams/src/probe.ts(1,53): error TS2307: Cannot find module 'openclaw/plugin-sdk' or its corresponding type declarations.
extensions/msteams/src/reply-dispatcher.ts(9,8): error TS2307: Cannot find module 'openclaw/plugin-sdk' or its corresponding type declarations.
extensions/msteams/src/reply-dispatcher.ts(50,20): error TS7006: Parameter 'err' implicitly has an 'any' type.
extensions/msteams/src/reply-dispatcher.ts(52,15): error TS7006: Parameter 'message' implicitly has an 'any' type.
extensions/msteams/src/reply-dispatcher.ts(71,23): error TS7006: Parameter 'payload' implicitly has an 'any' type.
extensions/msteams/src/reply-dispatcher.ts(85,37): error TS7031: Binding element 'cfg' implicitly has an 'any' type.
extensions/msteams/src/reply-dispatcher.ts(110,17): error TS7006: Parameter 'err' implicitly has an 'any' type.
extensions/msteams/src/reply-dispatcher.ts(110,22): error TS7006: Parameter 'info' implicitly has an 'any' type.
extensions/msteams/src/runtime.ts(1,36): error TS2307: Cannot find module 'openclaw/plugin-sdk' or its corresponding type declarations.
extensions/msteams/src/send-context.ts(5,8): error TS2307: Cannot find module 'openclaw/plugin-sdk' or its corresponding type declarations.
extensions/msteams/src/send-context.ts(150,31): error TS7031: Binding element 'cfg' implicitly has an 'any' type.
extensions/msteams/src/send.ts(1,33): error TS2307: Cannot find module 'openclaw/plugin-sdk' or its corresponding type declarations.
extensions/msteams/src/send.ts(2,59): error TS2307: Cannot find module 'openclaw/plugin-sdk' or its corresponding type declarations.
extensions/msteams/src/send.ts(126,35): error TS7031: Binding element 'cfg' implicitly has an 'any' type.
extensions/msteams/src/store-fs.ts(4,31): error TS2307: Cannot find module 'openclaw/plugin-sdk' or its corresponding type declarations.
extensions/msteams/src/token.ts(1,36): error TS2307: Cannot find module 'openclaw/plugin-sdk' or its corresponding type declarations.
extensions/nextcloud-talk/index.ts(1,36): error TS2307: Cannot find module 'openclaw/plugin-sdk' or its corresponding type declarations.
extensions/nextcloud-talk/index.ts(2,41): error TS2307: Cannot find module 'openclaw/plugin-sdk' or its corresponding type declarations.
extensions/nextcloud-talk/src/accounts.ts(2,56): error TS2307: Cannot find module 'openclaw/plugin-sdk/account-id' or its corresponding type declarations.
extensions/nextcloud-talk/src/channel.ts(12,8): error TS2307: Cannot find module 'openclaw/plugin-sdk' or its corresponding type declarations.
extensions/nextcloud-talk/src/channel.ts(56,27): error TS7006: Parameter 'entry' implicitly has an 'any' type.
extensions/nextcloud-talk/src/channel.ts(58,30): error TS7031: Binding element 'id' implicitly has an 'any' type.
extensions/nextcloud-talk/src/channel.ts(73,22): error TS7006: Parameter 'cfg' implicitly has an 'any' type.
extensions/nextcloud-talk/src/channel.ts(74,22): error TS7006: Parameter 'cfg' implicitly has an 'any' type.
extensions/nextcloud-talk/src/channel.ts(74,27): error TS7006: Parameter 'accountId' implicitly has an 'any' type.
extensions/nextcloud-talk/src/channel.ts(76,24): error TS7006: Parameter 'cfg' implicitly has an 'any' type.
extensions/nextcloud-talk/src/channel.ts(77,27): error TS7031: Binding element 'cfg' implicitly has an 'any' type.
extensions/nextcloud-talk/src/channel.ts(77,32): error TS7031: Binding element 'accountId' implicitly has an 'any' type.
extensions/nextcloud-talk/src/channel.ts(77,43): error TS7031: Binding element 'enabled' implicitly has an 'any' type.
extensions/nextcloud-talk/src/channel.ts(85,23): error TS7031: Binding element 'cfg' implicitly has an 'any' type.
extensions/nextcloud-talk/src/channel.ts(85,28): error TS7031: Binding element 'accountId' implicitly has an 'any' type.
extensions/nextcloud-talk/src/channel.ts(92,20): error TS7006: Parameter 'account' implicitly has an 'any' type.
extensions/nextcloud-talk/src/channel.ts(93,23): error TS7006: Parameter 'account' implicitly has an 'any' type.
extensions/nextcloud-talk/src/channel.ts(101,26): error TS7031: Binding element 'cfg' implicitly has an 'any' type.
extensions/nextcloud-talk/src/channel.ts(101,31): error TS7031: Binding element 'accountId' implicitly has an 'any' type.
extensions/nextcloud-talk/src/channel.ts(105,25): error TS7031: Binding element 'allowFrom' implicitly has an 'any' type.
extensions/nextcloud-talk/src/channel.ts(107,15): error TS7006: Parameter 'entry' implicitly has an 'any' type.
extensions/nextcloud-talk/src/channel.ts(109,15): error TS7006: Parameter 'entry' implicitly has an 'any' type.
extensions/nextcloud-talk/src/channel.ts(110,15): error TS7006: Parameter 'entry' implicitly has an 'any' type.
extensions/nextcloud-talk/src/channel.ts(113,25): error TS7031: Binding element 'cfg' implicitly has an 'any' type.
extensions/nextcloud-talk/src/channel.ts(113,30): error TS7031: Binding element 'accountId' implicitly has an 'any' type.
extensions/nextcloud-talk/src/channel.ts(113,41): error TS7031: Binding element 'account' implicitly has an 'any' type.
extensions/nextcloud-talk/src/channel.ts(127,26): error TS7006: Parameter 'raw' implicitly has an 'any' type.
extensions/nextcloud-talk/src/channel.ts(130,25): error TS7031: Binding element 'account' implicitly has an 'any' type.
extensions/nextcloud-talk/src/channel.ts(130,34): error TS7031: Binding element 'cfg' implicitly has an 'any' type.
extensions/nextcloud-talk/src/channel.ts(149,31): error TS7031: Binding element 'cfg' implicitly has an 'any' type.
extensions/nextcloud-talk/src/channel.ts(149,36): error TS7031: Binding element 'accountId' implicitly has an 'any' type.
extensions/nextcloud-talk/src/channel.ts(149,47): error TS7031: Binding element 'groupId' implicitly has an 'any' type.
extensions/nextcloud-talk/src/channel.ts(178,26): error TS7031: Binding element 'accountId' implicitly has an 'any' type.
extensions/nextcloud-talk/src/channel.ts(179,26): error TS7031: Binding element 'cfg' implicitly has an 'any' type.
extensions/nextcloud-talk/src/channel.ts(179,31): error TS7031: Binding element 'accountId' implicitly has an 'any' type.
extensions/nextcloud-talk/src/channel.ts(179,42): error TS7031: Binding element 'name' implicitly has an 'any' type.
extensions/nextcloud-talk/src/channel.ts(186,23): error TS7031: Binding element 'accountId' implicitly has an 'any' type.
extensions/nextcloud-talk/src/channel.ts(186,34): error TS7031: Binding element 'input' implicitly has an 'any' type.
extensions/nextcloud-talk/src/channel.ts(199,28): error TS7031: Binding element 'cfg' implicitly has an 'any' type.
extensions/nextcloud-talk/src/channel.ts(199,33): error TS7031: Binding element 'accountId' implicitly has an 'any' type.
extensions/nextcloud-talk/src/channel.ts(199,44): error TS7031: Binding element 'input' implicitly has an 'any' type.
extensions/nextcloud-talk/src/channel.ts(254,15): error TS7006: Parameter 'text' implicitly has an 'any' type.
extensions/nextcloud-talk/src/channel.ts(254,21): error TS7006: Parameter 'limit' implicitly has an 'any' type.
extensions/nextcloud-talk/src/channel.ts(257,24): error TS7031: Binding element 'to' implicitly has an 'any' type.
extensions/nextcloud-talk/src/channel.ts(257,28): error TS7031: Binding element 'text' implicitly has an 'any' type.
extensions/nextcloud-talk/src/channel.ts(257,34): error TS7031: Binding element 'accountId' implicitly has an 'any' type.
extensions/nextcloud-talk/src/channel.ts(257,45): error TS7031: Binding element 'replyToId' implicitly has an 'any' type.
extensions/nextcloud-talk/src/channel.ts(264,25): error TS7031: Binding element 'to' implicitly has an 'any' type.
extensions/nextcloud-talk/src/channel.ts(264,29): error TS7031: Binding element 'text' implicitly has an 'any' type.
extensions/nextcloud-talk/src/channel.ts(264,35): error TS7031: Binding element 'mediaUrl' implicitly has an 'any' type.
extensions/nextcloud-talk/src/channel.ts(264,45): error TS7031: Binding element 'accountId' implicitly has an 'any' type.
extensions/nextcloud-talk/src/channel.ts(264,56): error TS7031: Binding element 'replyToId' implicitly has an 'any' type.
extensions/nextcloud-talk/src/channel.ts(281,29): error TS7031: Binding element 'snapshot' implicitly has an 'any' type.
extensions/nextcloud-talk/src/channel.ts(290,30): error TS7031: Binding element 'account' implicitly has an 'any' type.
extensions/nextcloud-talk/src/channel.ts(290,39): error TS7031: Binding element 'runtime' implicitly has an 'any' type.
extensions/nextcloud-talk/src/channel.ts(310,26): error TS7006: Parameter 'ctx' implicitly has an 'any' type.
extensions/nextcloud-talk/src/channel.ts(330,29): error TS7031: Binding element 'accountId' implicitly has an 'any' type.
extensions/nextcloud-talk/src/channel.ts(330,40): error TS7031: Binding element 'cfg' implicitly has an 'any' type.
extensions/nextcloud-talk/src/config-schema.ts(9,8): error TS2307: Cannot find module 'openclaw/plugin-sdk' or its corresponding type declarations.
extensions/nextcloud-talk/src/inbound.ts(7,8): error TS2307: Cannot find module 'openclaw/plugin-sdk' or its corresponding type declarations.
extensions/nextcloud-talk/src/inbound.ts(200,13): error TS7006: Parameter 'message' implicitly has an 'any' type.
extensions/nextcloud-talk/src/inbound.ts(293,21): error TS7006: Parameter 'err' implicitly has an 'any' type.
extensions/nextcloud-talk/src/inbound.ts(310,23): error TS7006: Parameter 'payload' implicitly has an 'any' type.
extensions/nextcloud-talk/src/inbound.ts(323,17): error TS7006: Parameter 'err' implicitly has an 'any' type.
extensions/nextcloud-talk/src/inbound.ts(323,22): error TS7006: Parameter 'info' implicitly has an 'any' type.
extensions/nextcloud-talk/src/monitor.ts(7,8): error TS2307: Cannot find module 'openclaw/plugin-sdk' or its corresponding type declarations.
extensions/nextcloud-talk/src/onboarding.ts(11,8): error TS2307: Cannot find module 'openclaw/plugin-sdk' or its corresponding type declarations.
extensions/nextcloud-talk/src/onboarding.ts(90,18): error TS7006: Parameter 'value' implicitly has an 'any' type.
extensions/nextcloud-talk/src/onboarding.ts(161,16): error TS7006: Parameter 'cfg' implicitly has an 'any' type.
extensions/nextcloud-talk/src/onboarding.ts(162,15): error TS7006: Parameter 'cfg' implicitly has an 'any' type.
extensions/nextcloud-talk/src/onboarding.ts(162,20): error TS7006: Parameter 'policy' implicitly has an 'any' type.
extensions/nextcloud-talk/src/onboarding.ts(172,23): error TS7031: Binding element 'cfg' implicitly has an 'any' type.
extensions/nextcloud-talk/src/onboarding.ts(186,5): error TS7031: Binding element 'cfg' implicitly has an 'any' type.
extensions/nextcloud-talk/src/onboarding.ts(187,5): error TS7031: Binding element 'prompter' implicitly has an 'any' type.
extensions/nextcloud-talk/src/onboarding.ts(188,5): error TS7031: Binding element 'accountOverrides' implicitly has an 'any' type.
extensions/nextcloud-talk/src/onboarding.ts(189,5): error TS7031: Binding element 'shouldPromptAccountIds' implicitly has an 'any' type.
extensions/nextcloud-talk/src/onboarding.ts(190,5): error TS7031: Binding element 'forceAllowFrom' implicitly has an 'any' type.
extensions/nextcloud-talk/src/onboarding.ts(226,22): error TS7006: Parameter 'value' implicitly has an 'any' type.
extensions/nextcloud-talk/src/onboarding.ts(266,24): error TS7006: Parameter 'value' implicitly has an 'any' type.
extensions/nextcloud-talk/src/onboarding.ts(279,24): error TS7006: Parameter 'value' implicitly has an 'any' type.
extensions/nextcloud-talk/src/onboarding.ts(287,22): error TS7006: Parameter 'value' implicitly has an 'any' type.
extensions/nextcloud-talk/src/onboarding.ts(341,13): error TS7006: Parameter 'cfg' implicitly has an 'any' type.
extensions/nextcloud-talk/src/policy.ts(6,8): error TS2307: Cannot find module 'openclaw/plugin-sdk' or its corresponding type declarations.
extensions/nextcloud-talk/src/policy.ts(13,8): error TS2307: Cannot find module 'openclaw/plugin-sdk' or its corresponding type declarations.
extensions/nextcloud-talk/src/room-info.ts(1,33): error TS2307: Cannot find module 'openclaw/plugin-sdk' or its corresponding type declarations.
extensions/nextcloud-talk/src/runtime.ts(1,36): error TS2307: Cannot find module 'openclaw/plugin-sdk' or its corresponding type declarations.
extensions/nextcloud-talk/src/types.ts(6,8): error TS2307: Cannot find module 'openclaw/plugin-sdk' or its corresponding type declarations.
extensions/nostr/index.ts(1,36): error TS2307: Cannot find module 'openclaw/plugin-sdk' or its corresponding type declarations.
extensions/nostr/index.ts(2,41): error TS2307: Cannot find module 'openclaw/plugin-sdk' or its corresponding type declarations.
extensions/nostr/src/channel.ts(8,8): error TS2307: Cannot find module 'openclaw/plugin-sdk' or its corresponding type declarations.
extensions/nostr/src/channel.ts(47,22): error TS7006: Parameter 'cfg' implicitly has an 'any' type.
extensions/nostr/src/channel.ts(48,22): error TS7006: Parameter 'cfg' implicitly has an 'any' type.
extensions/nostr/src/channel.ts(48,27): error TS7006: Parameter 'accountId' implicitly has an 'any' type.
extensions/nostr/src/channel.ts(49,24): error TS7006: Parameter 'cfg' implicitly has an 'any' type.
extensions/nostr/src/channel.ts(50,20): error TS7006: Parameter 'account' implicitly has an 'any' type.
extensions/nostr/src/channel.ts(51,23): error TS7006: Parameter 'account' implicitly has an 'any' type.
extensions/nostr/src/channel.ts(58,26): error TS7031: Binding element 'cfg' implicitly has an 'any' type.
extensions/nostr/src/channel.ts(58,31): error TS7031: Binding element 'accountId' implicitly has an 'any' type.
extensions/nostr/src/channel.ts(62,25): error TS7031: Binding element 'allowFrom' implicitly has an 'any' type.
extensions/nostr/src/channel.ts(64,15): error TS7006: Parameter 'entry' implicitly has an 'any' type.
extensions/nostr/src/channel.ts(66,15): error TS7006: Parameter 'entry' implicitly has an 'any' type.
extensions/nostr/src/channel.ts(81,27): error TS7006: Parameter 'entry' implicitly has an 'any' type.
extensions/nostr/src/channel.ts(88,30): error TS7031: Binding element 'id' implicitly has an 'any' type.
extensions/nostr/src/channel.ts(98,25): error TS7031: Binding element 'account' implicitly has an 'any' type.
extensions/nostr/src/channel.ts(105,26): error TS7006: Parameter 'raw' implicitly has an 'any' type.
extensions/nostr/src/channel.ts(117,23): error TS7006: Parameter 'target' implicitly has an 'any' type.
extensions/nostr/src/channel.ts(127,21): error TS7006: Parameter 'input' implicitly has an 'any' type.
extensions/nostr/src/channel.ts(138,24): error TS7031: Binding element 'to' implicitly has an 'any' type.
extensions/nostr/src/channel.ts(138,28): error TS7031: Binding element 'text' implicitly has an 'any' type.
extensions/nostr/src/channel.ts(138,34): error TS7031: Binding element 'accountId' implicitly has an 'any' type.
extensions/nostr/src/channel.ts(163,27): error TS7006: Parameter 'accounts' implicitly has an 'any' type.
extensions/nostr/src/channel.ts(164,29): error TS7031: Binding element 'snapshot' implicitly has an 'any' type.
extensions/nostr/src/channel.ts(172,30): error TS7031: Binding element 'account' implicitly has an 'any' type.
extensions/nostr/src/channel.ts(172,39): error TS7031: Binding element 'runtime' implicitly has an 'any' type.
extensions/nostr/src/channel.ts(189,26): error TS7006: Parameter 'ctx' implicitly has an 'any' type.
extensions/nostr/src/config-schema.ts(1,64): error TS2307: Cannot find module 'openclaw/plugin-sdk' or its corresponding type declarations.
extensions/nostr/src/nostr-profile-http.ts(11,63): error TS2307: Cannot find module 'openclaw/plugin-sdk' or its corresponding type declarations.
extensions/nostr/src/runtime.ts(1,36): error TS2307: Cannot find module 'openclaw/plugin-sdk' or its corresponding type declarations.
extensions/nostr/src/types.ts(1,33): error TS2307: Cannot find module 'openclaw/plugin-sdk' or its corresponding type declarations.
extensions/phone-control/index.ts(1,55): error TS2307: Cannot find module 'openclaw/plugin-sdk' or its corresponding type declarations.
extensions/phone-control/index.ts(291,19): error TS7006: Parameter 'ctx' implicitly has an 'any' type.
extensions/phone-control/index.ts(334,21): error TS7006: Parameter 'ctx' implicitly has an 'any' type.
extensions/qwen-portal-auth/index.ts(5,8): error TS2307: Cannot find module 'openclaw/plugin-sdk' or its corresponding type declarations.
extensions/signal/index.ts(1,36): error TS2307: Cannot find module 'openclaw/plugin-sdk' or its corresponding type declarations.
extensions/signal/index.ts(2,41): error TS2307: Cannot find module 'openclaw/plugin-sdk' or its corresponding type declarations.
extensions/signal/src/channel.ts(27,8): error TS2307: Cannot find module 'openclaw/plugin-sdk' or its corresponding type declarations.
extensions/signal/src/channel.ts(31,17): error TS7006: Parameter 'ctx' implicitly has an 'any' type.
extensions/signal/src/channel.ts(32,20): error TS7006: Parameter 'ctx' implicitly has an 'any' type.
extensions/signal/src/channel.ts(34,24): error TS7006: Parameter 'ctx' implicitly has an 'any' type.
extensions/signal/src/channel.ts(53,27): error TS7006: Parameter 'entry' implicitly has an 'any' type.
extensions/signal/src/channel.ts(54,30): error TS7031: Binding element 'id' implicitly has an 'any' type.
extensions/signal/src/channel.ts(70,22): error TS7006: Parameter 'cfg' implicitly has an 'any' type.
extensions/signal/src/channel.ts(71,22): error TS7006: Parameter 'cfg' implicitly has an 'any' type.
extensions/signal/src/channel.ts(71,27): error TS7006: Parameter 'accountId' implicitly has an 'any' type.
extensions/signal/src/channel.ts(72,24): error TS7006: Parameter 'cfg' implicitly has an 'any' type.
extensions/signal/src/channel.ts(73,27): error TS7031: Binding element 'cfg' implicitly has an 'any' type.
extensions/signal/src/channel.ts(73,32): error TS7031: Binding element 'accountId' implicitly has an 'any' type.
extensions/signal/src/channel.ts(73,43): error TS7031: Binding element 'enabled' implicitly has an 'any' type.
extensions/signal/src/channel.ts(81,23): error TS7031: Binding element 'cfg' implicitly has an 'any' type.
extensions/signal/src/channel.ts(81,28): error TS7031: Binding element 'accountId' implicitly has an 'any' type.
extensions/signal/src/channel.ts(88,20): error TS7006: Parameter 'account' implicitly has an 'any' type.
extensions/signal/src/channel.ts(89,23): error TS7006: Parameter 'account' implicitly has an 'any' type.
extensions/signal/src/channel.ts(96,26): error TS7031: Binding element 'cfg' implicitly has an 'any' type.
extensions/signal/src/channel.ts(96,31): error TS7031: Binding element 'accountId' implicitly has an 'any' type.
extensions/signal/src/channel.ts(97,78): error TS7006: Parameter 'entry' implicitly has an 'any' type.
extensions/signal/src/channel.ts(100,25): error TS7031: Binding element 'allowFrom' implicitly has an 'any' type.
extensions/signal/src/channel.ts(102,15): error TS7006: Parameter 'entry' implicitly has an 'any' type.
extensions/signal/src/channel.ts(104,15): error TS7006: Parameter 'entry' implicitly has an 'any' type.
extensions/signal/src/channel.ts(108,25): error TS7031: Binding element 'cfg' implicitly has an 'any' type.
extensions/signal/src/channel.ts(108,30): error TS7031: Binding element 'accountId' implicitly has an 'any' type.
extensions/signal/src/channel.ts(108,41): error TS7031: Binding element 'account' implicitly has an 'any' type.
extensions/signal/src/channel.ts(120,26): error TS7006: Parameter 'raw' implicitly has an 'any' type.
extensions/signal/src/channel.ts(123,25): error TS7031: Binding element 'account' implicitly has an 'any' type.
extensions/signal/src/channel.ts(123,34): error TS7031: Binding element 'cfg' implicitly has an 'any' type.
extensions/signal/src/channel.ts(142,26): error TS7031: Binding element 'accountId' implicitly has an 'any' type.
extensions/signal/src/channel.ts(143,26): error TS7031: Binding element 'cfg' implicitly has an 'any' type.
extensions/signal/src/channel.ts(143,31): error TS7031: Binding element 'accountId' implicitly has an 'any' type.
extensions/signal/src/channel.ts(143,42): error TS7031: Binding element 'name' implicitly has an 'any' type.
extensions/signal/src/channel.ts(150,23): error TS7031: Binding element 'input' implicitly has an 'any' type.
extensions/signal/src/channel.ts(162,28): error TS7031: Binding element 'cfg' implicitly has an 'any' type.
extensions/signal/src/channel.ts(162,33): error TS7031: Binding element 'accountId' implicitly has an 'any' type.
extensions/signal/src/channel.ts(162,44): error TS7031: Binding element 'input' implicitly has an 'any' type.
extensions/signal/src/channel.ts(219,15): error TS7006: Parameter 'text' implicitly has an 'any' type.
extensions/signal/src/channel.ts(219,21): error TS7006: Parameter 'limit' implicitly has an 'any' type.
extensions/signal/src/channel.ts(222,24): error TS7031: Binding element 'cfg' implicitly has an 'any' type.
extensions/signal/src/channel.ts(222,29): error TS7031: Binding element 'to' implicitly has an 'any' type.
extensions/signal/src/channel.ts(222,33): error TS7031: Binding element 'text' implicitly has an 'any' type.
extensions/signal/src/channel.ts(222,39): error TS7031: Binding element 'accountId' implicitly has an 'any' type.
extensions/signal/src/channel.ts(222,50): error TS7031: Binding element 'deps' implicitly has an 'any' type.
extensions/signal/src/channel.ts(226,35): error TS7031: Binding element 'cfg' implicitly has an 'any' type.
extensions/signal/src/channel.ts(226,40): error TS7031: Binding element 'accountId' implicitly has an 'any' type.
extensions/signal/src/channel.ts(237,25): error TS7031: Binding element 'cfg' implicitly has an 'any' type.
extensions/signal/src/channel.ts(237,30): error TS7031: Binding element 'to' implicitly has an 'any' type.
extensions/signal/src/channel.ts(237,34): error TS7031: Binding element 'text' implicitly has an 'any' type.
extensions/signal/src/channel.ts(237,40): error TS7031: Binding element 'mediaUrl' implicitly has an 'any' type.
extensions/signal/src/channel.ts(237,50): error TS7031: Binding element 'accountId' implicitly has an 'any' type.
extensions/signal/src/channel.ts(237,61): error TS7031: Binding element 'deps' implicitly has an 'any' type.
extensions/signal/src/channel.ts(241,35): error TS7031: Binding element 'cfg' implicitly has an 'any' type.
extensions/signal/src/channel.ts(241,40): error TS7031: Binding element 'accountId' implicitly has an 'any' type.
extensions/signal/src/channel.ts(256,27): error TS7006: Parameter 'accounts' implicitly has an 'any' type.
extensions/signal/src/channel.ts(257,29): error TS7031: Binding element 'snapshot' implicitly has an 'any' type.
extensions/signal/src/channel.ts(263,28): error TS7031: Binding element 'account' implicitly has an 'any' type.
extensions/signal/src/channel.ts(263,37): error TS7031: Binding element 'timeoutMs' implicitly has an 'any' type.
extensions/signal/src/channel.ts(267,30): error TS7031: Binding element 'account' implicitly has an 'any' type.
extensions/signal/src/channel.ts(267,39): error TS7031: Binding element 'runtime' implicitly has an 'any' type.
extensions/signal/src/channel.ts(267,48): error TS7031: Binding element 'probe' implicitly has an 'any' type.
extensions/signal/src/channel.ts(283,26): error TS7006: Parameter 'ctx' implicitly has an 'any' type.
extensions/signal/src/runtime.ts(1,36): error TS2307: Cannot find module 'openclaw/plugin-sdk' or its corresponding type declarations.
extensions/slack/index.ts(1,36): error TS2307: Cannot find module 'openclaw/plugin-sdk' or its corresponding type declarations.
extensions/slack/index.ts(2,41): error TS2307: Cannot find module 'openclaw/plugin-sdk' or its corresponding type declarations.
extensions/slack/src/channel.ts(31,8): error TS2307: Cannot find module 'openclaw/plugin-sdk' or its corresponding type declarations.
extensions/slack/src/channel.ts(61,27): error TS7006: Parameter 'entry' implicitly has an 'any' type.
extensions/slack/src/channel.ts(62,30): error TS7031: Binding element 'id' implicitly has an 'any' type.
extensions/slack/src/channel.ts(100,22): error TS7006: Parameter 'cfg' implicitly has an 'any' type.
extensions/slack/src/channel.ts(101,22): error TS7006: Parameter 'cfg' implicitly has an 'any' type.
extensions/slack/src/channel.ts(101,27): error TS7006: Parameter 'accountId' implicitly has an 'any' type.
extensions/slack/src/channel.ts(102,24): error TS7006: Parameter 'cfg' implicitly has an 'any' type.
extensions/slack/src/channel.ts(103,27): error TS7031: Binding element 'cfg' implicitly has an 'any' type.
extensions/slack/src/channel.ts(103,32): error TS7031: Binding element 'accountId' implicitly has an 'any' type.
extensions/slack/src/channel.ts(103,43): error TS7031: Binding element 'enabled' implicitly has an 'any' type.
extensions/slack/src/channel.ts(111,23): error TS7031: Binding element 'cfg' implicitly has an 'any' type.
extensions/slack/src/channel.ts(111,28): error TS7031: Binding element 'accountId' implicitly has an 'any' type.
extensions/slack/src/channel.ts(118,20): error TS7006: Parameter 'account' implicitly has an 'any' type.
extensions/slack/src/channel.ts(119,23): error TS7006: Parameter 'account' implicitly has an 'any' type.
extensions/slack/src/channel.ts(127,26): error TS7031: Binding element 'cfg' implicitly has an 'any' type.
extensions/slack/src/channel.ts(127,31): error TS7031: Binding element 'accountId' implicitly has an 'any' type.
extensions/slack/src/channel.ts(128,74): error TS7006: Parameter 'entry' implicitly has an 'any' type.
extensions/slack/src/channel.ts(129,25): error TS7031: Binding element 'allowFrom' implicitly has an 'any' type.
extensions/slack/src/channel.ts(131,15): error TS7006: Parameter 'entry' implicitly has an 'any' type.
extensions/slack/src/channel.ts(133,15): error TS7006: Parameter 'entry' implicitly has an 'any' type.
extensions/slack/src/channel.ts(136,25): error TS7031: Binding element 'cfg' implicitly has an 'any' type.
extensions/slack/src/channel.ts(136,30): error TS7031: Binding element 'accountId' implicitly has an 'any' type.
extensions/slack/src/channel.ts(136,41): error TS7031: Binding element 'account' implicitly has an 'any' type.
extensions/slack/src/channel.ts(147,26): error TS7006: Parameter 'raw' implicitly has an 'any' type.
extensions/slack/src/channel.ts(150,25): error TS7031: Binding element 'account' implicitly has an 'any' type.
extensions/slack/src/channel.ts(150,34): error TS7031: Binding element 'cfg' implicitly has an 'any' type.
extensions/slack/src/channel.ts(177,28): error TS7031: Binding element 'cfg' implicitly has an 'any' type.
extensions/slack/src/channel.ts(177,33): error TS7031: Binding element 'accountId' implicitly has an 'any' type.
extensions/slack/src/channel.ts(177,44): error TS7031: Binding element 'chatType' implicitly has an 'any' type.
extensions/slack/src/channel.ts(180,24): error TS7006: Parameter 'params' implicitly has an 'any' type.
extensions/slack/src/channel.ts(191,23): error TS7006: Parameter 'params' implicitly has an 'any' type.
extensions/slack/src/channel.ts(192,24): error TS7006: Parameter 'params' implicitly has an 'any' type.
extensions/slack/src/channel.ts(193,27): error TS7006: Parameter 'params' implicitly has an 'any' type.
extensions/slack/src/channel.ts(194,28): error TS7006: Parameter 'params' implicitly has an 'any' type.
extensions/slack/src/channel.ts(198,30): error TS7031: Binding element 'cfg' implicitly has an 'any' type.
extensions/slack/src/channel.ts(198,35): error TS7031: Binding element 'accountId' implicitly has an 'any' type.
extensions/slack/src/channel.ts(198,46): error TS7031: Binding element 'inputs' implicitly has an 'any' type.
extensions/slack/src/channel.ts(198,54): error TS7031: Binding element 'kind' implicitly has an 'any' type.
extensions/slack/src/channel.ts(202,28): error TS7006: Parameter 'input' implicitly has an 'any' type.
extensions/slack/src/channel.ts(213,30): error TS7006: Parameter 'entry' implicitly has an 'any' type.
extensions/slack/src/channel.ts(225,28): error TS7006: Parameter 'entry' implicitly has an 'any' type.
extensions/slack/src/channel.ts(235,21): error TS7031: Binding element 'cfg' implicitly has an 'any' type.
extensions/slack/src/channel.ts(236,25): error TS7031: Binding element 'args' implicitly has an 'any' type.
extensions/slack/src/channel.ts(237,28): error TS7031: Binding element 'action' implicitly has an 'any' type.
extensions/slack/src/channel.ts(237,36): error TS7031: Binding element 'params' implicitly has an 'any' type.
extensions/slack/src/channel.ts(237,44): error TS7031: Binding element 'cfg' implicitly has an 'any' type.
extensions/slack/src/channel.ts(237,49): error TS7031: Binding element 'accountId' implicitly has an 'any' type.
extensions/slack/src/channel.ts(237,60): error TS7031: Binding element 'toolContext' implicitly has an 'any' type.
extensions/slack/src/channel.ts(384,26): error TS7031: Binding element 'accountId' implicitly has an 'any' type.
extensions/slack/src/channel.ts(385,26): error TS7031: Binding element 'cfg' implicitly has an 'any' type.
extensions/slack/src/channel.ts(385,31): error TS7031: Binding element 'accountId' implicitly has an 'any' type.
extensions/slack/src/channel.ts(385,42): error TS7031: Binding element 'name' implicitly has an 'any' type.
extensions/slack/src/channel.ts(392,23): error TS7031: Binding element 'accountId' implicitly has an 'any' type.
extensions/slack/src/channel.ts(392,34): error TS7031: Binding element 'input' implicitly has an 'any' type.
extensions/slack/src/channel.ts(401,28): error TS7031: Binding element 'cfg' implicitly has an 'any' type.
extensions/slack/src/channel.ts(401,33): error TS7031: Binding element 'accountId' implicitly has an 'any' type.
extensions/slack/src/channel.ts(401,44): error TS7031: Binding element 'input' implicitly has an 'any' type.
extensions/slack/src/channel.ts(458,24): error TS7031: Binding element 'to' implicitly has an 'any' type.
extensions/slack/src/channel.ts(458,28): error TS7031: Binding element 'text' implicitly has an 'any' type.
extensions/slack/src/channel.ts(458,34): error TS7031: Binding element 'accountId' implicitly has an 'any' type.
extensions/slack/src/channel.ts(458,45): error TS7031: Binding element 'deps' implicitly has an 'any' type.
extensions/slack/src/channel.ts(458,51): error TS7031: Binding element 'replyToId' implicitly has an 'any' type.
extensions/slack/src/channel.ts(458,62): error TS7031: Binding element 'cfg' implicitly has an 'any' type.
extensions/slack/src/channel.ts(471,25): error TS7031: Binding element 'to' implicitly has an 'any' type.
extensions/slack/src/channel.ts(471,29): error TS7031: Binding element 'text' implicitly has an 'any' type.
extensions/slack/src/channel.ts(471,35): error TS7031: Binding element 'mediaUrl' implicitly has an 'any' type.
extensions/slack/src/channel.ts(471,45): error TS7031: Binding element 'accountId' implicitly has an 'any' type.
extensions/slack/src/channel.ts(471,56): error TS7031: Binding element 'deps' implicitly has an 'any' type.
extensions/slack/src/channel.ts(471,62): error TS7031: Binding element 'replyToId' implicitly has an 'any' type.
extensions/slack/src/channel.ts(471,73): error TS7031: Binding element 'cfg' implicitly has an 'any' type.
extensions/slack/src/channel.ts(494,29): error TS7031: Binding element 'snapshot' implicitly has an 'any' type.
extensions/slack/src/channel.ts(505,28): error TS7031: Binding element 'account' implicitly has an 'any' type.
extensions/slack/src/channel.ts(505,37): error TS7031: Binding element 'timeoutMs' implicitly has an 'any' type.
extensions/slack/src/channel.ts(512,30): error TS7031: Binding element 'account' implicitly has an 'any' type.
extensions/slack/src/channel.ts(512,39): error TS7031: Binding element 'runtime' implicitly has an 'any' type.
extensions/slack/src/channel.ts(512,48): error TS7031: Binding element 'probe' implicitly has an 'any' type.
extensions/slack/src/channel.ts(532,26): error TS7006: Parameter 'ctx' implicitly has an 'any' type.
extensions/slack/src/runtime.ts(1,36): error TS2307: Cannot find module 'openclaw/plugin-sdk' or its corresponding type declarations.
extensions/talk-voice/index.ts(1,36): error TS2307: Cannot find module 'openclaw/plugin-sdk' or its corresponding type declarations.
extensions/talk-voice/index.ts(81,21): error TS7006: Parameter 'ctx' implicitly has an 'any' type.
extensions/telegram/index.ts(1,51): error TS2307: Cannot find module 'openclaw/plugin-sdk' or its corresponding type declarations.
extensions/telegram/index.ts(2,41): error TS2307: Cannot find module 'openclaw/plugin-sdk' or its corresponding type declarations.
extensions/telegram/src/channel.ts(31,8): error TS2307: Cannot find module 'openclaw/plugin-sdk' or its corresponding type declarations.
extensions/telegram/src/channel.ts(37,17): error TS7006: Parameter 'ctx' implicitly has an 'any' type.
extensions/telegram/src/channel.ts(39,21): error TS7006: Parameter 'ctx' implicitly has an 'any' type.
extensions/telegram/src/channel.ts(41,24): error TS7006: Parameter 'ctx' implicitly has an 'any' type.
extensions/telegram/src/channel.ts(59,27): error TS7006: Parameter 'entry' implicitly has an 'any' type.
extensions/telegram/src/channel.ts(60,30): error TS7031: Binding element 'cfg' implicitly has an 'any' type.
extensions/telegram/src/channel.ts(60,35): error TS7031: Binding element 'id' implicitly has an 'any' type.
extensions/telegram/src/channel.ts(86,22): error TS7006: Parameter 'cfg' implicitly has an 'any' type.
extensions/telegram/src/channel.ts(87,22): error TS7006: Parameter 'cfg' implicitly has an 'any' type.
extensions/telegram/src/channel.ts(87,27): error TS7006: Parameter 'accountId' implicitly has an 'any' type.
extensions/telegram/src/channel.ts(88,24): error TS7006: Parameter 'cfg' implicitly has an 'any' type.
extensions/telegram/src/channel.ts(89,27): error TS7031: Binding element 'cfg' implicitly has an 'any' type.
extensions/telegram/src/channel.ts(89,32): error TS7031: Binding element 'accountId' implicitly has an 'any' type.
extensions/telegram/src/channel.ts(89,43): error TS7031: Binding element 'enabled' implicitly has an 'any' type.
extensions/telegram/src/channel.ts(97,23): error TS7031: Binding element 'cfg' implicitly has an 'any' type.
extensions/telegram/src/channel.ts(97,28): error TS7031: Binding element 'accountId' implicitly has an 'any' type.
extensions/telegram/src/channel.ts(104,20): error TS7006: Parameter 'account' implicitly has an 'any' type.
extensions/telegram/src/channel.ts(105,23): error TS7006: Parameter 'account' implicitly has an 'any' type.
extensions/telegram/src/channel.ts(112,26): error TS7031: Binding element 'cfg' implicitly has an 'any' type.
extensions/telegram/src/channel.ts(112,31): error TS7031: Binding element 'accountId' implicitly has an 'any' type.
extensions/telegram/src/channel.ts(113,80): error TS7006: Parameter 'entry' implicitly has an 'any' type.
extensions/telegram/src/channel.ts(116,25): error TS7031: Binding element 'allowFrom' implicitly has an 'any' type.
extensions/telegram/src/channel.ts(118,15): error TS7006: Parameter 'entry' implicitly has an 'any' type.
extensions/telegram/src/channel.ts(120,15): error TS7006: Parameter 'entry' implicitly has an 'any' type.
extensions/telegram/src/channel.ts(121,15): error TS7006: Parameter 'entry' implicitly has an 'any' type.
extensions/telegram/src/channel.ts(124,25): error TS7031: Binding element 'cfg' implicitly has an 'any' type.
extensions/telegram/src/channel.ts(124,30): error TS7031: Binding element 'accountId' implicitly has an 'any' type.
extensions/telegram/src/channel.ts(124,41): error TS7031: Binding element 'account' implicitly has an 'any' type.
extensions/telegram/src/channel.ts(136,26): error TS7006: Parameter 'raw' implicitly has an 'any' type.
extensions/telegram/src/channel.ts(139,25): error TS7031: Binding element 'account' implicitly has an 'any' type.
extensions/telegram/src/channel.ts(139,34): error TS7031: Binding element 'cfg' implicitly has an 'any' type.
extensions/telegram/src/channel.ts(162,28): error TS7031: Binding element 'cfg' implicitly has an 'any' type.
extensions/telegram/src/channel.ts(173,23): error TS7006: Parameter 'params' implicitly has an 'any' type.
extensions/telegram/src/channel.ts(174,24): error TS7006: Parameter 'params' implicitly has an 'any' type.
extensions/telegram/src/channel.ts(178,26): error TS7031: Binding element 'accountId' implicitly has an 'any' type.
extensions/telegram/src/channel.ts(179,26): error TS7031: Binding element 'cfg' implicitly has an 'any' type.
extensions/telegram/src/channel.ts(179,31): error TS7031: Binding element 'accountId' implicitly has an 'any' type.
extensions/telegram/src/channel.ts(179,42): error TS7031: Binding element 'name' implicitly has an 'any' type.
extensions/telegram/src/channel.ts(186,23): error TS7031: Binding element 'accountId' implicitly has an 'any' type.
extensions/telegram/src/channel.ts(186,34): error TS7031: Binding element 'input' implicitly has an 'any' type.
extensions/telegram/src/channel.ts(195,28): error TS7031: Binding element 'cfg' implicitly has an 'any' type.
extensions/telegram/src/channel.ts(195,33): error TS7031: Binding element 'accountId' implicitly has an 'any' type.
extensions/telegram/src/channel.ts(195,44): error TS7031: Binding element 'input' implicitly has an 'any' type.
extensions/telegram/src/channel.ts(254,15): error TS7006: Parameter 'text' implicitly has an 'any' type.
extensions/telegram/src/channel.ts(254,21): error TS7006: Parameter 'limit' implicitly has an 'any' type.
extensions/telegram/src/channel.ts(258,24): error TS7031: Binding element 'to' implicitly has an 'any' type.
extensions/telegram/src/channel.ts(258,28): error TS7031: Binding element 'text' implicitly has an 'any' type.
extensions/telegram/src/channel.ts(258,34): error TS7031: Binding element 'accountId' implicitly has an 'any' type.
extensions/telegram/src/channel.ts(258,45): error TS7031: Binding element 'deps' implicitly has an 'any' type.
extensions/telegram/src/channel.ts(258,51): error TS7031: Binding element 'replyToId' implicitly has an 'any' type.
extensions/telegram/src/channel.ts(258,62): error TS7031: Binding element 'threadId' implicitly has an 'any' type.
extensions/telegram/src/channel.ts(258,72): error TS7031: Binding element 'silent' implicitly has an 'any' type.
extensions/telegram/src/channel.ts(271,25): error TS7031: Binding element 'to' implicitly has an 'any' type.
extensions/telegram/src/channel.ts(271,29): error TS7031: Binding element 'text' implicitly has an 'any' type.
extensions/telegram/src/channel.ts(271,35): error TS7031: Binding element 'mediaUrl' implicitly has an 'any' type.
extensions/telegram/src/channel.ts(271,45): error TS7031: Binding element 'accountId' implicitly has an 'any' type.
extensions/telegram/src/channel.ts(271,56): error TS7031: Binding element 'deps' implicitly has an 'any' type.
extensions/telegram/src/channel.ts(271,62): error TS7031: Binding element 'replyToId' implicitly has an 'any' type.
extensions/telegram/src/channel.ts(271,73): error TS7031: Binding element 'threadId' implicitly has an 'any' type.
extensions/telegram/src/channel.ts(271,83): error TS7031: Binding element 'silent' implicitly has an 'any' type.
extensions/telegram/src/channel.ts(285,24): error TS7031: Binding element 'to' implicitly has an 'any' type.
extensions/telegram/src/channel.ts(285,28): error TS7031: Binding element 'poll' implicitly has an 'any' type.
extensions/telegram/src/channel.ts(285,34): error TS7031: Binding element 'accountId' implicitly has an 'any' type.
extensions/telegram/src/channel.ts(285,45): error TS7031: Binding element 'threadId' implicitly has an 'any' type.
extensions/telegram/src/channel.ts(285,55): error TS7031: Binding element 'silent' implicitly has an 'any' type.
extensions/telegram/src/channel.ts(285,63): error TS7031: Binding element 'isAnonymous' implicitly has an 'any' type.
extensions/telegram/src/channel.ts(302,29): error TS7031: Binding element 'snapshot' implicitly has an 'any' type.
extensions/telegram/src/channel.ts(313,28): error TS7031: Binding element 'account' implicitly has an 'any' type.
extensions/telegram/src/channel.ts(313,37): error TS7031: Binding element 'timeoutMs' implicitly has an 'any' type.
extensions/telegram/src/channel.ts(319,28): error TS7031: Binding element 'account' implicitly has an 'any' type.
extensions/telegram/src/channel.ts(319,37): error TS7031: Binding element 'timeoutMs' implicitly has an 'any' type.
extensions/telegram/src/channel.ts(319,48): error TS7031: Binding element 'probe' implicitly has an 'any' type.
extensions/telegram/src/channel.ts(319,55): error TS7031: Binding element 'cfg' implicitly has an 'any' type.
extensions/telegram/src/channel.ts(348,30): error TS7031: Binding element 'account' implicitly has an 'any' type.
extensions/telegram/src/channel.ts(348,39): error TS7031: Binding element 'cfg' implicitly has an 'any' type.
extensions/telegram/src/channel.ts(348,44): error TS7031: Binding element 'runtime' implicitly has an 'any' type.
extensions/telegram/src/channel.ts(348,53): error TS7031: Binding element 'probe' implicitly has an 'any' type.
extensions/telegram/src/channel.ts(348,60): error TS7031: Binding element 'audit' implicitly has an 'any' type.
extensions/telegram/src/channel.ts(356,51): error TS2339: Property 'requireMention' does not exist on type '{}'.
extensions/telegram/src/channel.ts(378,26): error TS7006: Parameter 'ctx' implicitly has an 'any' type.
extensions/telegram/src/channel.ts(411,29): error TS7031: Binding element 'accountId' implicitly has an 'any' type.
extensions/telegram/src/channel.ts(411,40): error TS7031: Binding element 'cfg' implicitly has an 'any' type.
extensions/telegram/src/runtime.ts(1,36): error TS2307: Cannot find module 'openclaw/plugin-sdk' or its corresponding type declarations.
extensions/thread-ownership/index.ts(1,48): error TS2307: Cannot find module 'openclaw/plugin-sdk' or its corresponding type declarations.
extensions/thread-ownership/index.ts(26,34): error TS7006: Parameter 'entry' implicitly has an 'any' type.
extensions/thread-ownership/index.ts(30,31): error TS7006: Parameter 'entry' implicitly has an 'any' type.
extensions/thread-ownership/index.ts(63,37): error TS7006: Parameter 'event' implicitly has an 'any' type.
extensions/thread-ownership/index.ts(63,44): error TS7006: Parameter 'ctx' implicitly has an 'any' type.
extensions/thread-ownership/index.ts(87,36): error TS7006: Parameter 'event' implicitly has an 'any' type.
extensions/thread-ownership/index.ts(87,43): error TS7006: Parameter 'ctx' implicitly has an 'any' type.
extensions/tlon/index.ts(1,36): error TS2307: Cannot find module 'openclaw/plugin-sdk' or its corresponding type declarations.
extensions/tlon/index.ts(2,41): error TS2307: Cannot find module 'openclaw/plugin-sdk' or its corresponding type declarations.
extensions/tlon/src/channel.ts(7,8): error TS2307: Cannot find module 'openclaw/plugin-sdk' or its corresponding type declarations.
extensions/tlon/src/channel.ts(12,8): error TS2307: Cannot find module 'openclaw/plugin-sdk' or its corresponding type declarations.
extensions/tlon/src/channel.ts(103,21): error TS7031: Binding element 'to' implicitly has an 'any' type.
extensions/tlon/src/channel.ts(116,22): error TS7031: Binding element 'cfg' implicitly has an 'any' type.
extensions/tlon/src/channel.ts(116,27): error TS7031: Binding element 'to' implicitly has an 'any' type.
extensions/tlon/src/channel.ts(116,31): error TS7031: Binding element 'text' implicitly has an 'any' type.
extensions/tlon/src/channel.ts(116,37): error TS7031: Binding element 'accountId' implicitly has an 'any' type.
extensions/tlon/src/channel.ts(116,48): error TS7031: Binding element 'replyToId' implicitly has an 'any' type.
extensions/tlon/src/channel.ts(116,59): error TS7031: Binding element 'threadId' implicitly has an 'any' type.
extensions/tlon/src/channel.ts(157,23): error TS7031: Binding element 'cfg' implicitly has an 'any' type.
extensions/tlon/src/channel.ts(157,28): error TS7031: Binding element 'to' implicitly has an 'any' type.
extensions/tlon/src/channel.ts(157,32): error TS7031: Binding element 'text' implicitly has an 'any' type.
extensions/tlon/src/channel.ts(157,38): error TS7031: Binding element 'mediaUrl' implicitly has an 'any' type.
extensions/tlon/src/channel.ts(157,48): error TS7031: Binding element 'accountId' implicitly has an 'any' type.
extensions/tlon/src/channel.ts(157,59): error TS7031: Binding element 'replyToId' implicitly has an 'any' type.
extensions/tlon/src/channel.ts(157,70): error TS7031: Binding element 'threadId' implicitly has an 'any' type.
extensions/tlon/src/channel.ts(192,22): error TS7006: Parameter 'cfg' implicitly has an 'any' type.
extensions/tlon/src/channel.ts(193,22): error TS7006: Parameter 'cfg' implicitly has an 'any' type.
extensions/tlon/src/channel.ts(193,27): error TS7006: Parameter 'accountId' implicitly has an 'any' type.
extensions/tlon/src/channel.ts(195,27): error TS7031: Binding element 'cfg' implicitly has an 'any' type.
extensions/tlon/src/channel.ts(195,32): error TS7031: Binding element 'accountId' implicitly has an 'any' type.
extensions/tlon/src/channel.ts(195,43): error TS7031: Binding element 'enabled' implicitly has an 'any' type.
extensions/tlon/src/channel.ts(226,23): error TS7031: Binding element 'cfg' implicitly has an 'any' type.
extensions/tlon/src/channel.ts(226,28): error TS7031: Binding element 'accountId' implicitly has an 'any' type.
extensions/tlon/src/channel.ts(256,20): error TS7006: Parameter 'account' implicitly has an 'any' type.
extensions/tlon/src/channel.ts(257,23): error TS7006: Parameter 'account' implicitly has an 'any' type.
extensions/tlon/src/channel.ts(267,26): error TS7031: Binding element 'accountId' implicitly has an 'any' type.
extensions/tlon/src/channel.ts(268,26): error TS7031: Binding element 'cfg' implicitly has an 'any' type.
extensions/tlon/src/channel.ts(268,31): error TS7031: Binding element 'accountId' implicitly has an 'any' type.
extensions/tlon/src/channel.ts(268,42): error TS7031: Binding element 'name' implicitly has an 'any' type.
extensions/tlon/src/channel.ts(275,23): error TS7031: Binding element 'cfg' implicitly has an 'any' type.
extensions/tlon/src/channel.ts(275,28): error TS7031: Binding element 'accountId' implicitly has an 'any' type.
extensions/tlon/src/channel.ts(275,39): error TS7031: Binding element 'input' implicitly has an 'any' type.
extensions/tlon/src/channel.ts(292,28): error TS7031: Binding element 'cfg' implicitly has an 'any' type.
extensions/tlon/src/channel.ts(292,33): error TS7031: Binding element 'accountId' implicitly has an 'any' type.
extensions/tlon/src/channel.ts(292,44): error TS7031: Binding element 'input' implicitly has an 'any' type.
extensions/tlon/src/channel.ts(300,23): error TS7006: Parameter 'target' implicitly has an 'any' type.
extensions/tlon/src/channel.ts(311,21): error TS7006: Parameter 'target' implicitly has an 'any' type.
extensions/tlon/src/channel.ts(324,27): error TS7006: Parameter 'accounts' implicitly has an 'any' type.
extensions/tlon/src/channel.ts(325,32): error TS7006: Parameter 'account' implicitly has an 'any' type.
extensions/tlon/src/channel.ts(339,29): error TS7031: Binding element 'snapshot' implicitly has an 'any' type.
extensions/tlon/src/channel.ts(344,28): error TS7031: Binding element 'account' implicitly has an 'any' type.
extensions/tlon/src/channel.ts(365,30): error TS7031: Binding element 'account' implicitly has an 'any' type.
extensions/tlon/src/channel.ts(365,39): error TS7031: Binding element 'runtime' implicitly has an 'any' type.
extensions/tlon/src/channel.ts(365,48): error TS7031: Binding element 'probe' implicitly has an 'any' type.
extensions/tlon/src/channel.ts(380,26): error TS7006: Parameter 'ctx' implicitly has an 'any' type.
extensions/tlon/src/config-schema.ts(1,42): error TS2307: Cannot find module 'openclaw/plugin-sdk' or its corresponding type declarations.
extensions/tlon/src/monitor/discovery.ts(1,33): error TS2307: Cannot find module 'openclaw/plugin-sdk' or its corresponding type declarations.
extensions/tlon/src/monitor/history.ts(1,33): error TS2307: Cannot find module 'openclaw/plugin-sdk' or its corresponding type declarations.
extensions/tlon/src/monitor/index.ts(1,59): error TS2307: Cannot find module 'openclaw/plugin-sdk' or its corresponding type declarations.
extensions/tlon/src/monitor/index.ts(3,42): error TS2307: Cannot find module 'openclaw/plugin-sdk' or its corresponding type declarations.
extensions/tlon/src/monitor/index.ts(93,11): error TS7019: Rest parameter 'args' implicitly has an 'any[]' type.
extensions/tlon/src/monitor/index.ts(96,13): error TS7019: Rest parameter 'args' implicitly has an 'any[]' type.
extensions/tlon/src/monitor/index.ts(450,19): error TS7006: Parameter 'err' implicitly has an 'any' type.
extensions/tlon/src/monitor/index.ts(450,24): error TS7006: Parameter 'info' implicitly has an 'any' type.
extensions/tlon/src/onboarding.ts(1,33): error TS2307: Cannot find module 'openclaw/plugin-sdk' or its corresponding type declarations.
extensions/tlon/src/onboarding.ts(9,8): error TS2307: Cannot find module 'openclaw/plugin-sdk' or its corresponding type declarations.
extensions/tlon/src/onboarding.ts(118,23): error TS7031: Binding element 'cfg' implicitly has an 'any' type.
extensions/tlon/src/onboarding.ts(133,23): error TS7031: Binding element 'cfg' implicitly has an 'any' type.
extensions/tlon/src/onboarding.ts(133,28): error TS7031: Binding element 'prompter' implicitly has an 'any' type.
extensions/tlon/src/onboarding.ts(133,38): error TS7031: Binding element 'accountOverrides' implicitly has an 'any' type.
extensions/tlon/src/onboarding.ts(133,56): error TS7031: Binding element 'shouldPromptAccountIds' implicitly has an 'any' type.
extensions/tlon/src/onboarding.ts(156,18): error TS7006: Parameter 'value' implicitly has an 'any' type.
extensions/tlon/src/onboarding.ts(163,18): error TS7006: Parameter 'value' implicitly has an 'any' type.
extensions/tlon/src/onboarding.ts(193,18): error TS7006: Parameter 'value' implicitly has an 'any' type.
extensions/tlon/src/runtime.ts(1,36): error TS2307: Cannot find module 'openclaw/plugin-sdk' or its corresponding type declarations.
extensions/tlon/src/types.ts(1,33): error TS2307: Cannot find module 'openclaw/plugin-sdk' or its corresponding type declarations.
extensions/tlon/src/urbit/auth.ts(1,43): error TS2307: Cannot find module 'openclaw/plugin-sdk' or its corresponding type declarations.
extensions/tlon/src/urbit/base-url.ts(1,55): error TS2307: Cannot find module 'openclaw/plugin-sdk' or its corresponding type declarations.
extensions/tlon/src/urbit/channel-client.ts(1,43): error TS2307: Cannot find module 'openclaw/plugin-sdk' or its corresponding type declarations.
extensions/tlon/src/urbit/channel-ops.ts(1,43): error TS2307: Cannot find module 'openclaw/plugin-sdk' or its corresponding type declarations.
extensions/tlon/src/urbit/context.ts(1,33): error TS2307: Cannot find module 'openclaw/plugin-sdk' or its corresponding type declarations.
extensions/tlon/src/urbit/fetch.ts(1,43): error TS2307: Cannot find module 'openclaw/plugin-sdk' or its corresponding type declarations.
extensions/tlon/src/urbit/fetch.ts(2,36): error TS2307: Cannot find module 'openclaw/plugin-sdk' or its corresponding type declarations.
extensions/tlon/src/urbit/sse-client.ts(1,43): error TS2307: Cannot find module 'openclaw/plugin-sdk' or its corresponding type declarations.
extensions/twitch/index.ts(1,36): error TS2307: Cannot find module 'openclaw/plugin-sdk' or its corresponding type declarations.
extensions/twitch/index.ts(2,41): error TS2307: Cannot find module 'openclaw/plugin-sdk' or its corresponding type declarations.
extensions/twitch/src/config-schema.ts(1,38): error TS2307: Cannot find module 'openclaw/plugin-sdk' or its corresponding type declarations.
extensions/twitch/src/config.ts(1,33): error TS2307: Cannot find module 'openclaw/plugin-sdk' or its corresponding type declarations.
extensions/twitch/src/monitor.ts(8,47): error TS2307: Cannot find module 'openclaw/plugin-sdk' or its corresponding type declarations.
extensions/twitch/src/monitor.ts(9,42): error TS2307: Cannot find module 'openclaw/plugin-sdk' or its corresponding type declarations.
extensions/twitch/src/monitor.ts(98,21): error TS7006: Parameter 'err' implicitly has an 'any' type.
extensions/twitch/src/monitor.ts(120,23): error TS7006: Parameter 'payload' implicitly has an 'any' type.
extensions/twitch/src/onboarding.ts(5,33): error TS2307: Cannot find module 'openclaw/plugin-sdk' or its corresponding type declarations.
extensions/twitch/src/onboarding.ts(12,8): error TS2307: Cannot find module 'openclaw/plugin-sdk' or its corresponding type declarations.
extensions/twitch/src/onboarding.ts(106,18): error TS7006: Parameter 'value' implicitly has an 'any' type.
extensions/twitch/src/onboarding.ts(131,18): error TS7006: Parameter 'value' implicitly has an 'any' type.
extensions/twitch/src/onboarding.ts(147,18): error TS7006: Parameter 'value' implicitly has an 'any' type.
extensions/twitch/src/onboarding.ts(163,18): error TS7006: Parameter 'value' implicitly has an 'any' type.
extensions/twitch/src/onboarding.ts(190,20): error TS7006: Parameter 'value' implicitly has an 'any' type.
extensions/twitch/src/onboarding.ts(199,20): error TS7006: Parameter 'value' implicitly has an 'any' type.
extensions/twitch/src/onboarding.ts(267,16): error TS7006: Parameter 'cfg' implicitly has an 'any' type.
extensions/twitch/src/onboarding.ts(278,15): error TS7006: Parameter 'cfg' implicitly has an 'any' type.
extensions/twitch/src/onboarding.ts(278,20): error TS7006: Parameter 'policy' implicitly has an 'any' type.
extensions/twitch/src/onboarding.ts(283,29): error TS7031: Binding element 'cfg' implicitly has an 'any' type.
extensions/twitch/src/onboarding.ts(283,34): error TS7031: Binding element 'prompter' implicitly has an 'any' type.
extensions/twitch/src/onboarding.ts(307,23): error TS7031: Binding element 'cfg' implicitly has an 'any' type.
extensions/twitch/src/onboarding.ts(318,23): error TS7031: Binding element 'cfg' implicitly has an 'any' type.
extensions/twitch/src/onboarding.ts(318,28): error TS7031: Binding element 'prompter' implicitly has an 'any' type.
extensions/twitch/src/onboarding.ts(318,38): error TS7031: Binding element 'forceAllowFrom' implicitly has an 'any' type.
extensions/twitch/src/onboarding.ts(395,13): error TS7006: Parameter 'cfg' implicitly has an 'any' type.
extensions/twitch/src/plugin.ts(8,33): error TS2307: Cannot find module 'openclaw/plugin-sdk' or its corresponding type declarations.
extensions/twitch/src/plugin.ts(9,42): error TS2307: Cannot find module 'openclaw/plugin-sdk' or its corresponding type declarations.
extensions/twitch/src/probe.ts(1,38): error TS2307: Cannot find module 'openclaw/plugin-sdk' or its corresponding type declarations.
extensions/twitch/src/runtime.ts(1,36): error TS2307: Cannot find module 'openclaw/plugin-sdk' or its corresponding type declarations.
extensions/twitch/src/send.ts(8,33): error TS2307: Cannot find module 'openclaw/plugin-sdk' or its corresponding type declarations.
extensions/twitch/src/status.ts(7,41): error TS2307: Cannot find module 'openclaw/plugin-sdk' or its corresponding type declarations.
extensions/twitch/src/twitch-client.ts(1,33): error TS2307: Cannot find module 'openclaw/plugin-sdk' or its corresponding type declarations.
extensions/voice-call/index.ts(1,66): error TS2307: Cannot find module 'openclaw/plugin-sdk' or its corresponding type declarations.
extensions/voice-call/index.ts(352,21): error TS7006: Parameter '_toolCallId' implicitly has an 'any' type.
extensions/voice-call/index.ts(352,34): error TS7006: Parameter 'params' implicitly has an 'any' type.
extensions/voice-call/index.ts(470,10): error TS7031: Binding element 'program' implicitly has an 'any' type.
extensions/voice-call/src/cli.ts(5,23): error TS2307: Cannot find module 'openclaw/plugin-sdk' or its corresponding type declarations.
extensions/voice-call/src/config.ts(6,8): error TS2307: Cannot find module 'openclaw/plugin-sdk' or its corresponding type declarations.
extensions/voice-call/src/webhook.ts(8,8): error TS2307: Cannot find module 'openclaw/plugin-sdk' or its corresponding type declarations.
extensions/whatsapp/index.ts(1,36): error TS2307: Cannot find module 'openclaw/plugin-sdk' or its corresponding type declarations.
extensions/whatsapp/index.ts(2,41): error TS2307: Cannot find module 'openclaw/plugin-sdk' or its corresponding type declarations.
extensions/whatsapp/src/channel.ts(31,8): error TS2307: Cannot find module 'openclaw/plugin-sdk' or its corresponding type declarations.
extensions/whatsapp/src/channel.ts(60,22): error TS7006: Parameter 'cfg' implicitly has an 'any' type.
extensions/whatsapp/src/channel.ts(61,22): error TS7006: Parameter 'cfg' implicitly has an 'any' type.
extensions/whatsapp/src/channel.ts(61,27): error TS7006: Parameter 'accountId' implicitly has an 'any' type.
extensions/whatsapp/src/channel.ts(62,24): error TS7006: Parameter 'cfg' implicitly has an 'any' type.
extensions/whatsapp/src/channel.ts(63,27): error TS7031: Binding element 'cfg' implicitly has an 'any' type.
extensions/whatsapp/src/channel.ts(63,32): error TS7031: Binding element 'accountId' implicitly has an 'any' type.
extensions/whatsapp/src/channel.ts(63,43): error TS7031: Binding element 'enabled' implicitly has an 'any' type.
extensions/whatsapp/src/channel.ts(84,23): error TS7031: Binding element 'cfg' implicitly has an 'any' type.
extensions/whatsapp/src/channel.ts(84,28): error TS7031: Binding element 'accountId' implicitly has an 'any' type.
extensions/whatsapp/src/channel.ts(99,17): error TS7006: Parameter 'account' implicitly has an 'any' type.
extensions/whatsapp/src/channel.ts(99,26): error TS7006: Parameter 'cfg' implicitly has an 'any' type.
extensions/whatsapp/src/channel.ts(101,26): error TS7006: Parameter 'account' implicitly has an 'any' type.
extensions/whatsapp/src/channel.ts(104,23): error TS7006: Parameter 'account' implicitly has an 'any' type.
extensions/whatsapp/src/channel.ts(113,26): error TS7031: Binding element 'cfg' implicitly has an 'any' type.
extensions/whatsapp/src/channel.ts(113,31): error TS7031: Binding element 'accountId' implicitly has an 'any' type.
extensions/whatsapp/src/channel.ts(115,25): error TS7031: Binding element 'allowFrom' implicitly has an 'any' type.
extensions/whatsapp/src/channel.ts(117,15): error TS7006: Parameter 'entry' implicitly has an 'any' type.
extensions/whatsapp/src/channel.ts(118,18): error TS7006: Parameter 'entry' implicitly has an 'any' type.
extensions/whatsapp/src/channel.ts(119,15): error TS7006: Parameter 'entry' implicitly has an 'any' type.
extensions/whatsapp/src/channel.ts(120,18): error TS7006: Parameter 'entry' implicitly has an 'any' type.
extensions/whatsapp/src/channel.ts(123,25): error TS7031: Binding element 'cfg' implicitly has an 'any' type.
extensions/whatsapp/src/channel.ts(123,30): error TS7031: Binding element 'accountId' implicitly has an 'any' type.
extensions/whatsapp/src/channel.ts(123,41): error TS7031: Binding element 'account' implicitly has an 'any' type.
extensions/whatsapp/src/channel.ts(135,26): error TS7006: Parameter 'raw' implicitly has an 'any' type.
extensions/whatsapp/src/channel.ts(138,25): error TS7031: Binding element 'account' implicitly has an 'any' type.
extensions/whatsapp/src/channel.ts(138,34): error TS7031: Binding element 'cfg' implicitly has an 'any' type.
extensions/whatsapp/src/channel.ts(157,26): error TS7031: Binding element 'accountId' implicitly has an 'any' type.
extensions/whatsapp/src/channel.ts(158,26): error TS7031: Binding element 'cfg' implicitly has an 'any' type.
extensions/whatsapp/src/channel.ts(158,31): error TS7031: Binding element 'accountId' implicitly has an 'any' type.
extensions/whatsapp/src/channel.ts(158,42): error TS7031: Binding element 'name' implicitly has an 'any' type.
extensions/whatsapp/src/channel.ts(166,28): error TS7031: Binding element 'cfg' implicitly has an 'any' type.
extensions/whatsapp/src/channel.ts(166,33): error TS7031: Binding element 'accountId' implicitly has an 'any' type.
extensions/whatsapp/src/channel.ts(166,44): error TS7031: Binding element 'input' implicitly has an 'any' type.
extensions/whatsapp/src/channel.ts(206,23): error TS7031: Binding element 'ctx' implicitly has an 'any' type.
extensions/whatsapp/src/channel.ts(227,20): error TS7031: Binding element 'cfg' implicitly has an 'any' type.
extensions/whatsapp/src/channel.ts(227,25): error TS7031: Binding element 'accountId' implicitly has an 'any' type.
extensions/whatsapp/src/channel.ts(241,23): error TS7006: Parameter 'params' implicitly has an 'any' type.
extensions/whatsapp/src/channel.ts(242,24): error TS7006: Parameter 'params' implicitly has an 'any' type.
extensions/whatsapp/src/channel.ts(245,21): error TS7031: Binding element 'cfg' implicitly has an 'any' type.
extensions/whatsapp/src/channel.ts(259,24): error TS7031: Binding element 'action' implicitly has an 'any' type.
extensions/whatsapp/src/channel.ts(260,28): error TS7031: Binding element 'action' implicitly has an 'any' type.
extensions/whatsapp/src/channel.ts(260,36): error TS7031: Binding element 'params' implicitly has an 'any' type.
extensions/whatsapp/src/channel.ts(260,44): error TS7031: Binding element 'cfg' implicitly has an 'any' type.
extensions/whatsapp/src/channel.ts(260,49): error TS7031: Binding element 'accountId' implicitly has an 'any' type.
extensions/whatsapp/src/channel.ts(287,15): error TS7006: Parameter 'text' implicitly has an 'any' type.
extensions/whatsapp/src/channel.ts(287,21): error TS7006: Parameter 'limit' implicitly has an 'any' type.
extensions/whatsapp/src/channel.ts(291,23): error TS7031: Binding element 'to' implicitly has an 'any' type.
extensions/whatsapp/src/channel.ts(291,27): error TS7031: Binding element 'allowFrom' implicitly has an 'any' type.
extensions/whatsapp/src/channel.ts(291,38): error TS7031: Binding element 'mode' implicitly has an 'any' type.
extensions/whatsapp/src/channel.ts(293,24): error TS7031: Binding element 'to' implicitly has an 'any' type.
extensions/whatsapp/src/channel.ts(293,28): error TS7031: Binding element 'text' implicitly has an 'any' type.
extensions/whatsapp/src/channel.ts(293,34): error TS7031: Binding element 'accountId' implicitly has an 'any' type.
extensions/whatsapp/src/channel.ts(293,45): error TS7031: Binding element 'deps' implicitly has an 'any' type.
extensions/whatsapp/src/channel.ts(293,51): error TS7031: Binding element 'gifPlayback' implicitly has an 'any' type.
extensions/whatsapp/src/channel.ts(302,25): error TS7031: Binding element 'to' implicitly has an 'any' type.
extensions/whatsapp/src/channel.ts(302,29): error TS7031: Binding element 'text' implicitly has an 'any' type.
extensions/whatsapp/src/channel.ts(302,35): error TS7031: Binding element 'mediaUrl' implicitly has an 'any' type.
extensions/whatsapp/src/channel.ts(302,45): error TS7031: Binding element 'accountId' implicitly has an 'any' type.
extensions/whatsapp/src/channel.ts(302,56): error TS7031: Binding element 'deps' implicitly has an 'any' type.
extensions/whatsapp/src/channel.ts(302,62): error TS7031: Binding element 'gifPlayback' implicitly has an 'any' type.
extensions/whatsapp/src/channel.ts(312,24): error TS7031: Binding element 'to' implicitly has an 'any' type.
extensions/whatsapp/src/channel.ts(312,28): error TS7031: Binding element 'poll' implicitly has an 'any' type.
extensions/whatsapp/src/channel.ts(312,34): error TS7031: Binding element 'accountId' implicitly has an 'any' type.
extensions/whatsapp/src/channel.ts(319,21): error TS7031: Binding element 'cfg' implicitly has an 'any' type.
extensions/whatsapp/src/channel.ts(319,26): error TS7031: Binding element 'accountId' implicitly has an 'any' type.
extensions/whatsapp/src/channel.ts(319,37): error TS7031: Binding element 'runtime' implicitly has an 'any' type.
extensions/whatsapp/src/channel.ts(319,46): error TS7031: Binding element 'verbose' implicitly has an 'any' type.
extensions/whatsapp/src/channel.ts(330,26): error TS7031: Binding element 'cfg' implicitly has an 'any' type.
extensions/whatsapp/src/channel.ts(330,31): error TS7031: Binding element 'accountId' implicitly has an 'any' type.
extensions/whatsapp/src/channel.ts(330,42): error TS7031: Binding element 'deps' implicitly has an 'any' type.
extensions/whatsapp/src/channel.ts(349,27): error TS7031: Binding element 'cfg' implicitly has an 'any' type.
extensions/whatsapp/src/channel.ts(349,32): error TS7031: Binding element 'opts' implicitly has an 'any' type.
extensions/whatsapp/src/channel.ts(364,35): error TS7031: Binding element 'account' implicitly has an 'any' type.
extensions/whatsapp/src/channel.ts(364,44): error TS7031: Binding element 'snapshot' implicitly has an 'any' type.
extensions/whatsapp/src/channel.ts(393,36): error TS7031: Binding element 'account' implicitly has an 'any' type.
extensions/whatsapp/src/channel.ts(393,45): error TS7031: Binding element 'runtime' implicitly has an 'any' type.
extensions/whatsapp/src/channel.ts(413,29): error TS7031: Binding element 'configured' implicitly has an 'any' type.
extensions/whatsapp/src/channel.ts(414,19): error TS7031: Binding element 'account' implicitly has an 'any' type.
extensions/whatsapp/src/channel.ts(414,28): error TS7031: Binding element 'runtime' implicitly has an 'any' type.
extensions/whatsapp/src/channel.ts(414,37): error TS7031: Binding element 'includeChannelPrefix' implicitly has an 'any' type.
extensions/whatsapp/src/channel.ts(423,26): error TS7006: Parameter 'ctx' implicitly has an 'any' type.
extensions/whatsapp/src/channel.ts(436,24): error TS7006: Parameter 'next' implicitly has an 'any' type.
extensions/whatsapp/src/channel.ts(441,32): error TS7031: Binding element 'accountId' implicitly has an 'any' type.
extensions/whatsapp/src/channel.ts(441,43): error TS7031: Binding element 'force' implicitly has an 'any' type.
extensions/whatsapp/src/channel.ts(441,50): error TS7031: Binding element 'timeoutMs' implicitly has an 'any' type.
extensions/whatsapp/src/channel.ts(441,61): error TS7031: Binding element 'verbose' implicitly has an 'any' type.
extensions/whatsapp/src/channel.ts(448,31): error TS7031: Binding element 'accountId' implicitly has an 'any' type.
extensions/whatsapp/src/channel.ts(448,42): error TS7031: Binding element 'timeoutMs' implicitly has an 'any' type.
extensions/whatsapp/src/channel.ts(450,29): error TS7031: Binding element 'account' implicitly has an 'any' type.
extensions/whatsapp/src/channel.ts(450,38): error TS7031: Binding element 'runtime' implicitly has an 'any' type.
extensions/whatsapp/src/runtime.ts(1,36): error TS2307: Cannot find module 'openclaw/plugin-sdk' or its corresponding type declarations.
extensions/zalo/index.ts(1,36): error TS2307: Cannot find module 'openclaw/plugin-sdk' or its corresponding type declarations.
extensions/zalo/index.ts(2,41): error TS2307: Cannot find module 'openclaw/plugin-sdk' or its corresponding type declarations.
extensions/zalo/src/accounts.ts(1,33): error TS2307: Cannot find module 'openclaw/plugin-sdk' or its corresponding type declarations.
extensions/zalo/src/accounts.ts(2,56): error TS2307: Cannot find module 'openclaw/plugin-sdk/account-id' or its corresponding type declarations.
extensions/zalo/src/actions.ts(5,8): error TS2307: Cannot find module 'openclaw/plugin-sdk' or its corresponding type declarations.
extensions/zalo/src/actions.ts(6,45): error TS2307: Cannot find module 'openclaw/plugin-sdk' or its corresponding type declarations.
extensions/zalo/src/actions.ts(19,19): error TS7031: Binding element 'cfg' implicitly has an 'any' type.
extensions/zalo/src/actions.ts(28,23): error TS7031: Binding element 'args' implicitly has an 'any' type.
extensions/zalo/src/actions.ts(40,26): error TS7031: Binding element 'action' implicitly has an 'any' type.
extensions/zalo/src/actions.ts(40,34): error TS7031: Binding element 'params' implicitly has an 'any' type.
extensions/zalo/src/actions.ts(40,42): error TS7031: Binding element 'cfg' implicitly has an 'any' type.
extensions/zalo/src/actions.ts(40,47): error TS7031: Binding element 'accountId' implicitly has an 'any' type.
extensions/zalo/src/channel.ts(6,8): error TS2307: Cannot find module 'openclaw/plugin-sdk' or its corresponding type declarations.
extensions/zalo/src/channel.ts(20,8): error TS2307: Cannot find module 'openclaw/plugin-sdk' or its corresponding type declarations.
extensions/zalo/src/channel.ts(64,26): error TS7031: Binding element 'cfg' implicitly has an 'any' type.
extensions/zalo/src/channel.ts(64,31): error TS7031: Binding element 'accountId' implicitly has an 'any' type.
extensions/zalo/src/channel.ts(68,25): error TS7031: Binding element 'allowFrom' implicitly has an 'any' type.
extensions/zalo/src/channel.ts(95,22): error TS7006: Parameter 'cfg' implicitly has an 'any' type.
extensions/zalo/src/channel.ts(96,22): error TS7006: Parameter 'cfg' implicitly has an 'any' type.
extensions/zalo/src/channel.ts(96,27): error TS7006: Parameter 'accountId' implicitly has an 'any' type.
extensions/zalo/src/channel.ts(97,24): error TS7006: Parameter 'cfg' implicitly has an 'any' type.
extensions/zalo/src/channel.ts(98,27): error TS7031: Binding element 'cfg' implicitly has an 'any' type.
extensions/zalo/src/channel.ts(98,32): error TS7031: Binding element 'accountId' implicitly has an 'any' type.
extensions/zalo/src/channel.ts(98,43): error TS7031: Binding element 'enabled' implicitly has an 'any' type.
extensions/zalo/src/channel.ts(106,23): error TS7031: Binding element 'cfg' implicitly has an 'any' type.
extensions/zalo/src/channel.ts(106,28): error TS7031: Binding element 'accountId' implicitly has an 'any' type.
extensions/zalo/src/channel.ts(113,20): error TS7006: Parameter 'account' implicitly has an 'any' type.
extensions/zalo/src/channel.ts(114,23): error TS7006: Parameter 'account' implicitly has an 'any' type.
extensions/zalo/src/channel.ts(121,26): error TS7031: Binding element 'cfg' implicitly has an 'any' type.
extensions/zalo/src/channel.ts(121,31): error TS7031: Binding element 'accountId' implicitly has an 'any' type.
extensions/zalo/src/channel.ts(125,25): error TS7031: Binding element 'allowFrom' implicitly has an 'any' type.
extensions/zalo/src/channel.ts(129,25): error TS7031: Binding element 'cfg' implicitly has an 'any' type.
extensions/zalo/src/channel.ts(129,30): error TS7031: Binding element 'accountId' implicitly has an 'any' type.
extensions/zalo/src/channel.ts(129,41): error TS7031: Binding element 'account' implicitly has an 'any' type.
extensions/zalo/src/channel.ts(142,26): error TS7006: Parameter 'raw' implicitly has an 'any' type.
extensions/zalo/src/channel.ts(156,21): error TS7006: Parameter 'raw' implicitly has an 'any' type.
extensions/zalo/src/channel.ts(168,25): error TS7031: Binding element 'cfg' implicitly has an 'any' type.
extensions/zalo/src/channel.ts(168,30): error TS7031: Binding element 'accountId' implicitly has an 'any' type.
extensions/zalo/src/channel.ts(168,41): error TS7031: Binding element 'query' implicitly has an 'any' type.
extensions/zalo/src/channel.ts(168,48): error TS7031: Binding element 'limit' implicitly has an 'any' type.
extensions/zalo/src/channel.ts(187,26): error TS7031: Binding element 'accountId' implicitly has an 'any' type.
extensions/zalo/src/channel.ts(188,26): error TS7031: Binding element 'cfg' implicitly has an 'any' type.
extensions/zalo/src/channel.ts(188,31): error TS7031: Binding element 'accountId' implicitly has an 'any' type.
extensions/zalo/src/channel.ts(188,42): error TS7031: Binding element 'name' implicitly has an 'any' type.
extensions/zalo/src/channel.ts(195,23): error TS7031: Binding element 'accountId' implicitly has an 'any' type.
extensions/zalo/src/channel.ts(195,34): error TS7031: Binding element 'input' implicitly has an 'any' type.
extensions/zalo/src/channel.ts(204,28): error TS7031: Binding element 'cfg' implicitly has an 'any' type.
extensions/zalo/src/channel.ts(204,33): error TS7031: Binding element 'accountId' implicitly has an 'any' type.
extensions/zalo/src/channel.ts(204,44): error TS7031: Binding element 'input' implicitly has an 'any' type.
extensions/zalo/src/channel.ts(263,27): error TS7006: Parameter 'entry' implicitly has an 'any' type.
extensions/zalo/src/channel.ts(264,30): error TS7031: Binding element 'cfg' implicitly has an 'any' type.
extensions/zalo/src/channel.ts(264,35): error TS7031: Binding element 'id' implicitly has an 'any' type.
extensions/zalo/src/channel.ts(277,24): error TS7031: Binding element 'to' implicitly has an 'any' type.
extensions/zalo/src/channel.ts(277,28): error TS7031: Binding element 'text' implicitly has an 'any' type.
extensions/zalo/src/channel.ts(277,34): error TS7031: Binding element 'accountId' implicitly has an 'any' type.
extensions/zalo/src/channel.ts(277,45): error TS7031: Binding element 'cfg' implicitly has an 'any' type.
extensions/zalo/src/channel.ts(289,25): error TS7031: Binding element 'to' implicitly has an 'any' type.
extensions/zalo/src/channel.ts(289,29): error TS7031: Binding element 'text' implicitly has an 'any' type.
extensions/zalo/src/channel.ts(289,35): error TS7031: Binding element 'mediaUrl' implicitly has an 'any' type.
extensions/zalo/src/channel.ts(289,45): error TS7031: Binding element 'accountId' implicitly has an 'any' type.
extensions/zalo/src/channel.ts(289,56): error TS7031: Binding element 'cfg' implicitly has an 'any' type.
extensions/zalo/src/channel.ts(312,29): error TS7031: Binding element 'snapshot' implicitly has an 'any' type.
extensions/zalo/src/channel.ts(323,28): error TS7031: Binding element 'account' implicitly has an 'any' type.
extensions/zalo/src/channel.ts(323,37): error TS7031: Binding element 'timeoutMs' implicitly has an 'any' type.
extensions/zalo/src/channel.ts(325,30): error TS7031: Binding element 'account' implicitly has an 'any' type.
extensions/zalo/src/channel.ts(325,39): error TS7031: Binding element 'runtime' implicitly has an 'any' type.
extensions/zalo/src/channel.ts(345,26): error TS7006: Parameter 'ctx' implicitly has an 'any' type.
extensions/zalo/src/config-schema.ts(1,38): error TS2307: Cannot find module 'openclaw/plugin-sdk' or its corresponding type declarations.
extensions/zalo/src/monitor.ts(2,52): error TS2307: Cannot find module 'openclaw/plugin-sdk' or its corresponding type declarations.
extensions/zalo/src/monitor.ts(9,8): error TS2307: Cannot find module 'openclaw/plugin-sdk' or its corresponding type declarations.
extensions/zalo/src/monitor.ts(540,21): error TS7006: Parameter 'err' implicitly has an 'any' type.
extensions/zalo/src/monitor.ts(562,23): error TS7006: Parameter 'payload' implicitly has an 'any' type.
extensions/zalo/src/monitor.ts(576,17): error TS7006: Parameter 'err' implicitly has an 'any' type.
extensions/zalo/src/monitor.ts(576,22): error TS7006: Parameter 'info' implicitly has an 'any' type.
extensions/zalo/src/onboarding.ts(6,8): error TS2307: Cannot find module 'openclaw/plugin-sdk' or its corresponding type declarations.
extensions/zalo/src/onboarding.ts(12,8): error TS2307: Cannot find module 'openclaw/plugin-sdk' or its corresponding type declarations.
extensions/zalo/src/onboarding.ts(138,16): error TS7006: Parameter 'value' implicitly has an 'any' type.
extensions/zalo/src/onboarding.ts(197,16): error TS7006: Parameter 'cfg' implicitly has an 'any' type.
extensions/zalo/src/onboarding.ts(198,15): error TS7006: Parameter 'cfg' implicitly has an 'any' type.
extensions/zalo/src/onboarding.ts(198,20): error TS7006: Parameter 'policy' implicitly has an 'any' type.
extensions/zalo/src/onboarding.ts(199,29): error TS7031: Binding element 'cfg' implicitly has an 'any' type.
extensions/zalo/src/onboarding.ts(199,34): error TS7031: Binding element 'prompter' implicitly has an 'any' type.
extensions/zalo/src/onboarding.ts(199,44): error TS7031: Binding element 'accountId' implicitly has an 'any' type.
extensions/zalo/src/onboarding.ts(215,23): error TS7031: Binding element 'cfg' implicitly has an 'any' type.
extensions/zalo/src/onboarding.ts(228,5): error TS7031: Binding element 'cfg' implicitly has an 'any' type.
extensions/zalo/src/onboarding.ts(229,5): error TS7031: Binding element 'prompter' implicitly has an 'any' type.
extensions/zalo/src/onboarding.ts(230,5): error TS7031: Binding element 'accountOverrides' implicitly has an 'any' type.
extensions/zalo/src/onboarding.ts(231,5): error TS7031: Binding element 'shouldPromptAccountIds' implicitly has an 'any' type.
extensions/zalo/src/onboarding.ts(232,5): error TS7031: Binding element 'forceAllowFrom' implicitly has an 'any' type.
extensions/zalo/src/onboarding.ts(281,24): error TS7006: Parameter 'value' implicitly has an 'any' type.
extensions/zalo/src/onboarding.ts(294,24): error TS7006: Parameter 'value' implicitly has an 'any' type.
extensions/zalo/src/onboarding.ts(302,22): error TS7006: Parameter 'value' implicitly has an 'any' type.
extensions/zalo/src/onboarding.ts(350,22): error TS7006: Parameter 'value' implicitly has an 'any' type.
extensions/zalo/src/onboarding.ts(364,22): error TS7006: Parameter 'value' implicitly has an 'any' type.
extensions/zalo/src/probe.ts(1,38): error TS2307: Cannot find module 'openclaw/plugin-sdk' or its corresponding type declarations.
extensions/zalo/src/runtime.ts(1,36): error TS2307: Cannot find module 'openclaw/plugin-sdk' or its corresponding type declarations.
extensions/zalo/src/send.ts(1,33): error TS2307: Cannot find module 'openclaw/plugin-sdk' or its corresponding type declarations.
extensions/zalo/src/status-issues.ts(1,65): error TS2307: Cannot find module 'openclaw/plugin-sdk' or its corresponding type declarations.
extensions/zalo/src/token.ts(2,62): error TS2307: Cannot find module 'openclaw/plugin-sdk' or its corresponding type declarations.
extensions/zalouser/index.ts(1,50): error TS2307: Cannot find module 'openclaw/plugin-sdk' or its corresponding type declarations.
extensions/zalouser/index.ts(2,41): error TS2307: Cannot find module 'openclaw/plugin-sdk' or its corresponding type declarations.
extensions/zalouser/src/accounts.ts(1,33): error TS2307: Cannot find module 'openclaw/plugin-sdk' or its corresponding type declarations.
extensions/zalouser/src/accounts.ts(2,56): error TS2307: Cannot find module 'openclaw/plugin-sdk/account-id' or its corresponding type declarations.
extensions/zalouser/src/channel.ts(9,8): error TS2307: Cannot find module 'openclaw/plugin-sdk' or its corresponding type declarations.
extensions/zalouser/src/channel.ts(22,8): error TS2307: Cannot find module 'openclaw/plugin-sdk' or its corresponding type declarations.
extensions/zalouser/src/channel.ts(118,26): error TS7031: Binding element 'cfg' implicitly has an 'any' type.
extensions/zalouser/src/channel.ts(118,31): error TS7031: Binding element 'accountId' implicitly has an 'any' type.
extensions/zalouser/src/channel.ts(122,25): error TS7031: Binding element 'allowFrom' implicitly has an 'any' type.
extensions/zalouser/src/channel.ts(150,22): error TS7006: Parameter 'cfg' implicitly has an 'any' type.
extensions/zalouser/src/channel.ts(151,22): error TS7006: Parameter 'cfg' implicitly has an 'any' type.
extensions/zalouser/src/channel.ts(151,27): error TS7006: Parameter 'accountId' implicitly has an 'any' type.
extensions/zalouser/src/channel.ts(152,24): error TS7006: Parameter 'cfg' implicitly has an 'any' type.
extensions/zalouser/src/channel.ts(153,27): error TS7031: Binding element 'cfg' implicitly has an 'any' type.
extensions/zalouser/src/channel.ts(153,32): error TS7031: Binding element 'accountId' implicitly has an 'any' type.
extensions/zalouser/src/channel.ts(153,43): error TS7031: Binding element 'enabled' implicitly has an 'any' type.
extensions/zalouser/src/channel.ts(161,23): error TS7031: Binding element 'cfg' implicitly has an 'any' type.
extensions/zalouser/src/channel.ts(161,28): error TS7031: Binding element 'accountId' implicitly has an 'any' type.
extensions/zalouser/src/channel.ts(176,26): error TS7006: Parameter 'account' implicitly has an 'any' type.
extensions/zalouser/src/channel.ts(184,23): error TS7006: Parameter 'account' implicitly has an 'any' type.
extensions/zalouser/src/channel.ts(190,26): error TS7031: Binding element 'cfg' implicitly has an 'any' type.
extensions/zalouser/src/channel.ts(190,31): error TS7031: Binding element 'accountId' implicitly has an 'any' type.
extensions/zalouser/src/channel.ts(194,25): error TS7031: Binding element 'allowFrom' implicitly has an 'any' type.
extensions/zalouser/src/channel.ts(198,25): error TS7031: Binding element 'cfg' implicitly has an 'any' type.
extensions/zalouser/src/channel.ts(198,30): error TS7031: Binding element 'accountId' implicitly has an 'any' type.
extensions/zalouser/src/channel.ts(198,41): error TS7031: Binding element 'account' implicitly has an 'any' type.
extensions/zalouser/src/channel.ts(211,26): error TS7006: Parameter 'raw' implicitly has an 'any' type.
extensions/zalouser/src/channel.ts(223,26): error TS7031: Binding element 'accountId' implicitly has an 'any' type.
extensions/zalouser/src/channel.ts(224,26): error TS7031: Binding element 'cfg' implicitly has an 'any' type.
extensions/zalouser/src/channel.ts(224,31): error TS7031: Binding element 'accountId' implicitly has an 'any' type.
extensions/zalouser/src/channel.ts(224,42): error TS7031: Binding element 'name' implicitly has an 'any' type.
extensions/zalouser/src/channel.ts(232,28): error TS7031: Binding element 'cfg' implicitly has an 'any' type.
extensions/zalouser/src/channel.ts(232,33): error TS7031: Binding element 'accountId' implicitly has an 'any' type.
extensions/zalouser/src/channel.ts(232,44): error TS7031: Binding element 'input' implicitly has an 'any' type.
extensions/zalouser/src/channel.ts(278,23): error TS7006: Parameter 'raw' implicitly has an 'any' type.
extensions/zalouser/src/channel.ts(286,21): error TS7006: Parameter 'raw' implicitly has an 'any' type.
extensions/zalouser/src/channel.ts(297,20): error TS7031: Binding element 'cfg' implicitly has an 'any' type.
extensions/zalouser/src/channel.ts(297,25): error TS7031: Binding element 'accountId' implicitly has an 'any' type.
extensions/zalouser/src/channel.ts(297,36): error TS7031: Binding element 'runtime' implicitly has an 'any' type.
extensions/zalouser/src/channel.ts(322,25): error TS7031: Binding element 'cfg' implicitly has an 'any' type.
extensions/zalouser/src/channel.ts(322,30): error TS7031: Binding element 'accountId' implicitly has an 'any' type.
extensions/zalouser/src/channel.ts(322,41): error TS7031: Binding element 'query' implicitly has an 'any' type.
extensions/zalouser/src/channel.ts(322,48): error TS7031: Binding element 'limit' implicitly has an 'any' type.
extensions/zalouser/src/channel.ts(346,26): error TS7031: Binding element 'cfg' implicitly has an 'any' type.
extensions/zalouser/src/channel.ts(346,31): error TS7031: Binding element 'accountId' implicitly has an 'any' type.
extensions/zalouser/src/channel.ts(346,42): error TS7031: Binding element 'query' implicitly has an 'any' type.
extensions/zalouser/src/channel.ts(346,49): error TS7031: Binding element 'limit' implicitly has an 'any' type.
extensions/zalouser/src/channel.ts(375,32): error TS7031: Binding element 'cfg' implicitly has an 'any' type.
extensions/zalouser/src/channel.ts(375,37): error TS7031: Binding element 'accountId' implicitly has an 'any' type.
extensions/zalouser/src/channel.ts(375,48): error TS7031: Binding element 'groupId' implicitly has an 'any' type.
extensions/zalouser/src/channel.ts(375,57): error TS7031: Binding element 'limit' implicitly has an 'any' type.
extensions/zalouser/src/channel.ts(412,30): error TS7031: Binding element 'cfg' implicitly has an 'any' type.
extensions/zalouser/src/channel.ts(412,35): error TS7031: Binding element 'accountId' implicitly has an 'any' type.
extensions/zalouser/src/channel.ts(412,46): error TS7031: Binding element 'inputs' implicitly has an 'any' type.
extensions/zalouser/src/channel.ts(412,54): error TS7031: Binding element 'kind' implicitly has an 'any' type.
extensions/zalouser/src/channel.ts(412,60): error TS7031: Binding element 'runtime' implicitly has an 'any' type.
extensions/zalouser/src/channel.ts(483,27): error TS7006: Parameter 'entry' implicitly has an 'any' type.
extensions/zalouser/src/channel.ts(484,30): error TS7031: Binding element 'cfg' implicitly has an 'any' type.
extensions/zalouser/src/channel.ts(484,35): error TS7031: Binding element 'id' implicitly has an 'any' type.
extensions/zalouser/src/channel.ts(496,21): error TS7031: Binding element 'cfg' implicitly has an 'any' type.
extensions/zalouser/src/channel.ts(496,26): error TS7031: Binding element 'accountId' implicitly has an 'any' type.
extensions/zalouser/src/channel.ts(496,37): error TS7031: Binding element 'runtime' implicitly has an 'any' type.
extensions/zalouser/src/channel.ts(521,24): error TS7031: Binding element 'to' implicitly has an 'any' type.
extensions/zalouser/src/channel.ts(521,28): error TS7031: Binding element 'text' implicitly has an 'any' type.
extensions/zalouser/src/channel.ts(521,34): error TS7031: Binding element 'accountId' implicitly has an 'any' type.
extensions/zalouser/src/channel.ts(521,45): error TS7031: Binding element 'cfg' implicitly has an 'any' type.
extensions/zalouser/src/channel.ts(531,25): error TS7031: Binding element 'to' implicitly has an 'any' type.
extensions/zalouser/src/channel.ts(531,29): error TS7031: Binding element 'text' implicitly has an 'any' type.
extensions/zalouser/src/channel.ts(531,35): error TS7031: Binding element 'mediaUrl' implicitly has an 'any' type.
extensions/zalouser/src/channel.ts(531,45): error TS7031: Binding element 'accountId' implicitly has an 'any' type.
extensions/zalouser/src/channel.ts(531,56): error TS7031: Binding element 'cfg' implicitly has an 'any' type.
extensions/zalouser/src/channel.ts(554,29): error TS7031: Binding element 'snapshot' implicitly has an 'any' type.
extensions/zalouser/src/channel.ts(563,28): error TS7031: Binding element 'account' implicitly has an 'any' type.
extensions/zalouser/src/channel.ts(563,37): error TS7031: Binding element 'timeoutMs' implicitly has an 'any' type.
extensions/zalouser/src/channel.ts(564,36): error TS7031: Binding element 'account' implicitly has an 'any' type.
extensions/zalouser/src/channel.ts(564,45): error TS7031: Binding element 'runtime' implicitly has an 'any' type.
extensions/zalouser/src/channel.ts(584,26): error TS7006: Parameter 'ctx' implicitly has an 'any' type.
extensions/zalouser/src/channel.ts(609,30): error TS7006: Parameter 'params' implicitly has an 'any' type.
extensions/zalouser/src/channel.ts(626,29): error TS7006: Parameter 'params' implicitly has an 'any' type.
extensions/zalouser/src/channel.ts(638,27): error TS7006: Parameter 'ctx' implicitly has an 'any' type.
extensions/zalouser/src/config-schema.ts(1,56): error TS2307: Cannot find module 'openclaw/plugin-sdk' or its corresponding type declarations.
extensions/zalouser/src/monitor.ts(2,64): error TS2307: Cannot find module 'openclaw/plugin-sdk' or its corresponding type declarations.
extensions/zalouser/src/monitor.ts(3,76): error TS2307: Cannot find module 'openclaw/plugin-sdk' or its corresponding type declarations.
extensions/zalouser/src/monitor.ts(333,21): error TS7006: Parameter 'err' implicitly has an 'any' type.
extensions/zalouser/src/monitor.ts(350,23): error TS7006: Parameter 'payload' implicitly has an 'any' type.
extensions/zalouser/src/monitor.ts(368,17): error TS7006: Parameter 'err' implicitly has an 'any' type.
extensions/zalouser/src/monitor.ts(368,22): error TS7006: Parameter 'info' implicitly has an 'any' type.
extensions/zalouser/src/onboarding.ts(6,8): error TS2307: Cannot find module 'openclaw/plugin-sdk' or its corresponding type declarations.
extensions/zalouser/src/onboarding.ts(13,8): error TS2307: Cannot find module 'openclaw/plugin-sdk' or its corresponding type declarations.
extensions/zalouser/src/onboarding.ts(112,18): error TS7006: Parameter 'value' implicitly has an 'any' type.
extensions/zalouser/src/onboarding.ts(291,16): error TS7006: Parameter 'cfg' implicitly has an 'any' type.
extensions/zalouser/src/onboarding.ts(292,15): error TS7006: Parameter 'cfg' implicitly has an 'any' type.
extensions/zalouser/src/onboarding.ts(292,20): error TS7006: Parameter 'policy' implicitly has an 'any' type.
extensions/zalouser/src/onboarding.ts(293,29): error TS7031: Binding element 'cfg' implicitly has an 'any' type.
extensions/zalouser/src/onboarding.ts(293,34): error TS7031: Binding element 'prompter' implicitly has an 'any' type.
extensions/zalouser/src/onboarding.ts(293,44): error TS7031: Binding element 'accountId' implicitly has an 'any' type.
extensions/zalouser/src/onboarding.ts(309,23): error TS7031: Binding element 'cfg' implicitly has an 'any' type.
extensions/zalouser/src/onboarding.ts(329,5): error TS7031: Binding element 'cfg' implicitly has an 'any' type.
extensions/zalouser/src/onboarding.ts(330,5): error TS7031: Binding element 'prompter' implicitly has an 'any' type.
extensions/zalouser/src/onboarding.ts(331,5): error TS7031: Binding element 'accountOverrides' implicitly has an 'any' type.
extensions/zalouser/src/onboarding.ts(332,5): error TS7031: Binding element 'shouldPromptAccountIds' implicitly has an 'any' type.
extensions/zalouser/src/onboarding.ts(333,5): error TS7031: Binding element 'forceAllowFrom' implicitly has an 'any' type.
extensions/zalouser/src/probe.ts(1,38): error TS2307: Cannot find module 'openclaw/plugin-sdk' or its corresponding type declarations.
extensions/zalouser/src/runtime.ts(1,36): error TS2307: Cannot find module 'openclaw/plugin-sdk' or its corresponding type declarations.
extensions/zalouser/src/status-issues.ts(1,65): error TS2307: Cannot find module 'openclaw/plugin-sdk' or its corresponding type declarations.
extensions/zalouser/src/zca.ts(2,27): error TS2307: Cannot find module 'openclaw/plugin-sdk' or its corresponding type declarations.
src/autonomous/approval.ts(46,7): error TS2741: Property 'device_click_image' is missing in type '{ device_click: "auto"; device_double_click: "auto"; device_right_click: "auto"; device_type: "auto"; device_press_key: "auto"; device_hotkey: "auto"; device_scroll: "auto"; device_drag: "auto"; ... 7 more ...; device_maximize_window: "auto"; }' but required in type 'Record<DeviceActionType, ApprovalLevel>'.
src/autonomous/security/network-recon.ts(316,25): error TS2488: Type 'string[] | string[][] | CaaRecord[] | MxRecord[] | NaptrRecord[] | SoaRecord | SrvRecord[] | TlsaRecord[] | AnyRecord[]' must have a '[Symbol.iterator]()' method that returns an iterator.
src/config/redact-snapshot.ts(1,15): error TS2305: Module '"./types.autonomous.js"' has no exported member 'ConfigFileSnapshot'.
src/gateway/server-methods/config.ts(1,15): error TS2305: Module '"../../config/types.autonomous.js"' has no exported member 'AGDIConfig'.
